Archive member included to satisfy reference by file (symbol)

c:/st/stm32cubeide_1.11.0/stm32cubeide/plugins/com.st.stm32cube.ide.mcu.externaltools.gnu-tools-for-stm32.10.3-2021.10.win32_1.0.100.202210260954/tools/bin/../lib/gcc/arm-none-eabi/10.3.1/../../../../arm-none-eabi/lib/thumb/v7e-m+fp/hard\libc_nano.a(lib_a-errno.o)
                              ./Core/Src/syscalls.o (__errno)
c:/st/stm32cubeide_1.11.0/stm32cubeide/plugins/com.st.stm32cube.ide.mcu.externaltools.gnu-tools-for-stm32.10.3-2021.10.win32_1.0.100.202210260954/tools/bin/../lib/gcc/arm-none-eabi/10.3.1/../../../../arm-none-eabi/lib/thumb/v7e-m+fp/hard\libc_nano.a(lib_a-exit.o)
                              c:/st/stm32cubeide_1.11.0/stm32cubeide/plugins/com.st.stm32cube.ide.mcu.externaltools.gnu-tools-for-stm32.10.3-2021.10.win32_1.0.100.202210260954/tools/bin/../lib/gcc/arm-none-eabi/10.3.1/../../../../arm-none-eabi/lib/thumb/v7e-m+fp/hard/crt0.o (exit)
c:/st/stm32cubeide_1.11.0/stm32cubeide/plugins/com.st.stm32cube.ide.mcu.externaltools.gnu-tools-for-stm32.10.3-2021.10.win32_1.0.100.202210260954/tools/bin/../lib/gcc/arm-none-eabi/10.3.1/../../../../arm-none-eabi/lib/thumb/v7e-m+fp/hard\libc_nano.a(lib_a-impure.o)
                              c:/st/stm32cubeide_1.11.0/stm32cubeide/plugins/com.st.stm32cube.ide.mcu.externaltools.gnu-tools-for-stm32.10.3-2021.10.win32_1.0.100.202210260954/tools/bin/../lib/gcc/arm-none-eabi/10.3.1/../../../../arm-none-eabi/lib/thumb/v7e-m+fp/hard\libc_nano.a(lib_a-exit.o) (_global_impure_ptr)
c:/st/stm32cubeide_1.11.0/stm32cubeide/plugins/com.st.stm32cube.ide.mcu.externaltools.gnu-tools-for-stm32.10.3-2021.10.win32_1.0.100.202210260954/tools/bin/../lib/gcc/arm-none-eabi/10.3.1/../../../../arm-none-eabi/lib/thumb/v7e-m+fp/hard\libc_nano.a(lib_a-init.o)
                              c:/st/stm32cubeide_1.11.0/stm32cubeide/plugins/com.st.stm32cube.ide.mcu.externaltools.gnu-tools-for-stm32.10.3-2021.10.win32_1.0.100.202210260954/tools/bin/../lib/gcc/arm-none-eabi/10.3.1/../../../../arm-none-eabi/lib/thumb/v7e-m+fp/hard/crt0.o (__libc_init_array)
c:/st/stm32cubeide_1.11.0/stm32cubeide/plugins/com.st.stm32cube.ide.mcu.externaltools.gnu-tools-for-stm32.10.3-2021.10.win32_1.0.100.202210260954/tools/bin/../lib/gcc/arm-none-eabi/10.3.1/../../../../arm-none-eabi/lib/thumb/v7e-m+fp/hard\libc_nano.a(lib_a-malloc.o)
                              ./Middlewares/ST/STM32_USB_Host_Library/Class/MSC/Src/usbh_msc.o (malloc)
c:/st/stm32cubeide_1.11.0/stm32cubeide/plugins/com.st.stm32cube.ide.mcu.externaltools.gnu-tools-for-stm32.10.3-2021.10.win32_1.0.100.202210260954/tools/bin/../lib/gcc/arm-none-eabi/10.3.1/../../../../arm-none-eabi/lib/thumb/v7e-m+fp/hard\libc_nano.a(lib_a-memcpy-stub.o)
                              ./Core/Src/cs43l22.o (memcpy)
c:/st/stm32cubeide_1.11.0/stm32cubeide/plugins/com.st.stm32cube.ide.mcu.externaltools.gnu-tools-for-stm32.10.3-2021.10.win32_1.0.100.202210260954/tools/bin/../lib/gcc/arm-none-eabi/10.3.1/../../../../arm-none-eabi/lib/thumb/v7e-m+fp/hard\libc_nano.a(lib_a-memset.o)
                              c:/st/stm32cubeide_1.11.0/stm32cubeide/plugins/com.st.stm32cube.ide.mcu.externaltools.gnu-tools-for-stm32.10.3-2021.10.win32_1.0.100.202210260954/tools/bin/../lib/gcc/arm-none-eabi/10.3.1/../../../../arm-none-eabi/lib/thumb/v7e-m+fp/hard/crt0.o (memset)
c:/st/stm32cubeide_1.11.0/stm32cubeide/plugins/com.st.stm32cube.ide.mcu.externaltools.gnu-tools-for-stm32.10.3-2021.10.win32_1.0.100.202210260954/tools/bin/../lib/gcc/arm-none-eabi/10.3.1/../../../../arm-none-eabi/lib/thumb/v7e-m+fp/hard\libc_nano.a(lib_a-nano-freer.o)
                              c:/st/stm32cubeide_1.11.0/stm32cubeide/plugins/com.st.stm32cube.ide.mcu.externaltools.gnu-tools-for-stm32.10.3-2021.10.win32_1.0.100.202210260954/tools/bin/../lib/gcc/arm-none-eabi/10.3.1/../../../../arm-none-eabi/lib/thumb/v7e-m+fp/hard\libc_nano.a(lib_a-malloc.o) (_free_r)
c:/st/stm32cubeide_1.11.0/stm32cubeide/plugins/com.st.stm32cube.ide.mcu.externaltools.gnu-tools-for-stm32.10.3-2021.10.win32_1.0.100.202210260954/tools/bin/../lib/gcc/arm-none-eabi/10.3.1/../../../../arm-none-eabi/lib/thumb/v7e-m+fp/hard\libc_nano.a(lib_a-nano-mallocr.o)
                              c:/st/stm32cubeide_1.11.0/stm32cubeide/plugins/com.st.stm32cube.ide.mcu.externaltools.gnu-tools-for-stm32.10.3-2021.10.win32_1.0.100.202210260954/tools/bin/../lib/gcc/arm-none-eabi/10.3.1/../../../../arm-none-eabi/lib/thumb/v7e-m+fp/hard\libc_nano.a(lib_a-malloc.o) (_malloc_r)
c:/st/stm32cubeide_1.11.0/stm32cubeide/plugins/com.st.stm32cube.ide.mcu.externaltools.gnu-tools-for-stm32.10.3-2021.10.win32_1.0.100.202210260954/tools/bin/../lib/gcc/arm-none-eabi/10.3.1/../../../../arm-none-eabi/lib/thumb/v7e-m+fp/hard\libc_nano.a(lib_a-sbrkr.o)
[...]
Memory Configuration

Name             Origin             Length             Attributes
CCMRAM           0x0000000010000000 0x0000000000010000 xrw
RAM              0x0000000020000000 0x0000000000020000 xrw
FLASH            0x0000000008000000 0x0000000000100000 xr
*default*        0x0000000000000000 0xffffffffffffffff

Linker script and memory map

LOAD c:/st/stm32cubeide_1.11.0/stm32cubeide/plugins/com.st.stm32cube.ide.mcu.externaltools.gnu-tools-for-stm32.10.3-2021.10.win32_1.0.100.202210260954/tools/bin/../lib/gcc/arm-none-eabi/10.3.1/thumb/v7e-m+fp/hard/crti.o
LOAD c:/st/stm32cubeide_1.11.0/stm32cubeide/plugins/com.st.stm32cube.ide.mcu.externaltools.gnu-tools-for-stm32.10.3-2021.10.win32_1.0.100.202210260954/tools/bin/../lib/gcc/arm-none-eabi/10.3.1/thumb/v7e-m+fp/hard/crtbegin.o
LOAD c:/st/stm32cubeide_1.11.0/stm32cubeide/plugins/com.st.stm32cube.ide.mcu.externaltools.gnu-tools-for-stm32.10.3-2021.10.win32_1.0.100.202210260954/tools/bin/../lib/gcc/arm-none-eabi/10.3.1/../../../../arm-none-eabi/lib/thumb/v7e-m+fp/hard/crt0.o
LOAD ./Core/Src/cs43l22.o
LOAD ./Core/Src/lcd.o
LOAD ./Core/Src/main.o
LOAD ./Core/Src/stm32f4xx_hal_msp.o
LOAD ./Core/Src/stm32f4xx_it.o
LOAD ./Core/Src/syscalls.o
LOAD ./Core/Src/sysmem.o
LOAD ./Core/Src/system_stm32f4xx.o
LOAD ./Core/Src/wav_player.o
LOAD ./Core/Startup/startup_stm32f407vgtx.o
LOAD ./Drivers/STM32F4xx_HAL_Driver/Src/stm32f4xx_hal.o
LOAD ./Drivers/STM32F4xx_HAL_Driver/Src/stm32f4xx_hal_cortex.o
LOAD ./Drivers/STM32F4xx_HAL_Driver/Src/stm32f4xx_hal_dac.o
LOAD ./Drivers/STM32F4xx_HAL_Driver/Src/stm32f4xx_hal_dac_ex.o
LOAD ./Drivers/STM32F4xx_HAL_Driver/Src/stm32f4xx_hal_dma.o
LOAD ./Drivers/STM32F4xx_HAL_Driver/Src/stm32f4xx_hal_dma_ex.o
LOAD ./Drivers/STM32F4xx_HAL_Driver/Src/stm32f4xx_hal_exti.o
LOAD ./Drivers/STM32F4xx_HAL_Driver/Src/stm32f4xx_hal_flash.o
LOAD ./Drivers/STM32F4xx_HAL_Driver/Src/stm32f4xx_hal_flash_ex.o
LOAD ./Drivers/STM32F4xx_HAL_Driver/Src/stm32f4xx_hal_flash_ramfunc.o
LOAD ./Drivers/STM32F4xx_HAL_Driver/Src/stm32f4xx_hal_gpio.o
LOAD ./Drivers/STM32F4xx_HAL_Driver/Src/stm32f4xx_hal_hcd.o
LOAD ./Drivers/STM32F4xx_HAL_Driver/Src/stm32f4xx_hal_i2c.o
LOAD ./Drivers/STM32F4xx_HAL_Driver/Src/stm32f4xx_hal_i2c_ex.o
LOAD ./Drivers/STM32F4xx_HAL_Driver/Src/stm32f4xx_hal_i2s.o
LOAD ./Drivers/STM32F4xx_HAL_Driver/Src/stm32f4xx_hal_i2s_ex.o
LOAD ./Drivers/STM32F4xx_HAL_Driver/Src/stm32f4xx_hal_pwr.o
LOAD ./Drivers/STM32F4xx_HAL_Driver/Src/stm32f4xx_hal_pwr_ex.o
LOAD ./Drivers/STM32F4xx_HAL_Driver/Src/stm32f4xx_hal_rcc.o
LOAD ./Drivers/STM32F4xx_HAL_Driver/Src/stm32f4xx_hal_rcc_ex.o
LOAD ./Drivers/STM32F4xx_HAL_Driver/Src/stm32f4xx_hal_tim.o
LOAD ./Drivers/STM32F4xx_HAL_Driver/Src/stm32f4xx_hal_tim_ex.o
LOAD ./Drivers/STM32F4xx_HAL_Driver/Src/stm32f4xx_ll_usb.o
LOAD ./FATFS/App/fatfs.o
LOAD ./FATFS/Target/usbh_diskio.o
LOAD ./Middlewares/ST/STM32_USB_Host_Library/Class/MSC/Src/usbh_msc.o
LOAD ./Middlewares/ST/STM32_USB_Host_Library/Class/MSC/Src/usbh_msc_bot.o
LOAD ./Middlewares/ST/STM32_USB_Host_Library/Class/MSC/Src/usbh_msc_scsi.o
LOAD ./Middlewares/ST/STM32_USB_Host_Library/Core/Src/usbh_core.o
LOAD ./Middlewares/ST/STM32_USB_Host_Library/Core/Src/usbh_ctlreq.o
LOAD ./Middlewares/ST/STM32_USB_Host_Library/Core/Src/usbh_ioreq.o
LOAD ./Middlewares/ST/STM32_USB_Host_Library/Core/Src/usbh_pipes.o
LOAD ./Middlewares/Third_Party/FatFs/src/diskio.o
LOAD ./Middlewares/Third_Party/FatFs/src/ff.o
LOAD ./Middlewares/Third_Party/FatFs/src/ff_gen_drv.o
LOAD ./Middlewares/Third_Party/FatFs/src/option/syscall.o
LOAD ./USB_HOST/App/usb_host.o
LOAD ./USB_HOST/Target/usbh_conf.o
START GROUP
LOAD c:/st/stm32cubeide_1.11.0/stm32cubeide/plugins/com.st.stm32cube.ide.mcu.externaltools.gnu-tools-for-stm32.10.3-2021.10.win32_1.0.100.202210260954/tools/bin/../lib/gcc/arm-none-eabi/10.3.1/../../../../arm-none-eabi/lib/thumb/v7e-m+fp/hard\libc_nano.a
LOAD c:/st/stm32cubeide_1.11.0/stm32cubeide/plugins/com.st.stm32cube.ide.mcu.externaltools.gnu-tools-for-stm32.10.3-2021.10.win32_1.0.100.202210260954/tools/bin/../lib/gcc/arm-none-eabi/10.3.1/../../../../arm-none-eabi/lib/thumb/v7e-m+fp/hard\libm.a
END GROUP
START GROUP
LOAD c:/st/stm32cubeide_1.11.0/stm32cubeide/plugins/com.st.stm32cube.ide.mcu.externaltools.gnu-tools-for-stm32.10.3-2021.10.win32_1.0.100.202210260954/tools/bin/../lib/gcc/arm-none-eabi/10.3.1/thumb/v7e-m+fp/hard\libgcc.a
LOAD c:/st/stm32cubeide_1.11.0/stm32cubeide/plugins/com.st.stm32cube.ide.mcu.externaltools.gnu-tools-for-stm32.10.3-2021.10.win32_1.0.100.202210260954/tools/bin/../lib/gcc/arm-none-eabi/10.3.1/../../../../arm-none-eabi/lib/thumb/v7e-m+fp/hard\libc_nano.a
END GROUP
START GROUP
LOAD c:/st/stm32cubeide_1.11.0/stm32cubeide/plugins/com.st.stm32cube.ide.mcu.externaltools.gnu-tools-for-stm32.10.3-2021.10.win32_1.0.100.202210260954/tools/bin/../lib/gcc/arm-none-eabi/10.3.1/thumb/v7e-m+fp/hard\libgcc.a
LOAD c:/st/stm32cubeide_1.11.0/stm32cubeide/plugins/com.st.stm32cube.ide.mcu.externaltools.gnu-tools-for-stm32.10.3-2021.10.win32_1.0.100.202210260954/tools/bin/../lib/gcc/arm-none-eabi/10.3.1/../../../../arm-none-eabi/lib/thumb/v7e-m+fp/hard\libc_nano.a
LOAD c:/st/stm32cubeide_1.11.0/stm32cubeide/plugins/com.st.stm32cube.ide.mcu.externaltools.gnu-tools-for-stm32.10.3-2021.10.win32_1.0.100.202210260954/tools/bin/../lib/gcc/arm-none-eabi/10.3.1/../../../../arm-none-eabi/lib/thumb/v7e-m+fp/hard\libnosys.a
END GROUP
START GROUP
LOAD c:/st/stm32cubeide_1.11.0/stm32cubeide/plugins/com.st.stm32cube.ide.mcu.externaltools.gnu-tools-for-stm32.10.3-2021.10.win32_1.0.100.202210260954/tools/bin/../lib/gcc/arm-none-eabi/10.3.1/thumb/v7e-m+fp/hard\libgcc.a
LOAD c:/st/stm32cubeide_1.11.0/stm32cubeide/plugins/com.st.stm32cube.ide.mcu.externaltools.gnu-tools-for-stm32.10.3-2021.10.win32_1.0.100.202210260954/tools/bin/../lib/gcc/arm-none-eabi/10.3.1/../../../../arm-none-eabi/lib/thumb/v7e-m+fp/hard\libc_nano.a
LOAD c:/st/stm32cubeide_1.11.0/stm32cubeide/plugins/com.st.stm32cube.ide.mcu.externaltools.gnu-tools-for-stm32.10.3-2021.10.win32_1.0.100.202210260954/tools/bin/../lib/gcc/arm-none-eabi/10.3.1/../../../../arm-none-eabi/lib/thumb/v7e-m+fp/hard\libnosys.a
END GROUP
LOAD c:/st/stm32cubeide_1.11.0/stm32cubeide/plugins/com.st.stm32cube.ide.mcu.externaltools.gnu-tools-for-stm32.10.3-2021.10.win32_1.0.100.202210260954/tools/bin/../lib/gcc/arm-none-eabi/10.3.1/thumb/v7e-m+fp/hard/crtend.o
LOAD c:/st/stm32cubeide_1.11.0/stm32cubeide/plugins/com.st.stm32cube.ide.mcu.externaltools.gnu-tools-for-stm32.10.3-2021.10.win32_1.0.100.202210260954/tools/bin/../lib/gcc/arm-none-eabi/10.3.1/thumb/v7e-m+fp/hard/crtn.o
                0x0000000020020000                _estack = (ORIGIN (RAM) + LENGTH (RAM))
                0x0000000000002000                _Min_Heap_Size = 0x2000
                0x0000000000002000                _Min_Stack_Size = 0x2000

.isr_vector     0x0000000008000000      0x188
                0x0000000008000000                . = ALIGN (0x4)
 *(.isr_vector)
 .isr_vector    0x0000000008000000      0x188 ./Core/Startup/startup_stm32f407vgtx.o
                0x0000000008000000                g_pfnVectors
                0x0000000008000188                . = ALIGN (0x4)

.text           0x0000000008000190     0xedd0
                0x0000000008000190                . = ALIGN (0x4)
 *(.text)
 .text          0x0000000008000190       0x40 c:/st/stm32cubeide_1.11.0/stm32cubeide/plugins/com.st.stm32cube.ide.mcu.externaltools.gnu-tools-for-stm32.10.3-2021.10.win32_1.0.100.202210260954/tools/bin/../lib/gcc/arm-none-eabi/10.3.1/thumb/v7e-m+fp/hard/crtbegin.o
 .text          0x00000000080001d0       0xa0 c:/st/stm32cubeide_1.11.0/stm32cubeide/plugins/com.st.stm32cube.ide.mcu.externaltools.gnu-tools-for-stm32.10.3-2021.10.win32_1.0.100.202210260954/tools/bin/../lib/gcc/arm-none-eabi/10.3.1/../../../../arm-none-eabi/lib/thumb/v7e-m+fp/hard\libc_nano.a(lib_a-memchr.o)
                0x00000000080001d0                memchr
 .text          0x0000000008000270       0x30 c:/st/stm32cubeide_1.11.0/stm32cubeide/plugins/com.st.stm32cube.ide.mcu.externaltools.gnu-tools-for-stm32.10.3-2021.10.win32_1.0.100.202210260954/tools/bin/../lib/gcc/arm-none-eabi/10.3.1/thumb/v7e-m+fp/hard\libgcc.a(_aeabi_uldivmod.o)
                0x0000000008000270                __aeabi_uldivmod
 .text          0x00000000080002a0      0x2d0 c:/st/stm32cubeide_1.11.0/stm32cubeide/plugins/com.st.stm32cube.ide.mcu.externaltools.gnu-tools-for-stm32.10.3-2021.10.win32_1.0.100.202210260954/tools/bin/../lib/gcc/arm-none-eabi/10.3.1/thumb/v7e-m+fp/hard\libgcc.a(_udivmoddi4.o)
                0x00000000080002a0                __udivmoddi4
 .text          0x0000000008000570        0x4 c:/st/stm32cubeide_1.11.0/stm32cubeide/plugins/com.st.stm32cube.ide.mcu.externaltools.gnu-tools-for-stm32.10.3-2021.10.win32_1.0.100.202210260954/tools/bin/../lib/gcc/arm-none-eabi/10.3.1/thumb/v7e-m+fp/hard\libgcc.a(_dvmd_tls.o)
                0x0000000008000570                __aeabi_idiv0
                0x0000000008000570                __aeabi_ldiv0
 *(.text*)
 .text.CS43_write_register
                0x0000000008000574       0x38 ./Core/Src/cs43l22.o
 .text.CS43_read_register
                0x00000000080005ac       0x40 ./Core/Src/cs43l22.o
 .text.CS43_init
                0x00000000080005ec      0x194 ./Core/Src/cs43l22.o
                0x00000000080005ec                CS43_init
 .text.CS43_set_volume
                0x0000000008000780       0x3a ./Core/Src/cs43l22.o
                0x0000000008000780                CS43_set_volume
 .text.CS43_start
                0x00000000080007ba       0x86 ./Core/Src/cs43l22.o
                0x00000000080007ba                CS43_start
 .text.CS43_stop
                0x0000000008000840       0x30 ./Core/Src/cs43l22.o
                0x0000000008000840                CS43_stop
 .text.delay_us
                0x0000000008000870       0x34 ./Core/Src/lcd.o
 .text.lcd_write
                0x00000000080008a4       0x9c ./Core/Src/lcd.o
 .text.lcd_send_cmd
                0x0000000008000940       0x30 ./Core/Src/lcd.o
 .text.lcd_send_data
                0x0000000008000970       0x30 ./Core/Src/lcd.o
 .text.lcd_clear
                0x00000000080009a0       0x14 ./Core/Src/lcd.o
                0x00000000080009a0                lcd_clear
 .text.lcd_update_cur
                0x00000000080009b4       0x2e ./Core/Src/lcd.o
                0x00000000080009b4                lcd_update_cur
 .text.lcd_init
                0x00000000080009e2       0x74 ./Core/Src/lcd.o
                0x00000000080009e2                lcd_init
 .text.lcd_write_string
                0x0000000008000a56       0x2a ./Core/Src/lcd.o
                0x0000000008000a56                lcd_write_string
 .text.display_song_info
                0x0000000008000a80       0x78 ./Core/Src/main.o
 .text.update_volume_display
                0x0000000008000af8       0x38 ./Core/Src/main.o
 .text.main     0x0000000008000b30      0x24c ./Core/Src/main.o
                0x0000000008000b30                main
 .text.SystemClock_Config
                0x0000000008000d7c       0xd4 ./Core/Src/main.o
                0x0000000008000d7c                SystemClock_Config
 .text.MX_DAC_Init
                0x0000000008000e50       0x54 ./Core/Src/main.o
 .text.MX_I2C1_Init
                0x0000000008000ea4       0x5c ./Core/Src/main.o
 .text.MX_I2S3_Init
                0x0000000008000f00       0x5c ./Core/Src/main.o
 .text.MX_TIM1_Init
                0x0000000008000f5c       0xa0 ./Core/Src/main.o
 .text.MX_DMA_Init
                0x0000000008000ffc       0x40 ./Core/Src/main.o
 .text.MX_GPIO_Init
                0x000000000800103c      0x1e0 ./Core/Src/main.o
 .text.HAL_GPIO_EXTI_Callback
                0x000000000800121c       0xec ./Core/Src/main.o
                0x000000000800121c                HAL_GPIO_EXTI_Callback
 .text.Error_Handler
                0x0000000008001308        0xa ./Core/Src/main.o
                0x0000000008001308                Error_Handler
 *fill*         0x0000000008001312        0x2 
 .text.HAL_MspInit
                0x0000000008001314       0x50 ./Core/Src/stm32f4xx_hal_msp.o
                0x0000000008001314                HAL_MspInit
 .text.HAL_DAC_MspInit
                0x0000000008001364       0x88 ./Core/Src/stm32f4xx_hal_msp.o
                0x0000000008001364                HAL_DAC_MspInit
 .text.HAL_I2C_MspInit
                0x00000000080013ec       0x90 ./Core/Src/stm32f4xx_hal_msp.o
                0x00000000080013ec                HAL_I2C_MspInit
 .text.HAL_I2S_MspInit
                0x000000000800147c      0x17c ./Core/Src/stm32f4xx_hal_msp.o
                0x000000000800147c                HAL_I2S_MspInit
 .text.HAL_TIM_Base_MspInit
                0x00000000080015f8       0x44 ./Core/Src/stm32f4xx_hal_msp.o
                0x00000000080015f8                HAL_TIM_Base_MspInit
 .text.NMI_Handler
                0x000000000800163c        0x6 ./Core/Src/stm32f4xx_it.o
                0x000000000800163c                NMI_Handler
 .text.HardFault_Handler
                0x0000000008001642        0x6 ./Core/Src/stm32f4xx_it.o
                0x0000000008001642                HardFault_Handler
 .text.MemManage_Handler
                0x0000000008001648        0x6 ./Core/Src/stm32f4xx_it.o
                0x0000000008001648                MemManage_Handler
 .text.BusFault_Handler
                0x000000000800164e        0x6 ./Core/Src/stm32f4xx_it.o
                0x000000000800164e                BusFault_Handler
 .text.UsageFault_Handler
                0x0000000008001654        0x6 ./Core/Src/stm32f4xx_it.o
                0x0000000008001654                UsageFault_Handler
 .text.SVC_Handler
                0x000000000800165a        0xe ./Core/Src/stm32f4xx_it.o
                0x000000000800165a                SVC_Handler
 .text.DebugMon_Handler
                0x0000000008001668        0xe ./Core/Src/stm32f4xx_it.o
                0x0000000008001668                DebugMon_Handler
 .text.PendSV_Handler
                0x0000000008001676        0xe ./Core/Src/stm32f4xx_it.o
                0x0000000008001676                PendSV_Handler
 .text.SysTick_Handler
                0x0000000008001684        0xc ./Core/Src/stm32f4xx_it.o
                0x0000000008001684                SysTick_Handler
 .text.EXTI1_IRQHandler
                0x0000000008001690        0xe ./Core/Src/stm32f4xx_it.o
                0x0000000008001690                EXTI1_IRQHandler
 .text.EXTI2_IRQHandler
                0x000000000800169e        0xe ./Core/Src/stm32f4xx_it.o
                0x000000000800169e                EXTI2_IRQHandler
 .text.EXTI3_IRQHandler
                0x00000000080016ac        0xe ./Core/Src/stm32f4xx_it.o
                0x00000000080016ac                EXTI3_IRQHandler
 .text.EXTI4_IRQHandler
                0x00000000080016ba        0xe ./Core/Src/stm32f4xx_it.o
                0x00000000080016ba                EXTI4_IRQHandler
 .text.DMA1_Stream5_IRQHandler
                0x00000000080016c8       0x14 ./Core/Src/stm32f4xx_it.o
                0x00000000080016c8                DMA1_Stream5_IRQHandler
 .text.OTG_FS_IRQHandler
                0x00000000080016dc       0x14 ./Core/Src/stm32f4xx_it.o
                0x00000000080016dc                OTG_FS_IRQHandler
 .text._sbrk    0x00000000080016f0       0x6c ./Core/Src/sysmem.o
                0x00000000080016f0                _sbrk
 .text.SystemInit
                0x000000000800175c       0x24 ./Core/Src/system_stm32f4xx.o
                0x000000000800175c                SystemInit
 .text.get_I2S_freq_index
                0x0000000008001780       0x44 ./Core/Src/wav_player.o
 .text.audio_clock_config
                0x00000000080017c4       0x60 ./Core/Src/wav_player.o
 .text.audio_adjust_freq
                0x0000000008001824       0x4c ./Core/Src/wav_player.o
 .text.audio_play
                0x0000000008001870       0x3c ./Core/Src/wav_player.o
 .text.audio_stop
                0x00000000080018ac       0x1c ./Core/Src/wav_player.o
 .text.audio_pause
                0x00000000080018c8       0x1c ./Core/Src/wav_player.o
 .text.audio_resume
                0x00000000080018e4       0x1c ./Core/Src/wav_player.o
 .text.wavPlayer_reset
                0x0000000008001900       0x30 ./Core/Src/wav_player.o
                0x0000000008001900                wavPlayer_reset
 .text.wavPlayer_openFile
                0x0000000008001930       0x54 ./Core/Src/wav_player.o
                0x0000000008001930                wavPlayer_openFile
 .text.wavPlayer_play
                0x0000000008001984       0x6c ./Core/Src/wav_player.o
                0x0000000008001984                wavPlayer_play
 .text.wavPlayer_proceed
                0x00000000080019f0       0xe0 ./Core/Src/wav_player.o
                0x00000000080019f0                wavPlayer_proceed
 .text.wavPlayer_stop
                0x0000000008001ad0       0x20 ./Core/Src/wav_player.o
                0x0000000008001ad0                wavPlayer_stop
 .text.wavPlayer_pause
                0x0000000008001af0        0xc ./Core/Src/wav_player.o
                0x0000000008001af0                wavPlayer_pause
 .text.wavPlayer_resume
                0x0000000008001afc        0xc ./Core/Src/wav_player.o
                0x0000000008001afc                wavPlayer_resume
 .text.wavPlayer_setVolume
                0x0000000008001b08       0x1a ./Core/Src/wav_player.o
                0x0000000008001b08                wavPlayer_setVolume
 *fill*         0x0000000008001b22        0x2 
 .text.is_wavPlayer_finished_Playing
                0x0000000008001b24       0x18 ./Core/Src/wav_player.o
                0x0000000008001b24                is_wavPlayer_finished_Playing
 .text.HAL_I2S_TxCpltCallback
                0x0000000008001b3c       0x2c ./Core/Src/wav_player.o
                0x0000000008001b3c                HAL_I2S_TxCpltCallback
 .text.HAL_I2S_TxHalfCpltCallback
                0x0000000008001b68       0x2c ./Core/Src/wav_player.o
                0x0000000008001b68                HAL_I2S_TxHalfCpltCallback
 .text.Reset_Handler
                0x0000000008001b94       0x50 ./Core/Startup/startup_stm32f407vgtx.o
                0x0000000008001b94                Reset_Handler
 .text.Default_Handler
                0x0000000008001be4        0x2 ./Core/Startup/startup_stm32f407vgtx.o
                0x0000000008001be4                RTC_Alarm_IRQHandler
                0x0000000008001be4                HASH_RNG_IRQHandler
                0x0000000008001be4                TIM8_CC_IRQHandler
                0x0000000008001be4                TIM1_CC_IRQHandler
                0x0000000008001be4                DMA2_Stream5_IRQHandler
                0x0000000008001be4                PVD_IRQHandler
                0x0000000008001be4                SDIO_IRQHandler
                0x0000000008001be4                TAMP_STAMP_IRQHandler
                0x0000000008001be4                CAN2_RX1_IRQHandler
                0x0000000008001be4                TIM8_TRG_COM_TIM14_IRQHandler
                0x0000000008001be4                TIM1_UP_TIM10_IRQHandler
                0x0000000008001be4                TIM8_UP_TIM13_IRQHandler
                0x0000000008001be4                I2C3_ER_IRQHandler
                0x0000000008001be4                EXTI0_IRQHandler
                0x0000000008001be4                I2C2_EV_IRQHandler
                0x0000000008001be4                DMA1_Stream2_IRQHandler
                0x0000000008001be4                CAN1_RX0_IRQHandler
                0x0000000008001be4                FPU_IRQHandler
                0x0000000008001be4                OTG_HS_WKUP_IRQHandler
                0x0000000008001be4                CAN2_SCE_IRQHandler
                0x0000000008001be4                DMA2_Stream2_IRQHandler
                0x0000000008001be4                SPI1_IRQHandler
                0x0000000008001be4                TIM6_DAC_IRQHandler
                0x0000000008001be4                TIM1_BRK_TIM9_IRQHandler
                0x0000000008001be4                DCMI_IRQHandler
                0x0000000008001be4                CAN2_RX0_IRQHandler
                0x0000000008001be4                DMA2_Stream3_IRQHandler
                0x0000000008001be4                USART6_IRQHandler
                0x0000000008001be4                USART3_IRQHandler
                0x0000000008001be4                CAN1_RX1_IRQHandler
                0x0000000008001be4                UART5_IRQHandler
                0x0000000008001be4                DMA2_Stream0_IRQHandler
                0x0000000008001be4                TIM4_IRQHandler
                0x0000000008001be4                I2C1_EV_IRQHandler
                0x0000000008001be4                DMA1_Stream6_IRQHandler
                0x0000000008001be4                DMA1_Stream1_IRQHandler
                0x0000000008001be4                UART4_IRQHandler
                0x0000000008001be4                TIM3_IRQHandler
                0x0000000008001be4                RCC_IRQHandler
                0x0000000008001be4                TIM8_BRK_TIM12_IRQHandler
                0x0000000008001be4                Default_Handler
                0x0000000008001be4                EXTI15_10_IRQHandler
                0x0000000008001be4                ADC_IRQHandler
                0x0000000008001be4                DMA1_Stream7_IRQHandler
                0x0000000008001be4                TIM7_IRQHandler
                0x0000000008001be4                CAN2_TX_IRQHandler
                0x0000000008001be4                TIM5_IRQHandler
                0x0000000008001be4                DMA2_Stream7_IRQHandler
                0x0000000008001be4                I2C3_EV_IRQHandler
                0x0000000008001be4                EXTI9_5_IRQHandler
                0x0000000008001be4                RTC_WKUP_IRQHandler
                0x0000000008001be4                ETH_WKUP_IRQHandler
                0x0000000008001be4                SPI2_IRQHandler
                0x0000000008001be4                OTG_HS_EP1_IN_IRQHandler
                0x0000000008001be4                DMA1_Stream0_IRQHandler
                0x0000000008001be4                CAN1_TX_IRQHandler
                0x0000000008001be4                FSMC_IRQHandler
                0x0000000008001be4                ETH_IRQHandler
                0x0000000008001be4                OTG_HS_EP1_OUT_IRQHandler
                0x0000000008001be4                WWDG_IRQHandler
                0x0000000008001be4                TIM2_IRQHandler
                0x0000000008001be4                OTG_FS_WKUP_IRQHandler
                0x0000000008001be4                TIM1_TRG_COM_TIM11_IRQHandler
                0x0000000008001be4                OTG_HS_IRQHandler
                0x0000000008001be4                USART2_IRQHandler
                0x0000000008001be4                I2C2_ER_IRQHandler
                0x0000000008001be4                DMA2_Stream1_IRQHandler
                0x0000000008001be4                CAN1_SCE_IRQHandler
                0x0000000008001be4                FLASH_IRQHandler
                0x0000000008001be4                DMA2_Stream4_IRQHandler
                0x0000000008001be4                USART1_IRQHandler
                0x0000000008001be4                SPI3_IRQHandler
                0x0000000008001be4                DMA1_Stream4_IRQHandler
                0x0000000008001be4                I2C1_ER_IRQHandler
                0x0000000008001be4                DMA2_Stream6_IRQHandler
                0x0000000008001be4                DMA1_Stream3_IRQHandler
 *fill*         0x0000000008001be6        0x2 
 .text.HAL_Init
                0x0000000008001be8       0x44 ./Drivers/STM32F4xx_HAL_Driver/Src/stm32f4xx_hal.o
                0x0000000008001be8                HAL_Init
 .text.HAL_InitTick
                0x0000000008001c2c       0x60 ./Drivers/STM32F4xx_HAL_Driver/Src/stm32f4xx_hal.o
                0x0000000008001c2c                HAL_InitTick
 .text.HAL_IncTick
                0x0000000008001c8c       0x28 ./Drivers/STM32F4xx_HAL_Driver/Src/stm32f4xx_hal.o
                0x0000000008001c8c                HAL_IncTick
 .text.HAL_GetTick
                0x0000000008001cb4       0x18 ./Drivers/STM32F4xx_HAL_Driver/Src/stm32f4xx_hal.o
                0x0000000008001cb4                HAL_GetTick
 .text.HAL_Delay
                0x0000000008001ccc       0x48 ./Drivers/STM32F4xx_HAL_Driver/Src/stm32f4xx_hal.o
                0x0000000008001ccc                HAL_Delay
 .text.__NVIC_SetPriorityGrouping
                0x0000000008001d14       0x48 ./Drivers/STM32F4xx_HAL_Driver/Src/stm32f4xx_hal_cortex.o
 .text.__NVIC_GetPriorityGrouping
                0x0000000008001d5c       0x1c ./Drivers/STM32F4xx_HAL_Driver/Src/stm32f4xx_hal_cortex.o
 .text.__NVIC_EnableIRQ
                0x0000000008001d78       0x3c ./Drivers/STM32F4xx_HAL_Driver/Src/stm32f4xx_hal_cortex.o
 .text.__NVIC_SetPriority
                0x0000000008001db4       0x54 ./Drivers/STM32F4xx_HAL_Driver/Src/stm32f4xx_hal_cortex.o
 .text.NVIC_EncodePriority
                0x0000000008001e08       0x66 ./Drivers/STM32F4xx_HAL_Driver/Src/stm32f4xx_hal_cortex.o
 *fill*         0x0000000008001e6e        0x2 
 .text.SysTick_Config
                0x0000000008001e70       0x44 ./Drivers/STM32F4xx_HAL_Driver/Src/stm32f4xx_hal_cortex.o
 .text.HAL_NVIC_SetPriorityGrouping
                0x0000000008001eb4       0x16 ./Drivers/STM32F4xx_HAL_Driver/Src/stm32f4xx_hal_cortex.o
                0x0000000008001eb4                HAL_NVIC_SetPriorityGrouping
 .text.HAL_NVIC_SetPriority
                0x0000000008001eca       0x38 ./Drivers/STM32F4xx_HAL_Driver/Src/stm32f4xx_hal_cortex.o
                0x0000000008001eca                HAL_NVIC_SetPriority
 .text.HAL_NVIC_EnableIRQ
                0x0000000008001f02       0x1c ./Drivers/STM32F4xx_HAL_Driver/Src/stm32f4xx_hal_cortex.o
                0x0000000008001f02                HAL_NVIC_EnableIRQ
 .text.HAL_SYSTICK_Config
                0x0000000008001f1e       0x18 ./Drivers/STM32F4xx_HAL_Driver/Src/stm32f4xx_hal_cortex.o
                0x0000000008001f1e                HAL_SYSTICK_Config
 .text.HAL_DAC_Init
                0x0000000008001f36       0x44 ./Drivers/STM32F4xx_HAL_Driver/Src/stm32f4xx_hal_dac.o
                0x0000000008001f36                HAL_DAC_Init
 .text.HAL_DAC_ConfigChannel
                0x0000000008001f7a       0x9e ./Drivers/STM32F4xx_HAL_Driver/Src/stm32f4xx_hal_dac.o
                0x0000000008001f7a                HAL_DAC_ConfigChannel
 .text.HAL_DMA_Init
                0x0000000008002018      0x15c ./Drivers/STM32F4xx_HAL_Driver/Src/stm32f4xx_hal_dma.o
                0x0000000008002018                HAL_DMA_Init
 .text.HAL_DMA_Start_IT
                0x0000000008002174       0xb0 ./Drivers/STM32F4xx_HAL_Driver/Src/stm32f4xx_hal_dma.o
                0x0000000008002174                HAL_DMA_Start_IT
 .text.HAL_DMA_Abort
                0x0000000008002224       0xe0 ./Drivers/STM32F4xx_HAL_Driver/Src/stm32f4xx_hal_dma.o
                0x0000000008002224                HAL_DMA_Abort
 .text.HAL_DMA_IRQHandler
                0x0000000008002304      0x314 ./Drivers/STM32F4xx_HAL_Driver/Src/stm32f4xx_hal_dma.o
                0x0000000008002304                HAL_DMA_IRQHandler
 .text.DMA_SetConfig
                0x0000000008002618       0x5c ./Drivers/STM32F4xx_HAL_Driver/Src/stm32f4xx_hal_dma.o
 .text.DMA_CalcBaseAndBitshift
                0x0000000008002674       0x6c ./Drivers/STM32F4xx_HAL_Driver/Src/stm32f4xx_hal_dma.o
 .text.DMA_CheckFifoParam
                0x00000000080026e0       0xf8 ./Drivers/STM32F4xx_HAL_Driver/Src/stm32f4xx_hal_dma.o
 .text.HAL_GPIO_Init
                0x00000000080027d8      0x338 ./Drivers/STM32F4xx_HAL_Driver/Src/stm32f4xx_hal_gpio.o
                0x00000000080027d8                HAL_GPIO_Init
 .text.HAL_GPIO_ReadPin
                0x0000000008002b10       0x30 ./Drivers/STM32F4xx_HAL_Driver/Src/stm32f4xx_hal_gpio.o
                0x0000000008002b10                HAL_GPIO_ReadPin
 .text.HAL_GPIO_WritePin
                0x0000000008002b40       0x32 ./Drivers/STM32F4xx_HAL_Driver/Src/stm32f4xx_hal_gpio.o
                0x0000000008002b40                HAL_GPIO_WritePin
 .text.HAL_GPIO_TogglePin
                0x0000000008002b72       0x34 ./Drivers/STM32F4xx_HAL_Driver/Src/stm32f4xx_hal_gpio.o
                0x0000000008002b72                HAL_GPIO_TogglePin
 *fill*         0x0000000008002ba6        0x2 
 .text.HAL_GPIO_EXTI_IRQHandler
                0x0000000008002ba8       0x30 ./Drivers/STM32F4xx_HAL_Driver/Src/stm32f4xx_hal_gpio.o
                0x0000000008002ba8                HAL_GPIO_EXTI_IRQHandler
 .text.HAL_HCD_Init
                0x0000000008002bd8       0xc4 ./Drivers/STM32F4xx_HAL_Driver/Src/stm32f4xx_hal_hcd.o
                0x0000000008002bd8                HAL_HCD_Init
 .text.HAL_HCD_HC_Init
                0x0000000008002c9c      0x11e ./Drivers/STM32F4xx_HAL_Driver/Src/stm32f4xx_hal_hcd.o
                0x0000000008002c9c                HAL_HCD_HC_Init
 .text.HAL_HCD_HC_Halt
                0x0000000008002dba       0x46 ./Drivers/STM32F4xx_HAL_Driver/Src/stm32f4xx_hal_hcd.o
                0x0000000008002dba                HAL_HCD_HC_Halt
 .text.HAL_HCD_HC_SubmitRequest
                0x0000000008002e00      0x2ac ./Drivers/STM32F4xx_HAL_Driver/Src/stm32f4xx_hal_hcd.o
                0x0000000008002e00                HAL_HCD_HC_SubmitRequest
 .text.HAL_HCD_IRQHandler
                0x00000000080030ac      0x216 ./Drivers/STM32F4xx_HAL_Driver/Src/stm32f4xx_hal_hcd.o
                0x00000000080030ac                HAL_HCD_IRQHandler
 .text.HAL_HCD_Start
                0x00000000080032c2       0x46 ./Drivers/STM32F4xx_HAL_Driver/Src/stm32f4xx_hal_hcd.o
                0x00000000080032c2                HAL_HCD_Start
 .text.HAL_HCD_Stop
                0x0000000008003308       0x3a ./Drivers/STM32F4xx_HAL_Driver/Src/stm32f4xx_hal_hcd.o
                0x0000000008003308                HAL_HCD_Stop
 .text.HAL_HCD_ResetPort
                0x0000000008003342       0x1c ./Drivers/STM32F4xx_HAL_Driver/Src/stm32f4xx_hal_hcd.o
                0x0000000008003342                HAL_HCD_ResetPort
 .text.HAL_HCD_HC_GetURBState
                0x000000000800335e       0x28 ./Drivers/STM32F4xx_HAL_Driver/Src/stm32f4xx_hal_hcd.o
                0x000000000800335e                HAL_HCD_HC_GetURBState
 .text.HAL_HCD_HC_GetXferCount
                0x0000000008003386       0x28 ./Drivers/STM32F4xx_HAL_Driver/Src/stm32f4xx_hal_hcd.o
                0x0000000008003386                HAL_HCD_HC_GetXferCount
 .text.HAL_HCD_GetCurrentFrame
                0x00000000080033ae       0x1c ./Drivers/STM32F4xx_HAL_Driver/Src/stm32f4xx_hal_hcd.o
                0x00000000080033ae                HAL_HCD_GetCurrentFrame
 .text.HAL_HCD_GetCurrentSpeed
                0x00000000080033ca       0x1c ./Drivers/STM32F4xx_HAL_Driver/Src/stm32f4xx_hal_hcd.o
                0x00000000080033ca                HAL_HCD_GetCurrentSpeed
 .text.HCD_HC_IN_IRQHandler
                0x00000000080033e6      0x6aa ./Drivers/STM32F4xx_HAL_Driver/Src/stm32f4xx_hal_hcd.o
 .text.HCD_HC_OUT_IRQHandler
                0x0000000008003a90      0x6d2 ./Drivers/STM32F4xx_HAL_Driver/Src/stm32f4xx_hal_hcd.o
 .text.HCD_RXQLVL_IRQHandler
                0x0000000008004162      0x1a4 ./Drivers/STM32F4xx_HAL_Driver/Src/stm32f4xx_hal_hcd.o
 .text.HCD_Port_IRQHandler
                0x0000000008004306       0xe6 ./Drivers/STM32F4xx_HAL_Driver/Src/stm32f4xx_hal_hcd.o
 .text.HAL_I2C_Init
                0x00000000080043ec      0x288 ./Drivers/STM32F4xx_HAL_Driver/Src/stm32f4xx_hal_i2c.o
                0x00000000080043ec                HAL_I2C_Init
 .text.HAL_I2C_Master_Transmit
                0x0000000008004674      0x1fc ./Drivers/STM32F4xx_HAL_Driver/Src/stm32f4xx_hal_i2c.o
                0x0000000008004674                HAL_I2C_Master_Transmit
 .text.HAL_I2C_Master_Receive
                0x0000000008004870      0x44c ./Drivers/STM32F4xx_HAL_Driver/Src/stm32f4xx_hal_i2c.o
                0x0000000008004870                HAL_I2C_Master_Receive
 .text.I2C_MasterRequestWrite
                0x0000000008004cbc      0x104 ./Drivers/STM32F4xx_HAL_Driver/Src/stm32f4xx_hal_i2c.o
 .text.I2C_MasterRequestRead
                0x0000000008004dc0      0x19c ./Drivers/STM32F4xx_HAL_Driver/Src/stm32f4xx_hal_i2c.o
 .text.I2C_WaitOnFlagUntilTimeout
                0x0000000008004f5c       0xae ./Drivers/STM32F4xx_HAL_Driver/Src/stm32f4xx_hal_i2c.o
 .text.I2C_WaitOnMasterAddressFlagUntilTimeout
                0x000000000800500a       0xfe ./Drivers/STM32F4xx_HAL_Driver/Src/stm32f4xx_hal_i2c.o
 .text.I2C_WaitOnTXEFlagUntilTimeout
                0x0000000008005108       0x82 ./Drivers/STM32F4xx_HAL_Driver/Src/stm32f4xx_hal_i2c.o
 .text.I2C_WaitOnBTFFlagUntilTimeout
                0x000000000800518a       0x82 ./Drivers/STM32F4xx_HAL_Driver/Src/stm32f4xx_hal_i2c.o
 .text.I2C_WaitOnRXNEFlagUntilTimeout
                0x000000000800520c       0xac ./Drivers/STM32F4xx_HAL_Driver/Src/stm32f4xx_hal_i2c.o
 .text.I2C_IsAcknowledgeFailed
                0x00000000080052b8       0x5e ./Drivers/STM32F4xx_HAL_Driver/Src/stm32f4xx_hal_i2c.o
 *fill*         0x0000000008005316        0x2 
 .text.HAL_I2S_Init
                0x0000000008005318      0x280 ./Drivers/STM32F4xx_HAL_Driver/Src/stm32f4xx_hal_i2s.o
                0x0000000008005318                HAL_I2S_Init
 .text.HAL_I2S_Transmit_DMA
                0x0000000008005598      0x150 ./Drivers/STM32F4xx_HAL_Driver/Src/stm32f4xx_hal_i2s.o
                0x0000000008005598                HAL_I2S_Transmit_DMA
 .text.HAL_I2S_DMAPause
                0x00000000080056e8       0xc4 ./Drivers/STM32F4xx_HAL_Driver/Src/stm32f4xx_hal_i2s.o
                0x00000000080056e8                HAL_I2S_DMAPause
 .text.HAL_I2S_DMAResume
                0x00000000080057ac      0x128 ./Drivers/STM32F4xx_HAL_Driver/Src/stm32f4xx_hal_i2s.o
                0x00000000080057ac                HAL_I2S_DMAResume
 .text.HAL_I2S_DMAStop
                0x00000000080058d4      0x3b4 ./Drivers/STM32F4xx_HAL_Driver/Src/stm32f4xx_hal_i2s.o
                0x00000000080058d4                HAL_I2S_DMAStop
 .text.HAL_I2S_RxCpltCallback
                0x0000000008005c88       0x14 ./Drivers/STM32F4xx_HAL_Driver/Src/stm32f4xx_hal_i2s.o
                0x0000000008005c88                HAL_I2S_RxCpltCallback
 .text.HAL_I2S_ErrorCallback
                0x0000000008005c9c       0x14 ./Drivers/STM32F4xx_HAL_Driver/Src/stm32f4xx_hal_i2s.o
                0x0000000008005c9c                HAL_I2S_ErrorCallback
 .text.I2S_DMATxCplt
                0x0000000008005cb0       0x42 ./Drivers/STM32F4xx_HAL_Driver/Src/stm32f4xx_hal_i2s.o
 .text.I2S_DMATxHalfCplt
                0x0000000008005cf2       0x1c ./Drivers/STM32F4xx_HAL_Driver/Src/stm32f4xx_hal_i2s.o
 .text.I2S_DMAError
                0x0000000008005d0e       0x4c ./Drivers/STM32F4xx_HAL_Driver/Src/stm32f4xx_hal_i2s.o
 .text.I2S_Transmit_IT
                0x0000000008005d5a       0x5c ./Drivers/STM32F4xx_HAL_Driver/Src/stm32f4xx_hal_i2s.o
 .text.I2S_Receive_IT
                0x0000000008005db6       0x5e ./Drivers/STM32F4xx_HAL_Driver/Src/stm32f4xx_hal_i2s.o
 .text.I2S_IRQHandler
                0x0000000008005e14      0x114 ./Drivers/STM32F4xx_HAL_Driver/Src/stm32f4xx_hal_i2s.o
 .text.I2S_WaitFlagStateUntilTimeout
                0x0000000008005f28       0x72 ./Drivers/STM32F4xx_HAL_Driver/Src/stm32f4xx_hal_i2s.o
 *fill*         0x0000000008005f9a        0x2 
 .text.HAL_I2SEx_FullDuplex_IRQHandler
                0x0000000008005f9c      0x2a8 ./Drivers/STM32F4xx_HAL_Driver/Src/stm32f4xx_hal_i2s_ex.o
                0x0000000008005f9c                HAL_I2SEx_FullDuplex_IRQHandler
 .text.HAL_I2SEx_TxRxCpltCallback
                0x0000000008006244       0x14 ./Drivers/STM32F4xx_HAL_Driver/Src/stm32f4xx_hal_i2s_ex.o
                0x0000000008006244                HAL_I2SEx_TxRxCpltCallback
 .text.I2SEx_TxISR_I2S
                0x0000000008006258       0x62 ./Drivers/STM32F4xx_HAL_Driver/Src/stm32f4xx_hal_i2s_ex.o
 *fill*         0x00000000080062ba        0x2 
 .text.I2SEx_TxISR_I2SExt
                0x00000000080062bc       0x98 ./Drivers/STM32F4xx_HAL_Driver/Src/stm32f4xx_hal_i2s_ex.o
 .text.I2SEx_RxISR_I2S
                0x0000000008006354       0x64 ./Drivers/STM32F4xx_HAL_Driver/Src/stm32f4xx_hal_i2s_ex.o
 .text.I2SEx_RxISR_I2SExt
                0x00000000080063b8       0x98 ./Drivers/STM32F4xx_HAL_Driver/Src/stm32f4xx_hal_i2s_ex.o
 .text.HAL_RCC_OscConfig
                0x0000000008006450      0x4f0 ./Drivers/STM32F4xx_HAL_Driver/Src/stm32f4xx_hal_rcc.o
                0x0000000008006450                HAL_RCC_OscConfig
 .text.HAL_RCC_ClockConfig
                0x0000000008006940      0x1cc ./Drivers/STM32F4xx_HAL_Driver/Src/stm32f4xx_hal_rcc.o
                0x0000000008006940                HAL_RCC_ClockConfig
 .text.HAL_RCC_GetSysClockFreq
                0x0000000008006b0c      0x20c ./Drivers/STM32F4xx_HAL_Driver/Src/stm32f4xx_hal_rcc.o
                0x0000000008006b0c                HAL_RCC_GetSysClockFreq
 .text.HAL_RCC_GetHCLKFreq
                0x0000000008006d18       0x18 ./Drivers/STM32F4xx_HAL_Driver/Src/stm32f4xx_hal_rcc.o
                0x0000000008006d18                HAL_RCC_GetHCLKFreq
 .text.HAL_RCC_GetPCLK1Freq
                0x0000000008006d30       0x28 ./Drivers/STM32F4xx_HAL_Driver/Src/stm32f4xx_hal_rcc.o
                0x0000000008006d30                HAL_RCC_GetPCLK1Freq
 .text.HAL_RCCEx_PeriphCLKConfig
                0x0000000008006d58      0x1c4 ./Drivers/STM32F4xx_HAL_Driver/Src/stm32f4xx_hal_rcc_ex.o
                0x0000000008006d58                HAL_RCCEx_PeriphCLKConfig
 .text.HAL_RCCEx_GetPeriphCLKConfig
                0x0000000008006f1c       0x58 ./Drivers/STM32F4xx_HAL_Driver/Src/stm32f4xx_hal_rcc_ex.o
                0x0000000008006f1c                HAL_RCCEx_GetPeriphCLKConfig
 .text.HAL_RCCEx_GetPeriphCLKFreq
                0x0000000008006f74       0xbc ./Drivers/STM32F4xx_HAL_Driver/Src/stm32f4xx_hal_rcc_ex.o
                0x0000000008006f74                HAL_RCCEx_GetPeriphCLKFreq
 .text.HAL_TIM_Base_Init
                0x0000000008007030       0x9e ./Drivers/STM32F4xx_HAL_Driver/Src/stm32f4xx_hal_tim.o
                0x0000000008007030                HAL_TIM_Base_Init
 *fill*         0x00000000080070ce        0x2 
 .text.HAL_TIM_Base_Start
                0x00000000080070d0       0xd0 ./Drivers/STM32F4xx_HAL_Driver/Src/stm32f4xx_hal_tim.o
                0x00000000080070d0                HAL_TIM_Base_Start
 .text.HAL_TIM_ConfigClockSource
                0x00000000080071a0      0x18e ./Drivers/STM32F4xx_HAL_Driver/Src/stm32f4xx_hal_tim.o
                0x00000000080071a0                HAL_TIM_ConfigClockSource
 *fill*         0x000000000800732e        0x2 
 .text.TIM_Base_SetConfig
                0x0000000008007330      0x140 ./Drivers/STM32F4xx_HAL_Driver/Src/stm32f4xx_hal_tim.o
                0x0000000008007330                TIM_Base_SetConfig
 .text.TIM_TI1_ConfigInputStage
                0x0000000008007470       0x5e ./Drivers/STM32F4xx_HAL_Driver/Src/stm32f4xx_hal_tim.o
 .text.TIM_TI2_ConfigInputStage
                0x00000000080074ce       0x60 ./Drivers/STM32F4xx_HAL_Driver/Src/stm32f4xx_hal_tim.o
 .text.TIM_ITRx_SetConfig
                0x000000000800752e       0x36 ./Drivers/STM32F4xx_HAL_Driver/Src/stm32f4xx_hal_tim.o
 .text.TIM_ETR_SetConfig
                0x0000000008007564       0x40 ./Drivers/STM32F4xx_HAL_Driver/Src/stm32f4xx_hal_tim.o
                0x0000000008007564                TIM_ETR_SetConfig
 .text.HAL_TIMEx_MasterConfigSynchronization
                0x00000000080075a4       0xf8 ./Drivers/STM32F4xx_HAL_Driver/Src/stm32f4xx_hal_tim_ex.o
                0x00000000080075a4                HAL_TIMEx_MasterConfigSynchronization
 .text.USB_CoreInit
                0x000000000800769c       0xc2 ./Drivers/STM32F4xx_HAL_Driver/Src/stm32f4xx_ll_usb.o
                0x000000000800769c                USB_CoreInit
 .text.USB_EnableGlobalInt
                0x000000000800775e       0x22 ./Drivers/STM32F4xx_HAL_Driver/Src/stm32f4xx_ll_usb.o
                0x000000000800775e                USB_EnableGlobalInt
 .text.USB_DisableGlobalInt
                0x0000000008007780       0x22 ./Drivers/STM32F4xx_HAL_Driver/Src/stm32f4xx_ll_usb.o
                0x0000000008007780                USB_DisableGlobalInt
 .text.USB_SetCurrentMode
                0x00000000080077a2       0x98 ./Drivers/STM32F4xx_HAL_Driver/Src/stm32f4xx_ll_usb.o
                0x00000000080077a2                USB_SetCurrentMode
 *fill*         0x000000000800783a        0x2 
 .text.USB_FlushTxFifo
                0x000000000800783c       0x68 ./Drivers/STM32F4xx_HAL_Driver/Src/stm32f4xx_ll_usb.o
                0x000000000800783c                USB_FlushTxFifo
 .text.USB_FlushRxFifo
                0x00000000080078a4       0x60 ./Drivers/STM32F4xx_HAL_Driver/Src/stm32f4xx_ll_usb.o
                0x00000000080078a4                USB_FlushRxFifo
 .text.USB_WritePacket
                0x0000000008007904       0x7c ./Drivers/STM32F4xx_HAL_Driver/Src/stm32f4xx_ll_usb.o
                0x0000000008007904                USB_WritePacket
 .text.USB_ReadPacket
                0x0000000008007980       0xb0 ./Drivers/STM32F4xx_HAL_Driver/Src/stm32f4xx_ll_usb.o
                0x0000000008007980                USB_ReadPacket
 .text.USB_ReadInterrupts
                0x0000000008007a30       0x26 ./Drivers/STM32F4xx_HAL_Driver/Src/stm32f4xx_ll_usb.o
                0x0000000008007a30                USB_ReadInterrupts
 .text.USB_GetMode
                0x0000000008007a56       0x1c ./Drivers/STM32F4xx_HAL_Driver/Src/stm32f4xx_ll_usb.o
                0x0000000008007a56                USB_GetMode
 *fill*         0x0000000008007a72        0x2 
 .text.USB_CoreReset
                0x0000000008007a74       0x68 ./Drivers/STM32F4xx_HAL_Driver/Src/stm32f4xx_ll_usb.o
 .text.USB_HostInit
                0x0000000008007adc      0x180 ./Drivers/STM32F4xx_HAL_Driver/Src/stm32f4xx_ll_usb.o
                0x0000000008007adc                USB_HostInit
 .text.USB_InitFSLSPClkSel
                0x0000000008007c5c       0x74 ./Drivers/STM32F4xx_HAL_Driver/Src/stm32f4xx_ll_usb.o
                0x0000000008007c5c                USB_InitFSLSPClkSel
 .text.USB_ResetPort
                0x0000000008007cd0       0x54 ./Drivers/STM32F4xx_HAL_Driver/Src/stm32f4xx_ll_usb.o
                0x0000000008007cd0                USB_ResetPort
 .text.USB_DriveVbus
                0x0000000008007d24       0x72 ./Drivers/STM32F4xx_HAL_Driver/Src/stm32f4xx_ll_usb.o
                0x0000000008007d24                USB_DriveVbus
 .text.USB_GetHostSpeed
                0x0000000008007d96       0x2e ./Drivers/STM32F4xx_HAL_Driver/Src/stm32f4xx_ll_usb.o
                0x0000000008007d96                USB_GetHostSpeed
 .text.USB_GetCurrentFrame
                0x0000000008007dc4       0x22 ./Drivers/STM32F4xx_HAL_Driver/Src/stm32f4xx_ll_usb.o
                0x0000000008007dc4                USB_GetCurrentFrame
 *fill*         0x0000000008007de6        0x2 
 .text.USB_HC_Init
                0x0000000008007de8      0x244 ./Drivers/STM32F4xx_HAL_Driver/Src/stm32f4xx_ll_usb.o
                0x0000000008007de8                USB_HC_Init
 .text.USB_HC_StartXfer
                0x000000000800802c      0x284 ./Drivers/STM32F4xx_HAL_Driver/Src/stm32f4xx_ll_usb.o
                0x000000000800802c                USB_HC_StartXfer
 .text.USB_HC_ReadInterrupt
                0x00000000080082b0       0x22 ./Drivers/STM32F4xx_HAL_Driver/Src/stm32f4xx_ll_usb.o
                0x00000000080082b0                USB_HC_ReadInterrupt
 .text.USB_HC_Halt
                0x00000000080082d2      0x1f8 ./Drivers/STM32F4xx_HAL_Driver/Src/stm32f4xx_ll_usb.o
                0x00000000080082d2                USB_HC_Halt
 *fill*         0x00000000080084ca        0x2 
 .text.USB_DoPing
                0x00000000080084cc       0x78 ./Drivers/STM32F4xx_HAL_Driver/Src/stm32f4xx_ll_usb.o
                0x00000000080084cc                USB_DoPing
 .text.USB_StopHost
                0x0000000008008544      0x124 ./Drivers/STM32F4xx_HAL_Driver/Src/stm32f4xx_ll_usb.o
                0x0000000008008544                USB_StopHost
 .text.MX_FATFS_Init
                0x0000000008008668       0x24 ./FATFS/App/fatfs.o
                0x0000000008008668                MX_FATFS_Init
 .text.get_fattime
                0x000000000800868c       0x10 ./FATFS/App/fatfs.o
                0x000000000800868c                get_fattime
 .text.USBH_initialize
                0x000000000800869c       0x18 ./FATFS/Target/usbh_diskio.o
                0x000000000800869c                USBH_initialize
 .text.USBH_status
                0x00000000080086b4       0x38 ./FATFS/Target/usbh_diskio.o
                0x00000000080086b4                USBH_status
 .text.USBH_read
                0x00000000080086ec       0x74 ./FATFS/Target/usbh_diskio.o
                0x00000000080086ec                USBH_read
 .text.USBH_write
                0x0000000008008760       0x84 ./FATFS/Target/usbh_diskio.o
                0x0000000008008760                USBH_write
 .text.USBH_ioctl
                0x00000000080087e4       0xd8 ./FATFS/Target/usbh_diskio.o
                0x00000000080087e4                USBH_ioctl
 .text.USBH_MSC_InterfaceInit
                0x00000000080088bc      0x244 ./Middlewares/ST/STM32_USB_Host_Library/Class/MSC/Src/usbh_msc.o
 .text.USBH_MSC_InterfaceDeInit
                0x0000000008008b00       0x8c ./Middlewares/ST/STM32_USB_Host_Library/Class/MSC/Src/usbh_msc.o
 .text.USBH_MSC_ClassRequest
                0x0000000008008b8c       0xce ./Middlewares/ST/STM32_USB_Host_Library/Class/MSC/Src/usbh_msc.o
 *fill*         0x0000000008008c5a        0x2 
 .text.USBH_MSC_Process
                0x0000000008008c5c      0x520 ./Middlewares/ST/STM32_USB_Host_Library/Class/MSC/Src/usbh_msc.o
 .text.USBH_MSC_SOFProcess
                0x000000000800917c       0x16 ./Middlewares/ST/STM32_USB_Host_Library/Class/MSC/Src/usbh_msc.o
 .text.USBH_MSC_RdWrProcess
                0x0000000008009192      0x19e ./Middlewares/ST/STM32_USB_Host_Library/Class/MSC/Src/usbh_msc.o
 .text.USBH_MSC_UnitIsReady
                0x0000000008009330       0x4c ./Middlewares/ST/STM32_USB_Host_Library/Class/MSC/Src/usbh_msc.o
                0x0000000008009330                USBH_MSC_UnitIsReady
 .text.USBH_MSC_GetLUNInfo
                0x000000000800937c       0x48 ./Middlewares/ST/STM32_USB_Host_Library/Class/MSC/Src/usbh_msc.o
                0x000000000800937c                USBH_MSC_GetLUNInfo
 .text.USBH_MSC_Read
                0x00000000080093c4       0xd2 ./Middlewares/ST/STM32_USB_Host_Library/Class/MSC/Src/usbh_msc.o
                0x00000000080093c4                USBH_MSC_Read
 .text.USBH_MSC_Write
                0x0000000008009496       0xd2 ./Middlewares/ST/STM32_USB_Host_Library/Class/MSC/Src/usbh_msc.o
                0x0000000008009496                USBH_MSC_Write
 .text.USBH_MSC_BOT_REQ_Reset
                0x0000000008009568       0x3a ./Middlewares/ST/STM32_USB_Host_Library/Class/MSC/Src/usbh_msc_bot.o
                0x0000000008009568                USBH_MSC_BOT_REQ_Reset
 .text.USBH_MSC_BOT_REQ_GetMaxLUN
                0x00000000080095a2       0x3c ./Middlewares/ST/STM32_USB_Host_Library/Class/MSC/Src/usbh_msc_bot.o
                0x00000000080095a2                USBH_MSC_BOT_REQ_GetMaxLUN
 *fill*         0x00000000080095de        0x2 
 .text.USBH_MSC_BOT_Init
                0x00000000080095e0       0x44 ./Middlewares/ST/STM32_USB_Host_Library/Class/MSC/Src/usbh_msc_bot.o
                0x00000000080095e0                USBH_MSC_BOT_Init
 .text.USBH_MSC_BOT_Process
                0x0000000008009624      0x39c ./Middlewares/ST/STM32_USB_Host_Library/Class/MSC/Src/usbh_msc_bot.o
                0x0000000008009624                USBH_MSC_BOT_Process
 .text.USBH_MSC_BOT_Abort
                0x00000000080099c0       0x58 ./Middlewares/ST/STM32_USB_Host_Library/Class/MSC/Src/usbh_msc_bot.o
 .text.USBH_MSC_DecodeCSW
                0x0000000008009a18       0x88 ./Middlewares/ST/STM32_USB_Host_Library/Class/MSC/Src/usbh_msc_bot.o
 .text.USBH_MSC_SCSI_TestUnitReady
                0x0000000008009aa0       0x86 ./Middlewares/ST/STM32_USB_Host_Library/Class/MSC/Src/usbh_msc_scsi.o
                0x0000000008009aa0                USBH_MSC_SCSI_TestUnitReady
 .text.USBH_MSC_SCSI_ReadCapacity
                0x0000000008009b26       0xf6 ./Middlewares/ST/STM32_USB_Host_Library/Class/MSC/Src/usbh_msc_scsi.o
                0x0000000008009b26                USBH_MSC_SCSI_ReadCapacity
 .text.USBH_MSC_SCSI_Inquiry
                0x0000000008009c1c      0x14a ./Middlewares/ST/STM32_USB_Host_Library/Class/MSC/Src/usbh_msc_scsi.o
                0x0000000008009c1c                USBH_MSC_SCSI_Inquiry
 .text.USBH_MSC_SCSI_RequestSense
                0x0000000008009d66       0xf2 ./Middlewares/ST/STM32_USB_Host_Library/Class/MSC/Src/usbh_msc_scsi.o
                0x0000000008009d66                USBH_MSC_SCSI_RequestSense
 .text.USBH_MSC_SCSI_Write
                0x0000000008009e58       0xd6 ./Middlewares/ST/STM32_USB_Host_Library/Class/MSC/Src/usbh_msc_scsi.o
                0x0000000008009e58                USBH_MSC_SCSI_Write
 .text.USBH_MSC_SCSI_Read
                0x0000000008009f2e       0xd6 ./Middlewares/ST/STM32_USB_Host_Library/Class/MSC/Src/usbh_msc_scsi.o
                0x0000000008009f2e                USBH_MSC_SCSI_Read
 .text.USBH_Init
                0x000000000800a004       0x74 ./Middlewares/ST/STM32_USB_Host_Library/Core/Src/usbh_core.o
                0x000000000800a004                USBH_Init
 .text.DeInitStateMachine
                0x000000000800a078       0xa8 ./Middlewares/ST/STM32_USB_Host_Library/Core/Src/usbh_core.o
 .text.USBH_RegisterClass
                0x000000000800a120       0x54 ./Middlewares/ST/STM32_USB_Host_Library/Core/Src/usbh_core.o
                0x000000000800a120                USBH_RegisterClass
 .text.USBH_SelectInterface
                0x000000000800a174       0x38 ./Middlewares/ST/STM32_USB_Host_Library/Core/Src/usbh_core.o
                0x000000000800a174                USBH_SelectInterface
 .text.USBH_FindInterface
                0x000000000800a1ac       0x8c ./Middlewares/ST/STM32_USB_Host_Library/Core/Src/usbh_core.o
                0x000000000800a1ac                USBH_FindInterface
 .text.USBH_Start
                0x000000000800a238       0x20 ./Middlewares/ST/STM32_USB_Host_Library/Core/Src/usbh_core.o
                0x000000000800a238                USBH_Start
 .text.USBH_Process
                0x000000000800a258      0x3d8 ./Middlewares/ST/STM32_USB_Host_Library/Core/Src/usbh_core.o
                0x000000000800a258                USBH_Process
 .text.USBH_HandleEnum
                0x000000000800a630      0x3c8 ./Middlewares/ST/STM32_USB_Host_Library/Core/Src/usbh_core.o
 .text.USBH_LL_SetTimer
                0x000000000800a9f8       0x1e ./Middlewares/ST/STM32_USB_Host_Library/Core/Src/usbh_core.o
                0x000000000800a9f8                USBH_LL_SetTimer
 .text.USBH_LL_IncTimer
                0x000000000800aa16       0x24 ./Middlewares/ST/STM32_USB_Host_Library/Core/Src/usbh_core.o
                0x000000000800aa16                USBH_LL_IncTimer
 .text.USBH_HandleSof
                0x000000000800aa3a       0x30 ./Middlewares/ST/STM32_USB_Host_Library/Core/Src/usbh_core.o
 .text.USBH_LL_PortEnabled
                0x000000000800aa6a       0x1c ./Middlewares/ST/STM32_USB_Host_Library/Core/Src/usbh_core.o
                0x000000000800aa6a                USBH_LL_PortEnabled
 .text.USBH_LL_PortDisabled
                0x000000000800aa86       0x1c ./Middlewares/ST/STM32_USB_Host_Library/Core/Src/usbh_core.o
                0x000000000800aa86                USBH_LL_PortDisabled
 .text.USBH_LL_Connect
                0x000000000800aaa2       0x2e ./Middlewares/ST/STM32_USB_Host_Library/Core/Src/usbh_core.o
                0x000000000800aaa2                USBH_LL_Connect
 .text.USBH_LL_Disconnect
                0x000000000800aad0       0x48 ./Middlewares/ST/STM32_USB_Host_Library/Core/Src/usbh_core.o
                0x000000000800aad0                USBH_LL_Disconnect
 .text.USBH_Get_DevDesc
                0x000000000800ab18       0x50 ./Middlewares/ST/STM32_USB_Host_Library/Core/Src/usbh_ctlreq.o
                0x000000000800ab18                USBH_Get_DevDesc
 .text.USBH_Get_CfgDesc
                0x000000000800ab68       0x48 ./Middlewares/ST/STM32_USB_Host_Library/Core/Src/usbh_ctlreq.o
                0x000000000800ab68                USBH_Get_CfgDesc
 .text.USBH_Get_StringDesc
                0x000000000800abb0       0x56 ./Middlewares/ST/STM32_USB_Host_Library/Core/Src/usbh_ctlreq.o
                0x000000000800abb0                USBH_Get_StringDesc
 .text.USBH_GetDescriptor
                0x000000000800ac06       0x6a ./Middlewares/ST/STM32_USB_Host_Library/Core/Src/usbh_ctlreq.o
                0x000000000800ac06                USBH_GetDescriptor
 .text.USBH_SetAddress
                0x000000000800ac70       0x48 ./Middlewares/ST/STM32_USB_Host_Library/Core/Src/usbh_ctlreq.o
                0x000000000800ac70                USBH_SetAddress
 .text.USBH_SetCfg
                0x000000000800acb8       0x46 ./Middlewares/ST/STM32_USB_Host_Library/Core/Src/usbh_ctlreq.o
                0x000000000800acb8                USBH_SetCfg
 .text.USBH_SetFeature
                0x000000000800acfe       0x48 ./Middlewares/ST/STM32_USB_Host_Library/Core/Src/usbh_ctlreq.o
                0x000000000800acfe                USBH_SetFeature
 .text.USBH_ClrFeature
                0x000000000800ad46       0x48 ./Middlewares/ST/STM32_USB_Host_Library/Core/Src/usbh_ctlreq.o
                0x000000000800ad46                USBH_ClrFeature
 .text.USBH_ParseDevDesc
                0x000000000800ad8e      0x122 ./Middlewares/ST/STM32_USB_Host_Library/Core/Src/usbh_ctlreq.o
 .text.USBH_ParseCfgDesc
                0x000000000800aeb0      0x1ec ./Middlewares/ST/STM32_USB_Host_Library/Core/Src/usbh_ctlreq.o
 .text.USBH_ParseInterfaceDesc
                0x000000000800b09c       0x5e ./Middlewares/ST/STM32_USB_Host_Library/Core/Src/usbh_ctlreq.o
 .text.USBH_ParseEPDesc
                0x000000000800b0fa      0x14a ./Middlewares/ST/STM32_USB_Host_Library/Core/Src/usbh_ctlreq.o
 .text.USBH_ParseStringDesc
                0x000000000800b244       0x66 ./Middlewares/ST/STM32_USB_Host_Library/Core/Src/usbh_ctlreq.o
 .text.USBH_GetNextDesc
                0x000000000800b2aa       0x36 ./Middlewares/ST/STM32_USB_Host_Library/Core/Src/usbh_ctlreq.o
                0x000000000800b2aa                USBH_GetNextDesc
 .text.USBH_CtlReq
                0x000000000800b2e0       0x7a ./Middlewares/ST/STM32_USB_Host_Library/Core/Src/usbh_ctlreq.o
                0x000000000800b2e0                USBH_CtlReq
 *fill*         0x000000000800b35a        0x2 
 .text.USBH_HandleControl
                0x000000000800b35c      0x2e8 ./Middlewares/ST/STM32_USB_Host_Library/Core/Src/usbh_ctlreq.o
 .text.USBH_CtlSendSetup
                0x000000000800b644       0x34 ./Middlewares/ST/STM32_USB_Host_Library/Core/Src/usbh_ioreq.o
                0x000000000800b644                USBH_CtlSendSetup
 .text.USBH_CtlSendData
                0x000000000800b678       0x4a ./Middlewares/ST/STM32_USB_Host_Library/Core/Src/usbh_ioreq.o
                0x000000000800b678                USBH_CtlSendData
 .text.USBH_CtlReceiveData
                0x000000000800b6c2       0x3c ./Middlewares/ST/STM32_USB_Host_Library/Core/Src/usbh_ioreq.o
                0x000000000800b6c2                USBH_CtlReceiveData
 .text.USBH_BulkSendData
                0x000000000800b6fe       0x4a ./Middlewares/ST/STM32_USB_Host_Library/Core/Src/usbh_ioreq.o
                0x000000000800b6fe                USBH_BulkSendData
 .text.USBH_BulkReceiveData
                0x000000000800b748       0x3c ./Middlewares/ST/STM32_USB_Host_Library/Core/Src/usbh_ioreq.o
                0x000000000800b748                USBH_BulkReceiveData
 .text.USBH_OpenPipe
                0x000000000800b784       0x3e ./Middlewares/ST/STM32_USB_Host_Library/Core/Src/usbh_pipes.o
                0x000000000800b784                USBH_OpenPipe
 .text.USBH_ClosePipe
                0x000000000800b7c2       0x20 ./Middlewares/ST/STM32_USB_Host_Library/Core/Src/usbh_pipes.o
                0x000000000800b7c2                USBH_ClosePipe
 .text.USBH_AllocPipe
                0x000000000800b7e2       0x42 ./Middlewares/ST/STM32_USB_Host_Library/Core/Src/usbh_pipes.o
                0x000000000800b7e2                USBH_AllocPipe
 .text.USBH_FreePipe
                0x000000000800b824       0x3c ./Middlewares/ST/STM32_USB_Host_Library/Core/Src/usbh_pipes.o
                0x000000000800b824                USBH_FreePipe
 .text.USBH_GetFreePipe
                0x000000000800b860       0x48 ./Middlewares/ST/STM32_USB_Host_Library/Core/Src/usbh_pipes.o
 .text.disk_status
                0x000000000800b8a8       0x34 ./Middlewares/Third_Party/FatFs/src/diskio.o
                0x000000000800b8a8                disk_status
 .text.disk_initialize
                0x000000000800b8dc       0x4c ./Middlewares/Third_Party/FatFs/src/diskio.o
                0x000000000800b8dc                disk_initialize
 .text.disk_read
                0x000000000800b928       0x40 ./Middlewares/Third_Party/FatFs/src/diskio.o
                0x000000000800b928                disk_read
 .text.disk_write
                0x000000000800b968       0x40 ./Middlewares/Third_Party/FatFs/src/diskio.o
                0x000000000800b968                disk_write
 .text.disk_ioctl
                0x000000000800b9a8       0x3c ./Middlewares/Third_Party/FatFs/src/diskio.o
                0x000000000800b9a8                disk_ioctl
 .text.ld_word  0x000000000800b9e4       0x30 ./Middlewares/Third_Party/FatFs/src/ff.o
 .text.ld_dword
                0x000000000800ba14       0x46 ./Middlewares/Third_Party/FatFs/src/ff.o
 .text.st_word  0x000000000800ba5a       0x36 ./Middlewares/Third_Party/FatFs/src/ff.o
 .text.st_dword
                0x000000000800ba90       0x58 ./Middlewares/Third_Party/FatFs/src/ff.o
 .text.mem_cpy  0x000000000800bae8       0x42 ./Middlewares/Third_Party/FatFs/src/ff.o
 .text.mem_set  0x000000000800bb2a       0x36 ./Middlewares/Third_Party/FatFs/src/ff.o
 .text.mem_cmp  0x000000000800bb60       0x4e ./Middlewares/Third_Party/FatFs/src/ff.o
 .text.chk_chr  0x000000000800bbae       0x36 ./Middlewares/Third_Party/FatFs/src/ff.o
 .text.chk_lock
                0x000000000800bbe4       0xb8 ./Middlewares/Third_Party/FatFs/src/ff.o
 .text.enq_lock
                0x000000000800bc9c       0x44 ./Middlewares/Third_Party/FatFs/src/ff.o
 .text.inc_lock
                0x000000000800bce0      0x11c ./Middlewares/Third_Party/FatFs/src/ff.o
 .text.dec_lock
                0x000000000800bdfc       0x78 ./Middlewares/Third_Party/FatFs/src/ff.o
 .text.clear_lock
                0x000000000800be74       0x48 ./Middlewares/Third_Party/FatFs/src/ff.o
 .text.sync_window
                0x000000000800bebc       0x88 ./Middlewares/Third_Party/FatFs/src/ff.o
 .text.move_window
                0x000000000800bf44       0x5a ./Middlewares/Third_Party/FatFs/src/ff.o
 *fill*         0x000000000800bf9e        0x2 
 .text.sync_fs  0x000000000800bfa0       0xdc ./Middlewares/Third_Party/FatFs/src/ff.o
 .text.clust2sect
                0x000000000800c07c       0x3e ./Middlewares/Third_Party/FatFs/src/ff.o
 .text.get_fat  0x000000000800c0ba      0x150 ./Middlewares/Third_Party/FatFs/src/ff.o
 .text.put_fat  0x000000000800c20a      0x1d8 ./Middlewares/Third_Party/FatFs/src/ff.o
 .text.remove_chain
                0x000000000800c3e2       0xca ./Middlewares/Third_Party/FatFs/src/ff.o
 .text.create_chain
                0x000000000800c4ac      0x130 ./Middlewares/Third_Party/FatFs/src/ff.o
 .text.clmt_clust
                0x000000000800c5dc       0x68 ./Middlewares/Third_Party/FatFs/src/ff.o
 .text.dir_sdi  0x000000000800c644       0xf6 ./Middlewares/Third_Party/FatFs/src/ff.o
 .text.dir_next
                0x000000000800c73a      0x18a ./Middlewares/Third_Party/FatFs/src/ff.o
 .text.dir_alloc
                0x000000000800c8c4       0x8e ./Middlewares/Third_Party/FatFs/src/ff.o
 .text.ld_clust
                0x000000000800c952       0x3e ./Middlewares/Third_Party/FatFs/src/ff.o
 .text.st_clust
                0x000000000800c990       0x40 ./Middlewares/Third_Party/FatFs/src/ff.o
 .text.dir_find
                0x000000000800c9d0       0xaa ./Middlewares/Third_Party/FatFs/src/ff.o
 .text.dir_register
                0x000000000800ca7a       0x64 ./Middlewares/Third_Party/FatFs/src/ff.o
 *fill*         0x000000000800cade        0x2 
 .text.create_name
                0x000000000800cae0      0x128 ./Middlewares/Third_Party/FatFs/src/ff.o
 .text.follow_path
                0x000000000800cc08       0xe2 ./Middlewares/Third_Party/FatFs/src/ff.o
 .text.get_ldnumber
                0x000000000800ccea       0x88 ./Middlewares/Third_Party/FatFs/src/ff.o
 *fill*         0x000000000800cd72        0x2 
 .text.check_fs
                0x000000000800cd74       0xac ./Middlewares/Third_Party/FatFs/src/ff.o
 .text.find_volume
                0x000000000800ce20      0x498 ./Middlewares/Third_Party/FatFs/src/ff.o
 .text.validate
                0x000000000800d2b8       0x6a ./Middlewares/Third_Party/FatFs/src/ff.o
 *fill*         0x000000000800d322        0x2 
 .text.f_mount  0x000000000800d324       0x8c ./Middlewares/Third_Party/FatFs/src/ff.o
                0x000000000800d324                f_mount
 .text.f_open   0x000000000800d3b0      0x37c ./Middlewares/Third_Party/FatFs/src/ff.o
                0x000000000800d3b0                f_open
 .text.f_read   0x000000000800d72c      0x27e ./Middlewares/Third_Party/FatFs/src/ff.o
                0x000000000800d72c                f_read
 .text.f_sync   0x000000000800d9aa       0xfc ./Middlewares/Third_Party/FatFs/src/ff.o
                0x000000000800d9aa                f_sync
 .text.f_close  0x000000000800daa6       0x54 ./Middlewares/Third_Party/FatFs/src/ff.o
                0x000000000800daa6                f_close
 .text.f_lseek  0x000000000800dafa      0x412 ./Middlewares/Third_Party/FatFs/src/ff.o
                0x000000000800dafa                f_lseek
 .text.FATFS_LinkDriverEx
                0x000000000800df0c       0x98 ./Middlewares/Third_Party/FatFs/src/ff_gen_drv.o
                0x000000000800df0c                FATFS_LinkDriverEx
 .text.FATFS_LinkDriver
                0x000000000800dfa4       0x1e ./Middlewares/Third_Party/FatFs/src/ff_gen_drv.o
                0x000000000800dfa4                FATFS_LinkDriver
 *fill*         0x000000000800dfc2        0x2 
 .text.MX_USB_HOST_Init
                0x000000000800dfc4       0x4c ./USB_HOST/App/usb_host.o
                0x000000000800dfc4                MX_USB_HOST_Init
 .text.MX_USB_HOST_Process
                0x000000000800e010       0x14 ./USB_HOST/App/usb_host.o
                0x000000000800e010                MX_USB_HOST_Process
 .text.USBH_UserProcess
                0x000000000800e024       0x5c ./USB_HOST/App/usb_host.o
 .text.HAL_HCD_MspInit
                0x000000000800e080       0xc4 ./USB_HOST/Target/usbh_conf.o
                0x000000000800e080                HAL_HCD_MspInit
 .text.HAL_HCD_SOF_Callback
                0x000000000800e144       0x1c ./USB_HOST/Target/usbh_conf.o
                0x000000000800e144                HAL_HCD_SOF_Callback
 .text.HAL_HCD_Connect_Callback
                0x000000000800e160       0x1c ./USB_HOST/Target/usbh_conf.o
                0x000000000800e160                HAL_HCD_Connect_Callback
 .text.HAL_HCD_Disconnect_Callback
                0x000000000800e17c       0x1c ./USB_HOST/Target/usbh_conf.o
                0x000000000800e17c                HAL_HCD_Disconnect_Callback
 .text.HAL_HCD_HC_NotifyURBChange_Callback
                0x000000000800e198       0x1c ./USB_HOST/Target/usbh_conf.o
                0x000000000800e198                HAL_HCD_HC_NotifyURBChange_Callback
 .text.HAL_HCD_PortEnabled_Callback
                0x000000000800e1b4       0x1c ./USB_HOST/Target/usbh_conf.o
                0x000000000800e1b4                HAL_HCD_PortEnabled_Callback
 .text.HAL_HCD_PortDisabled_Callback
                0x000000000800e1d0       0x1c ./USB_HOST/Target/usbh_conf.o
                0x000000000800e1d0                HAL_HCD_PortDisabled_Callback
 .text.USBH_LL_Init
                0x000000000800e1ec       0x78 ./USB_HOST/Target/usbh_conf.o
                0x000000000800e1ec                USBH_LL_Init
 .text.USBH_LL_Start
                0x000000000800e264       0x36 ./USB_HOST/Target/usbh_conf.o
                0x000000000800e264                USBH_LL_Start
 .text.USBH_LL_Stop
                0x000000000800e29a       0x36 ./USB_HOST/Target/usbh_conf.o
                0x000000000800e29a                USBH_LL_Stop
 .text.USBH_LL_GetSpeed
                0x000000000800e2d0       0x4e ./USB_HOST/Target/usbh_conf.o
                0x000000000800e2d0                USBH_LL_GetSpeed
 .text.USBH_LL_ResetPort
                0x000000000800e31e       0x36 ./USB_HOST/Target/usbh_conf.o
                0x000000000800e31e                USBH_LL_ResetPort
 .text.USBH_LL_GetLastXferSize
                0x000000000800e354       0x26 ./USB_HOST/Target/usbh_conf.o
                0x000000000800e354                USBH_LL_GetLastXferSize
 .text.USBH_LL_OpenPipe
                0x000000000800e37a       0x5e ./USB_HOST/Target/usbh_conf.o
                0x000000000800e37a                USBH_LL_OpenPipe
 .text.USBH_LL_ClosePipe
                0x000000000800e3d8       0x3e ./USB_HOST/Target/usbh_conf.o
                0x000000000800e3d8                USBH_LL_ClosePipe
 .text.USBH_LL_SubmitURB
                0x000000000800e416       0x62 ./USB_HOST/Target/usbh_conf.o
                0x000000000800e416                USBH_LL_SubmitURB
 .text.USBH_LL_GetURBState
                0x000000000800e478       0x26 ./USB_HOST/Target/usbh_conf.o
                0x000000000800e478                USBH_LL_GetURBState
 .text.USBH_LL_DriverVBUS
                0x000000000800e49e       0x1c ./USB_HOST/Target/usbh_conf.o
                0x000000000800e49e                USBH_LL_DriverVBUS
 .text.USBH_LL_SetToggle
                0x000000000800e4ba       0x60 ./USB_HOST/Target/usbh_conf.o
                0x000000000800e4ba                USBH_LL_SetToggle
 .text.USBH_LL_GetToggle
                0x000000000800e51a       0x60 ./USB_HOST/Target/usbh_conf.o
                0x000000000800e51a                USBH_LL_GetToggle
 .text.USBH_Delay
                0x000000000800e57a       0x16 ./USB_HOST/Target/usbh_conf.o
                0x000000000800e57a                USBH_Delay
 .text.USBH_Get_USB_Status
                0x000000000800e590       0x58 ./USB_HOST/Target/usbh_conf.o
                0x000000000800e590                USBH_Get_USB_Status
 .text.__errno  0x000000000800e5e8        0xc c:/st/stm32cubeide_1.11.0/stm32cubeide/plugins/com.st.stm32cube.ide.mcu.externaltools.gnu-tools-for-stm32.10.3-2021.10.win32_1.0.100.202210260954/tools/bin/../lib/gcc/arm-none-eabi/10.3.1/../../../../arm-none-eabi/lib/thumb/v7e-m+fp/hard\libc_nano.a(lib_a-errno.o)
                0x000000000800e5e8                __errno
 .text.__libc_init_array
                0x000000000800e5f4       0x48 c:/st/stm32cubeide_1.11.0/stm32cubeide/plugins/com.st.stm32cube.ide.mcu.externaltools.gnu-tools-for-stm32.10.3-2021.10.win32_1.0.100.202210260954/tools/bin/../lib/gcc/arm-none-eabi/10.3.1/../../../../arm-none-eabi/lib/thumb/v7e-m+fp/hard\libc_nano.a(lib_a-init.o)
                0x000000000800e5f4                __libc_init_array
 .text.malloc   0x000000000800e63c       0x10 c:/st/stm32cubeide_1.11.0/stm32cubeide/plugins/com.st.stm32cube.ide.mcu.externaltools.gnu-tools-for-stm32.10.3-2021.10.win32_1.0.100.202210260954/tools/bin/../lib/gcc/arm-none-eabi/10.3.1/../../../../arm-none-eabi/lib/thumb/v7e-m+fp/hard\libc_nano.a(lib_a-malloc.o)
                0x000000000800e63c                malloc
 .text.free     0x000000000800e64c       0x10 c:/st/stm32cubeide_1.11.0/stm32cubeide/plugins/com.st.stm32cube.ide.mcu.externaltools.gnu-tools-for-stm32.10.3-2021.10.win32_1.0.100.202210260954/tools/bin/../lib/gcc/arm-none-eabi/10.3.1/../../../../arm-none-eabi/lib/thumb/v7e-m+fp/hard\libc_nano.a(lib_a-malloc.o)
                0x000000000800e64c                free
 .text.memcpy   0x000000000800e65c       0x1c c:/st/stm32cubeide_1.11.0/stm32cubeide/plugins/com.st.stm32cube.ide.mcu.externaltools.gnu-tools-for-stm32.10.3-2021.10.win32_1.0.100.202210260954/tools/bin/../lib/gcc/arm-none-eabi/10.3.1/../../../../arm-none-eabi/lib/thumb/v7e-m+fp/hard\libc_nano.a(lib_a-memcpy-stub.o)
                0x000000000800e65c                memcpy
 .text.memset   0x000000000800e678       0x10 c:/st/stm32cubeide_1.11.0/stm32cubeide/plugins/com.st.stm32cube.ide.mcu.externaltools.gnu-tools-for-stm32.10.3-2021.10.win32_1.0.100.202210260954/tools/bin/../lib/gcc/arm-none-eabi/10.3.1/../../../../arm-none-eabi/lib/thumb/v7e-m+fp/hard\libc_nano.a(lib_a-memset.o)
                0x000000000800e678                memset
 .text._free_r  0x000000000800e688       0x98 c:/st/stm32cubeide_1.11.0/stm32cubeide/plugins/com.st.stm32cube.ide.mcu.externaltools.gnu-tools-for-stm32.10.3-2021.10.win32_1.0.100.202210260954/tools/bin/../lib/gcc/arm-none-eabi/10.3.1/../../../../arm-none-eabi/lib/thumb/v7e-m+fp/hard\libc_nano.a(lib_a-nano-freer.o)
                0x000000000800e688                _free_r
 .text.sbrk_aligned
                0x000000000800e720       0x40 c:/st/stm32cubeide_1.11.0/stm32cubeide/plugins/com.st.stm32cube.ide.mcu.externaltools.gnu-tools-for-stm32.10.3-2021.10.win32_1.0.100.202210260954/tools/bin/../lib/gcc/arm-none-eabi/10.3.1/../../../../arm-none-eabi/lib/thumb/v7e-m+fp/hard\libc_nano.a(lib_a-nano-mallocr.o)
 .text._malloc_r
                0x000000000800e760       0xe8 c:/st/stm32cubeide_1.11.0/stm32cubeide/plugins/com.st.stm32cube.ide.mcu.externaltools.gnu-tools-for-stm32.10.3-2021.10.win32_1.0.100.202210260954/tools/bin/../lib/gcc/arm-none-eabi/10.3.1/../../../../arm-none-eabi/lib/thumb/v7e-m+fp/hard\libc_nano.a(lib_a-nano-mallocr.o)
                0x000000000800e760                _malloc_r
 .text._sbrk_r  0x000000000800e848       0x20 c:/st/stm32cubeide_1.11.0/stm32cubeide/plugins/com.st.stm32cube.ide.mcu.externaltools.gnu-tools-for-stm32.10.3-2021.10.win32_1.0.100.202210260954/tools/bin/../lib/gcc/arm-none-eabi/10.3.1/../../../../arm-none-eabi/lib/thumb/v7e-m+fp/hard\libc_nano.a(lib_a-sbrkr.o)
                0x000000000800e848                _sbrk_r
 .text.sprintf  0x000000000800e868       0x40 c:/st/stm32cubeide_1.11.0/stm32cubeide/plugins/com.st.stm32cube.ide.mcu.externaltools.gnu-tools-for-stm32.10.3-2021.10.win32_1.0.100.202210260954/tools/bin/../lib/gcc/arm-none-eabi/10.3.1/../../../../arm-none-eabi/lib/thumb/v7e-m+fp/hard\libc_nano.a(lib_a-sprintf.o)
                0x000000000800e868                siprintf
                0x000000000800e868                sprintf
 .text.__malloc_lock
                0x000000000800e8a8        0xc c:/st/stm32cubeide_1.11.0/stm32cubeide/plugins/com.st.stm32cube.ide.mcu.externaltools.gnu-tools-for-stm32.10.3-2021.10.win32_1.0.100.202210260954/tools/bin/../lib/gcc/arm-none-eabi/10.3.1/../../../../arm-none-eabi/lib/thumb/v7e-m+fp/hard\libc_nano.a(lib_a-mlock.o)
                0x000000000800e8a8                __malloc_lock
 .text.__malloc_unlock
                0x000000000800e8b4        0xc c:/st/stm32cubeide_1.11.0/stm32cubeide/plugins/com.st.stm32cube.ide.mcu.externaltools.gnu-tools-for-stm32.10.3-2021.10.win32_1.0.100.202210260954/tools/bin/../lib/gcc/arm-none-eabi/10.3.1/../../../../arm-none-eabi/lib/thumb/v7e-m+fp/hard\libc_nano.a(lib_a-mlock.o)
                0x000000000800e8b4                __malloc_unlock
 .text.__ssputs_r
                0x000000000800e8c0       0xb6 c:/st/stm32cubeide_1.11.0/stm32cubeide/plugins/com.st.stm32cube.ide.mcu.externaltools.gnu-tools-for-stm32.10.3-2021.10.win32_1.0.100.202210260954/tools/bin/../lib/gcc/arm-none-eabi/10.3.1/../../../../arm-none-eabi/lib/thumb/v7e-m+fp/hard\libc_nano.a(lib_a-nano-svfprintf.o)
                0x000000000800e8c0                __ssputs_r
 *fill*         0x000000000800e976        0x2 
 .text._svfprintf_r
                0x000000000800e978      0x200 c:/st/stm32cubeide_1.11.0/stm32cubeide/plugins/com.st.stm32cube.ide.mcu.externaltools.gnu-tools-for-stm32.10.3-2021.10.win32_1.0.100.202210260954/tools/bin/../lib/gcc/arm-none-eabi/10.3.1/../../../../arm-none-eabi/lib/thumb/v7e-m+fp/hard\libc_nano.a(lib_a-nano-svfprintf.o)
                0x000000000800e978                _svfiprintf_r
                0x000000000800e978                _svfprintf_r
 .text._printf_common
                0x000000000800eb78       0xda c:/st/stm32cubeide_1.11.0/stm32cubeide/plugins/com.st.stm32cube.ide.mcu.externaltools.gnu-tools-for-stm32.10.3-2021.10.win32_1.0.100.202210260954/tools/bin/../lib/gcc/arm-none-eabi/10.3.1/../../../../arm-none-eabi/lib/thumb/v7e-m+fp/hard\libc_nano.a(lib_a-nano-vfprintf_i.o)
                0x000000000800eb78                _printf_common
 *fill*         0x000000000800ec52        0x2 
 .text._printf_i
                0x000000000800ec54      0x24c c:/st/stm32cubeide_1.11.0/stm32cubeide/plugins/com.st.stm32cube.ide.mcu.externaltools.gnu-tools-for-stm32.10.3-2021.10.win32_1.0.100.202210260954/tools/bin/../lib/gcc/arm-none-eabi/10.3.1/../../../../arm-none-eabi/lib/thumb/v7e-m+fp/hard\libc_nano.a(lib_a-nano-vfprintf_i.o)
                0x000000000800ec54                _printf_i
 .text.__retarget_lock_acquire_recursive
                0x000000000800eea0        0x2 c:/st/stm32cubeide_1.11.0/stm32cubeide/plugins/com.st.stm32cube.ide.mcu.externaltools.gnu-tools-for-stm32.10.3-2021.10.win32_1.0.100.202210260954/tools/bin/../lib/gcc/arm-none-eabi/10.3.1/../../../../arm-none-eabi/lib/thumb/v7e-m+fp/hard\libc_nano.a(lib_a-lock.o)
                0x000000000800eea0                __retarget_lock_acquire_recursive
 .text.__retarget_lock_release_recursive
                0x000000000800eea2        0x2 c:/st/stm32cubeide_1.11.0/stm32cubeide/plugins/com.st.stm32cube.ide.mcu.externaltools.gnu-tools-for-stm32.10.3-2021.10.win32_1.0.100.202210260954/tools/bin/../lib/gcc/arm-none-eabi/10.3.1/../../../../arm-none-eabi/lib/thumb/v7e-m+fp/hard\libc_nano.a(lib_a-lock.o)
                0x000000000800eea2                __retarget_lock_release_recursive
 .text.memmove  0x000000000800eea4       0x34 c:/st/stm32cubeide_1.11.0/stm32cubeide/plugins/com.st.stm32cube.ide.mcu.externaltools.gnu-tools-for-stm32.10.3-2021.10.win32_1.0.100.202210260954/tools/bin/../lib/gcc/arm-none-eabi/10.3.1/../../../../arm-none-eabi/lib/thumb/v7e-m+fp/hard\libc_nano.a(lib_a-memmove.o)
                0x000000000800eea4                memmove
 .text._realloc_r
                0x000000000800eed8       0x5e c:/st/stm32cubeide_1.11.0/stm32cubeide/plugins/com.st.stm32cube.ide.mcu.externaltools.gnu-tools-for-stm32.10.3-2021.10.win32_1.0.100.202210260954/tools/bin/../lib/gcc/arm-none-eabi/10.3.1/../../../../arm-none-eabi/lib/thumb/v7e-m+fp/hard\libc_nano.a(lib_a-nano-reallocr.o)
                0x000000000800eed8                _realloc_r
 .text._malloc_usable_size_r
                0x000000000800ef36       0x10 c:/st/stm32cubeide_1.11.0/stm32cubeide/plugins/com.st.stm32cube.ide.mcu.externaltools.gnu-tools-for-stm32.10.3-2021.10.win32_1.0.100.202210260954/tools/bin/../lib/gcc/arm-none-eabi/10.3.1/../../../../arm-none-eabi/lib/thumb/v7e-m+fp/hard\libc_nano.a(lib_a-nano-msizer.o)
                0x000000000800ef36                _malloc_usable_size_r
 *(.glue_7)
 .glue_7        0x000000000800ef46        0x0 linker stubs
 *(.glue_7t)
 .glue_7t       0x000000000800ef46        0x0 linker stubs
 *(.eh_frame)
 *fill*         0x000000000800ef46        0x2 
 .eh_frame      0x000000000800ef48        0x0 c:/st/stm32cubeide_1.11.0/stm32cubeide/plugins/com.st.stm32cube.ide.mcu.externaltools.gnu-tools-for-stm32.10.3-2021.10.win32_1.0.100.202210260954/tools/bin/../lib/gcc/arm-none-eabi/10.3.1/thumb/v7e-m+fp/hard/crtbegin.o
 *(.init)
 .init          0x000000000800ef48        0x4 c:/st/stm32cubeide_1.11.0/stm32cubeide/plugins/com.st.stm32cube.ide.mcu.externaltools.gnu-tools-for-stm32.10.3-2021.10.win32_1.0.100.202210260954/tools/bin/../lib/gcc/arm-none-eabi/10.3.1/thumb/v7e-m+fp/hard/crti.o
                0x000000000800ef48                _init
 .init          0x000000000800ef4c        0x8 c:/st/stm32cubeide_1.11.0/stm32cubeide/plugins/com.st.stm32cube.ide.mcu.externaltools.gnu-tools-for-stm32.10.3-2021.10.win32_1.0.100.202210260954/tools/bin/../lib/gcc/arm-none-eabi/10.3.1/thumb/v7e-m+fp/hard/crtn.o
 *(.fini)
 .fini          0x000000000800ef54        0x4 c:/st/stm32cubeide_1.11.0/stm32cubeide/plugins/com.st.stm32cube.ide.mcu.externaltools.gnu-tools-for-stm32.10.3-2021.10.win32_1.0.100.202210260954/tools/bin/../lib/gcc/arm-none-eabi/10.3.1/thumb/v7e-m+fp/hard/crti.o
                0x000000000800ef54                _fini
 .fini          0x000000000800ef58        0x8 c:/st/stm32cubeide_1.11.0/stm32cubeide/plugins/com.st.stm32cube.ide.mcu.externaltools.gnu-tools-for-stm32.10.3-2021.10.win32_1.0.100.202210260954/tools/bin/../lib/gcc/arm-none-eabi/10.3.1/thumb/v7e-m+fp/hard/crtn.o
                0x000000000800ef60                . = ALIGN (0x4)
                0x000000000800ef60                _etext = .

.vfp11_veneer   0x000000000800ef60        0x0
 .vfp11_veneer  0x000000000800ef60        0x0 linker stubs

.v4_bx          0x000000000800ef60        0x0
 .v4_bx         0x000000000800ef60        0x0 linker stubs

.iplt           0x000000000800ef60        0x0
 .iplt          0x000000000800ef60        0x0 c:/st/stm32cubeide_1.11.0/stm32cubeide/plugins/com.st.stm32cube.ide.mcu.externaltools.gnu-tools-for-stm32.10.3-2021.10.win32_1.0.100.202210260954/tools/bin/../lib/gcc/arm-none-eabi/10.3.1/thumb/v7e-m+fp/hard/crtbegin.o

.rodata         0x000000000800ef60      0x240
                0x000000000800ef60                . = ALIGN (0x4)
 *(.rodata)
 .rodata        0x000000000800ef60       0xb0 ./Core/Src/main.o
 .rodata        0x000000000800f010        0x4 ./Middlewares/ST/STM32_USB_Host_Library/Class/MSC/Src/usbh_msc.o
 .rodata        0x000000000800f014       0x44 ./Middlewares/Third_Party/FatFs/src/ff.o
 *(.rodata*)
 .rodata.AHBPrescTable
                0x000000000800f058       0x10 ./Core/Src/system_stm32f4xx.o
                0x000000000800f058                AHBPrescTable
 .rodata.APBPrescTable
                0x000000000800f068        0x8 ./Core/Src/system_stm32f4xx.o
                0x000000000800f068                APBPrescTable
 .rodata.I2SFreq
                0x000000000800f070       0x20 ./Core/Src/wav_player.o
 .rodata.I2SPLLN
                0x000000000800f090       0x20 ./Core/Src/wav_player.o
 .rodata.I2SPLLR
                0x000000000800f0b0       0x20 ./Core/Src/wav_player.o
 .rodata.flagBitshiftOffset.0
                0x000000000800f0d0        0x8 ./Drivers/STM32F4xx_HAL_Driver/Src/stm32f4xx_hal_dma.o
 .rodata.USBH_Driver
                0x000000000800f0d8       0x14 ./FATFS/Target/usbh_diskio.o
                0x000000000800f0d8                USBH_Driver
 .rodata.ExCvt  0x000000000800f0ec       0x80 ./Middlewares/Third_Party/FatFs/src/ff.o
 .rodata._svfprintf_r.str1.1
                0x000000000800f16c       0x11 c:/st/stm32cubeide_1.11.0/stm32cubeide/plugins/com.st.stm32cube.ide.mcu.externaltools.gnu-tools-for-stm32.10.3-2021.10.win32_1.0.100.202210260954/tools/bin/../lib/gcc/arm-none-eabi/10.3.1/../../../../arm-none-eabi/lib/thumb/v7e-m+fp/hard\libc_nano.a(lib_a-nano-svfprintf.o)
 .rodata._printf_i.str1.1
                0x000000000800f17d       0x22 c:/st/stm32cubeide_1.11.0/stm32cubeide/plugins/com.st.stm32cube.ide.mcu.externaltools.gnu-tools-for-stm32.10.3-2021.10.win32_1.0.100.202210260954/tools/bin/../lib/gcc/arm-none-eabi/10.3.1/../../../../arm-none-eabi/lib/thumb/v7e-m+fp/hard\libc_nano.a(lib_a-nano-vfprintf_i.o)
                0x000000000800f1a0                . = ALIGN (0x4)
 *fill*         0x000000000800f19f        0x1 

.ARM.extab      0x000000000800f1a0        0x0
                0x000000000800f1a0                . = ALIGN (0x4)
 *(.ARM.extab* .gnu.linkonce.armextab.*)
                0x000000000800f1a0                . = ALIGN (0x4)

.ARM            0x000000000800f1a0        0x8
                0x000000000800f1a0                . = ALIGN (0x4)
                0x000000000800f1a0                __exidx_start = .
 *(.ARM.exidx*)
 .ARM.exidx     0x000000000800f1a0        0x8 c:/st/stm32cubeide_1.11.0/stm32cubeide/plugins/com.st.stm32cube.ide.mcu.externaltools.gnu-tools-for-stm32.10.3-2021.10.win32_1.0.100.202210260954/tools/bin/../lib/gcc/arm-none-eabi/10.3.1/thumb/v7e-m+fp/hard\libgcc.a(_udivmoddi4.o)
                0x000000000800f1a8                __exidx_end = .
                0x000000000800f1a8                . = ALIGN (0x4)

.rel.dyn        0x000000000800f1a8        0x0
 .rel.iplt      0x000000000800f1a8        0x0 c:/st/stm32cubeide_1.11.0/stm32cubeide/plugins/com.st.stm32cube.ide.mcu.externaltools.gnu-tools-for-stm32.10.3-2021.10.win32_1.0.100.202210260954/tools/bin/../lib/gcc/arm-none-eabi/10.3.1/thumb/v7e-m+fp/hard/crtbegin.o

.preinit_array  0x000000000800f1a8        0x0
                0x000000000800f1a8                . = ALIGN (0x4)
                0x000000000800f1a8                PROVIDE (__preinit_array_start = .)
 *(.preinit_array*)
                0x000000000800f1a8                PROVIDE (__preinit_array_end = .)
                0x000000000800f1a8                . = ALIGN (0x4)

.init_array     0x000000000800f1a8        0x4
                0x000000000800f1a8                . = ALIGN (0x4)
                0x000000000800f1a8                PROVIDE (__init_array_start = .)
 *(SORT_BY_NAME(.init_array.*))
 *(.init_array*)
 .init_array    0x000000000800f1a8        0x4 c:/st/stm32cubeide_1.11.0/stm32cubeide/plugins/com.st.stm32cube.ide.mcu.externaltools.gnu-tools-for-stm32.10.3-2021.10.win32_1.0.100.202210260954/tools/bin/../lib/gcc/arm-none-eabi/10.3.1/thumb/v7e-m+fp/hard/crtbegin.o
                0x000000000800f1ac                PROVIDE (__init_array_end = .)
                0x000000000800f1ac                . = ALIGN (0x4)

.fini_array     0x000000000800f1ac        0x4
                0x000000000800f1ac                . = ALIGN (0x4)
                [!provide]                        PROVIDE (__fini_array_start = .)
 *(SORT_BY_NAME(.fini_array.*))
 *(.fini_array*)
 .fini_array    0x000000000800f1ac        0x4 c:/st/stm32cubeide_1.11.0/stm32cubeide/plugins/com.st.stm32cube.ide.mcu.externaltools.gnu-tools-for-stm32.10.3-2021.10.win32_1.0.100.202210260954/tools/bin/../lib/gcc/arm-none-eabi/10.3.1/thumb/v7e-m+fp/hard/crtbegin.o
                [!provide]                        PROVIDE (__fini_array_end = .)
                0x000000000800f1b0                . = ALIGN (0x4)
                0x000000000800f1b0                _sidata = LOADADDR (.data)

.data           0x0000000020000000       0xc0 load address 0x000000000800f1b0
                0x0000000020000000                . = ALIGN (0x4)
                0x0000000020000000                _sdata = .
 *(.data)
 *(.data*)
 .data.songs    0x0000000020000000       0x2c ./Core/Src/main.o
                0x0000000020000000                songs
 .data.volume   0x000000002000002c        0x1 ./Core/Src/main.o
                0x000000002000002c                volume
 .data.song_idx
                0x000000002000002d        0x1 ./Core/Src/main.o
                0x000000002000002d                song_idx
 *fill*         0x000000002000002e        0x2 
 .data.SystemCoreClock
                0x0000000020000030        0x4 ./Core/Src/system_stm32f4xx.o
                0x0000000020000030                SystemCoreClock
 .data.uwTickPrio
                0x0000000020000034        0x4 ./Drivers/STM32F4xx_HAL_Driver/Src/stm32f4xx_hal.o
                0x0000000020000034                uwTickPrio
 .data.uwTickFreq
                0x0000000020000038        0x1 ./Drivers/STM32F4xx_HAL_Driver/Src/stm32f4xx_hal.o
                0x0000000020000038                uwTickFreq
 *fill*         0x0000000020000039        0x3 
 .data.USBH_msc
                0x000000002000003c       0x20 ./Middlewares/ST/STM32_USB_Host_Library/Class/MSC/Src/usbh_msc.o
                0x000000002000003c                USBH_msc
 .data._impure_ptr
                0x000000002000005c        0x4 c:/st/stm32cubeide_1.11.0/stm32cubeide/plugins/com.st.stm32cube.ide.mcu.externaltools.gnu-tools-for-stm32.10.3-2021.10.win32_1.0.100.202210260954/tools/bin/../lib/gcc/arm-none-eabi/10.3.1/../../../../arm-none-eabi/lib/thumb/v7e-m+fp/hard\libc_nano.a(lib_a-impure.o)
                0x000000002000005c                _impure_ptr
 .data.impure_data
                0x0000000020000060       0x60 c:/st/stm32cubeide_1.11.0/stm32cubeide/plugins/com.st.stm32cube.ide.mcu.externaltools.gnu-tools-for-stm32.10.3-2021.10.win32_1.0.100.202210260954/tools/bin/../lib/gcc/arm-none-eabi/10.3.1/../../../../arm-none-eabi/lib/thumb/v7e-m+fp/hard\libc_nano.a(lib_a-impure.o)
 *(.RamFunc)
 *(.RamFunc*)
                0x00000000200000c0                . = ALIGN (0x4)
                0x00000000200000c0                _edata = .
                0x000000000800f270                _siccmram = LOADADDR (.ccmram)

.igot.plt       0x00000000200000c0        0x0 load address 0x000000000800f270
 .igot.plt      0x00000000200000c0        0x0 c:/st/stm32cubeide_1.11.0/stm32cubeide/plugins/com.st.stm32cube.ide.mcu.externaltools.gnu-tools-for-stm32.10.3-2021.10.win32_1.0.100.202210260954/tools/bin/../lib/gcc/arm-none-eabi/10.3.1/thumb/v7e-m+fp/hard/crtbegin.o

.ccmram         0x0000000010000000        0x0 load address 0x000000000800f270
                0x0000000010000000                . = ALIGN (0x4)
                0x0000000010000000                _sccmram = .
 *(.ccmram)
 *(.ccmram*)
                0x0000000010000000                . = ALIGN (0x4)
                0x0000000010000000                _eccmram = .
                0x0000000010000000                . = ALIGN (0x4)

.bss            0x00000000200000c0     0x1d78
                0x00000000200000c0                _sbss = .
                0x00000000200000c0                __bss_start__ = _sbss
 *(.bss)
 .bss           0x00000000200000c0       0x1c c:/st/stm32cubeide_1.11.0/stm32cubeide/plugins/com.st.stm32cube.ide.mcu.externaltools.gnu-tools-for-stm32.10.3-2021.10.win32_1.0.100.202210260954/tools/bin/../lib/gcc/arm-none-eabi/10.3.1/thumb/v7e-m+fp/hard/crtbegin.o
 *(.bss*)
 .bss.i2cx      0x00000000200000dc       0x54 ./Core/Src/cs43l22.o
 .bss.hdac      0x0000000020000130       0x14 ./Core/Src/main.o
                0x0000000020000130                hdac
 .bss.hi2c1     0x0000000020000144       0x54 ./Core/Src/main.o
                0x0000000020000144                hi2c1
 .bss.hi2s3     0x0000000020000198       0x48 ./Core/Src/main.o
                0x0000000020000198                hi2s3
 .bss.hdma_spi3_tx
                0x00000000200001e0       0x60 ./Core/Src/main.o
                0x00000000200001e0                hdma_spi3_tx
 .bss.htim1     0x0000000020000240       0x48 ./Core/Src/main.o
                0x0000000020000240                htim1
 .bss.song_mov  0x0000000020000288        0x1 ./Core/Src/main.o
                0x0000000020000288                song_mov
 *fill*         0x0000000020000289        0x3 
 .bss.__sbrk_heap_end
                0x000000002000028c        0x4 ./Core/Src/sysmem.o
 .bss.i2sptr    0x0000000020000290        0x4 ./Core/Src/wav_player.o
 .bss.wavFile   0x0000000020000294      0x230 ./Core/Src/wav_player.o
 .bss.fileLength
                0x00000000200004c4        0x4 ./Core/Src/wav_player.o
 .bss.audioBuffer
                0x00000000200004c8     0x1000 ./Core/Src/wav_player.o
 .bss.audioRemainSize
                0x00000000200014c8        0x4 ./Core/Src/wav_player.o
 .bss.samplingFreq
                0x00000000200014cc        0x4 ./Core/Src/wav_player.o
 .bss.player_bytes_read
                0x00000000200014d0        0x4 ./Core/Src/wav_player.o
 .bss.is_song_finished
                0x00000000200014d4        0x1 ./Core/Src/wav_player.o
 .bss.playerControlSM
                0x00000000200014d5        0x1 ./Core/Src/wav_player.o
 *fill*         0x00000000200014d6        0x2 
 .bss.uwTick    0x00000000200014d8        0x4 ./Drivers/STM32F4xx_HAL_Driver/Src/stm32f4xx_hal.o
                0x00000000200014d8                uwTick
 .bss.retUSBH   0x00000000200014dc        0x1 ./FATFS/App/fatfs.o
                0x00000000200014dc                retUSBH
 *fill*         0x00000000200014dd        0x3 
 .bss.USBHPath  0x00000000200014e0        0x4 ./FATFS/App/fatfs.o
                0x00000000200014e0                USBHPath
 .bss.USBHFatFS
                0x00000000200014e4      0x230 ./FATFS/App/fatfs.o
                0x00000000200014e4                USBHFatFS
 .bss.FatFs     0x0000000020001714        0x4 ./Middlewares/Third_Party/FatFs/src/ff.o
 .bss.Fsid      0x0000000020001718        0x2 ./Middlewares/Third_Party/FatFs/src/ff.o
 *fill*         0x000000002000171a        0x2 
 .bss.Files     0x000000002000171c       0x20 ./Middlewares/Third_Party/FatFs/src/ff.o
 .bss.disk      0x000000002000173c        0xc ./Middlewares/Third_Party/FatFs/src/ff_gen_drv.o
                0x000000002000173c                disk
 .bss.hUsbHostFS
                0x0000000020001748      0x3d8 ./USB_HOST/App/usb_host.o
                0x0000000020001748                hUsbHostFS
 .bss.Appli_state
                0x0000000020001b20        0x1 ./USB_HOST/App/usb_host.o
                0x0000000020001b20                Appli_state
 *fill*         0x0000000020001b21        0x3 
 .bss.hhcd_USB_OTG_FS
                0x0000000020001b24      0x304 ./USB_HOST/Target/usbh_conf.o
                0x0000000020001b24                hhcd_USB_OTG_FS
 .bss.__malloc_free_list
                0x0000000020001e28        0x4 c:/st/stm32cubeide_1.11.0/stm32cubeide/plugins/com.st.stm32cube.ide.mcu.externaltools.gnu-tools-for-stm32.10.3-2021.10.win32_1.0.100.202210260954/tools/bin/../lib/gcc/arm-none-eabi/10.3.1/../../../../arm-none-eabi/lib/thumb/v7e-m+fp/hard\libc_nano.a(lib_a-nano-mallocr.o)
                0x0000000020001e28                __malloc_free_list
 .bss.__malloc_sbrk_start
                0x0000000020001e2c        0x4 c:/st/stm32cubeide_1.11.0/stm32cubeide/plugins/com.st.stm32cube.ide.mcu.externaltools.gnu-tools-for-stm32.10.3-2021.10.win32_1.0.100.202210260954/tools/bin/../lib/gcc/arm-none-eabi/10.3.1/../../../../arm-none-eabi/lib/thumb/v7e-m+fp/hard\libc_nano.a(lib_a-nano-mallocr.o)
                0x0000000020001e2c                __malloc_sbrk_start
 .bss.errno     0x0000000020001e30        0x4 c:/st/stm32cubeide_1.11.0/stm32cubeide/plugins/com.st.stm32cube.ide.mcu.externaltools.gnu-tools-for-stm32.10.3-2021.10.win32_1.0.100.202210260954/tools/bin/../lib/gcc/arm-none-eabi/10.3.1/../../../../arm-none-eabi/lib/thumb/v7e-m+fp/hard\libc_nano.a(lib_a-reent.o)
                0x0000000020001e30                errno
 .bss.__lock___malloc_recursive_mutex
                0x0000000020001e34        0x1 c:/st/stm32cubeide_1.11.0/stm32cubeide/plugins/com.st.stm32cube.ide.mcu.externaltools.gnu-tools-for-stm32.10.3-2021.10.win32_1.0.100.202210260954/tools/bin/../lib/gcc/arm-none-eabi/10.3.1/../../../../arm-none-eabi/lib/thumb/v7e-m+fp/hard\libc_nano.a(lib_a-lock.o)
                0x0000000020001e34                __lock___malloc_recursive_mutex
 *(COMMON)
                0x0000000020001e38                . = ALIGN (0x4)
 *fill*         0x0000000020001e35        0x3 
                0x0000000020001e38                _ebss = .
                0x0000000020001e38                __bss_end__ = _ebss

._user_heap_stack
                0x0000000020001e38     0x4000
                0x0000000020001e38                . = ALIGN (0x8)
                [!provide]                        PROVIDE (end = .)
                0x0000000020001e38                PROVIDE (_end = .)
                0x0000000020003e38                . = (. + _Min_Heap_Size)
 *fill*         0x0000000020001e38     0x2000 
                0x0000000020005e38                . = (. + _Min_Stack_Size)
 *fill*         0x0000000020003e38     0x2000 
                0x0000000020005e38                . = ALIGN (0x8)

/DISCARD/
 libc.a(*)
 libm.a(*)
 libgcc.a(*)

.ARM.attributes
                0x0000000000000000       0x30
 *(.ARM.attributes)
 .ARM.attributes
                0x0000000000000000       0x1e c:/st/stm32cubeide_1.11.0/stm32cubeide/plugins/com.st.stm32cube.ide.mcu.externaltools.gnu-tools-for-stm32.10.3-2021.10.win32_1.0.100.202210260954/tools/bin/../lib/gcc/arm-none-eabi/10.3.1/thumb/v7e-m+fp/hard/crti.o
 .ARM.attributes
                0x000000000000001e       0x34 c:/st/stm32cubeide_1.11.0/stm32cubeide/plugins/com.st.stm32cube.ide.mcu.externaltools.gnu-tools-for-stm32.10.3-2021.10.win32_1.0.100.202210260954/tools/bin/../lib/gcc/arm-none-eabi/10.3.1/thumb/v7e-m+fp/hard/crtbegin.o
 .ARM.attributes
                0x0000000000000052       0x34 ./Core/Src/cs43l22.o
 .ARM.attributes
                0x0000000000000086       0x34 ./Core/Src/lcd.o
 .ARM.attributes
                0x00000000000000ba       0x34 ./Core/Src/main.o
 .ARM.attributes
                0x00000000000000ee       0x34 ./Core/Src/stm32f4xx_hal_msp.o
 .ARM.attributes
                0x0000000000000122       0x34 ./Core/Src/stm32f4xx_it.o
 .ARM.attributes
                0x0000000000000156       0x34 ./Core/Src/sysmem.o
 .ARM.attributes
                0x000000000000018a       0x34 ./Core/Src/system_stm32f4xx.o
 .ARM.attributes
                0x00000000000001be       0x34 ./Core/Src/wav_player.o
 .ARM.attributes
                0x00000000000001f2       0x21 ./Core/Startup/startup_stm32f407vgtx.o
 .ARM.attributes
                0x0000000000000213       0x34 ./Drivers/STM32F4xx_HAL_Driver/Src/stm32f4xx_hal.o
 .ARM.attributes
                0x0000000000000247       0x34 ./Drivers/STM32F4xx_HAL_Driver/Src/stm32f4xx_hal_cortex.o
 .ARM.attributes
                0x000000000000027b       0x34 ./Drivers/STM32F4xx_HAL_Driver/Src/stm32f4xx_hal_dac.o
 .ARM.attributes
                0x00000000000002af       0x34 ./Drivers/STM32F4xx_HAL_Driver/Src/stm32f4xx_hal_dma.o
 .ARM.attributes