Archive member included to satisfy reference by file (symbol)

c:/st/stm32cubeide_1.11.0/stm32cubeide/plugins/com.st.stm32cube.ide.mcu.externaltools.gnu-tools-for-stm32.10.3-2021.10.win32_1.0.100.202210260954/tools/bin/../lib/gcc/arm-none-eabi/10.3.1/../../../../arm-none-eabi/lib/thumb/v7e-m+fp/hard\libc_nano.a(lib_a-errno.o)
                              ./Core/Src/syscalls.o (__errno)
c:/st/stm32cubeide_1.11.0/stm32cubeide/plugins/com.st.stm32cube.ide.mcu.externaltools.gnu-tools-for-stm32.10.3-2021.10.win32_1.0.100.202210260954/tools/bin/../lib/gcc/arm-none-eabi/10.3.1/../../../../arm-none-eabi/lib/thumb/v7e-m+fp/hard\libc_nano.a(lib_a-exit.o)
                              c:/st/stm32cubeide_1.11.0/stm32cubeide/plugins/com.st.stm32cube.ide.mcu.externaltools.gnu-tools-for-stm32.10.3-2021.10.win32_1.0.100.202210260954/tools/bin/../lib/gcc/arm-none-eabi/10.3.1/../../../../arm-none-eabi/lib/thumb/v7e-m+fp/hard/crt0.o (exit)
c:/st/stm32cubeide_1.11.0/stm32cubeide/plugins/com.st.stm32cube.ide.mcu.externaltools.gnu-tools-for-stm32.10.3-2021.10.win32_1.0.100.202210260954/tools/bin/../lib/gcc/arm-none-eabi/10.3.1/../../../../arm-none-eabi/lib/thumb/v7e-m+fp/hard\libc_nano.a(lib_a-impure.o)
                              c:/st/stm32cubeide_1.11.0/stm32cubeide/plugins/com.st.stm32cube.ide.mcu.externaltools.gnu-tools-for-stm32.10.3-2021.10.win32_1.0.100.202210260954/tools/bin/../lib/gcc/arm-none-eabi/10.3.1/../../../../arm-none-eabi/lib/thumb/v7e-m+fp/hard\libc_nano.a(lib_a-exit.o) (_global_impure_ptr)
c:/st/stm32cubeide_1.11.0/stm32cubeide/plugins/com.st.stm32cube.ide.mcu.externaltools.gnu-tools-for-stm32.10.3-2021.10.win32_1.0.100.202210260954/tools/bin/../lib/gcc/arm-none-eabi/10.3.1/../../../../arm-none-eabi/lib/thumb/v7e-m+fp/hard\libc_nano.a(lib_a-init.o)
                              c:/st/stm32cubeide_1.11.0/stm32cubeide/plugins/com.st.stm32cube.ide.mcu.externaltools.gnu-tools-for-stm32.10.3-2021.10.win32_1.0.100.202210260954/tools/bin/../lib/gcc/arm-none-eabi/10.3.1/../../../../arm-none-eabi/lib/thumb/v7e-m+fp/hard/crt0.o (__libc_init_array)
c:/st/stm32cubeide_1.11.0/stm32cubeide/plugins/com.st.stm32cube.ide.mcu.externaltools.gnu-tools-for-stm32.10.3-2021.10.win32_1.0.100.202210260954/tools/bin/../lib/gcc/arm-none-eabi/10.3.1/../../../../arm-none-eabi/lib/thumb/v7e-m+fp/hard\libc_nano.a(lib_a-malloc.o)
                              ./Middlewares/ST/STM32_USB_Host_Library/Class/MSC/Src/usbh_msc.o (malloc)
c:/st/stm32cubeide_1.11.0/stm32cubeide/plugins/com.st.stm32cube.ide.mcu.externaltools.gnu-tools-for-stm32.10.3-2021.10.win32_1.0.100.202210260954/tools/bin/../lib/gcc/arm-none-eabi/10.3.1/../../../../arm-none-eabi/lib/thumb/v7e-m+fp/hard\libc_nano.a(lib_a-memcpy-stub.o)
                              ./Core/Src/cs43l22.o (memcpy)
c:/st/stm32cubeide_1.11.0/stm32cubeide/plugins/com.st.stm32cube.ide.mcu.externaltools.gnu-tools-for-stm32.10.3-2021.10.win32_1.0.100.202210260954/tools/bin/../lib/gcc/arm-none-eabi/10.3.1/../../../../arm-none-eabi/lib/thumb/v7e-m+fp/hard\libc_nano.a(lib_a-memset.o)
                              c:/st/stm32cubeide_1.11.0/stm32cubeide/plugins/com.st.stm32cube.ide.mcu.externaltools.gnu-tools-for-stm32.10.3-2021.10.win32_1.0.100.202210260954/tools/bin/../lib/gcc/arm-none-eabi/10.3.1/../../../../arm-none-eabi/lib/thumb/v7e-m+fp/hard/crt0.o (memset)
c:/st/stm32cubeide_1.11.0/stm32cubeide/plugins/com.st.stm32cube.ide.mcu.externaltools.gnu-tools-for-stm32.10.3-2021.10.win32_1.0.100.202210260954/tools/bin/../lib/gcc/arm-none-eabi/10.3.1/../../../../arm-none-eabi/lib/thumb/v7e-m+fp/hard\libc_nano.a(lib_a-nano-freer.o)
                              c:/st/stm32cubeide_1.11.0/stm32cubeide/plugins/com.st.stm32cube.ide.mcu.externaltools.gnu-tools-for-stm32.10.3-2021.10.win32_1.0.100.202210260954/tools/bin/../lib/gcc/arm-none-eabi/10.3.1/../../../../arm-none-eabi/lib/thumb/v7e-m+fp/hard\libc_nano.a(lib_a-malloc.o) (_free_r)
c:/st/stm32cubeide_1.11.0/stm32cubeide/plugins/com.st.stm32cube.ide.mcu.externaltools.gnu-tools-for-stm32.10.3-2021.10.win32_1.0.100.202210260954/tools/bin/../lib/gcc/arm-none-eabi/10.3.1/../../../../arm-none-eabi/lib/thumb/v7e-m+fp/hard\libc_nano.a(lib_a-nano-mallocr.o)
                              c:/st/stm32cubeide_1.11.0/stm32cubeide/plugins/com.st.stm32cube.ide.mcu.externaltools.gnu-tools-for-stm32.10.3-2021.10.win32_1.0.100.202210260954/tools/bin/../lib/gcc/arm-none-eabi/10.3.1/../../../../arm-none-eabi/lib/thumb/v7e-m+fp/hard\libc_nano.a(lib_a-malloc.o) (_malloc_r)
c:/st/stm32cubeide_1.11.0/stm32cubeide/plugins/com.st.stm32cube.ide.mcu.externaltools.gnu-tools-for-stm32.10.3-2021.10.win32_1.0.100.202210260954/tools/bin/../lib/gcc/arm-none-eabi/10.3.1/../../../../arm-none-eabi/lib/thumb/v7e-m+fp/hard\libc_nano.a(lib_a-sbrkr.o)
[...]
Memory Configuration

Name             Origin             Length             Attributes
CCMRAM           0x0000000010000000 0x0000000000010000 xrw
RAM              0x0000000020000000 0x0000000000020000 xrw
FLASH            0x0000000008000000 0x0000000000100000 xr
*default*        0x0000000000000000 0xffffffffffffffff

Linker script and memory map

LOAD c:/st/stm32cubeide_1.11.0/stm32cubeide/plugins/com.st.stm32cube.ide.mcu.externaltools.gnu-tools-for-stm32.10.3-2021.10.win32_1.0.100.202210260954/tools/bin/../lib/gcc/arm-none-eabi/10.3.1/thumb/v7e-m+fp/hard/crti.o
LOAD c:/st/stm32cubeide_1.11.0/stm32cubeide/plugins/com.st.stm32cube.ide.mcu.externaltools.gnu-tools-for-stm32.10.3-2021.10.win32_1.0.100.202210260954/tools/bin/../lib/gcc/arm-none-eabi/10.3.1/thumb/v7e-m+fp/hard/crtbegin.o
LOAD c:/st/stm32cubeide_1.11.0/stm32cubeide/plugins/com.st.stm32cube.ide.mcu.externaltools.gnu-tools-for-stm32.10.3-2021.10.win32_1.0.100.202210260954/tools/bin/../lib/gcc/arm-none-eabi/10.3.1/../../../../arm-none-eabi/lib/thumb/v7e-m+fp/hard/crt0.o
LOAD ./Core/Src/cs43l22.o
LOAD ./Core/Src/lcd.o
LOAD ./Core/Src/main.o
LOAD ./Core/Src/stm32f4xx_hal_msp.o
LOAD ./Core/Src/stm32f4xx_it.o
LOAD ./Core/Src/syscalls.o
LOAD ./Core/Src/sysmem.o
LOAD ./Core/Src/system_stm32f4xx.o
LOAD ./Core/Src/wav_player.o
LOAD ./Core/Startup/startup_stm32f407vgtx.o
LOAD ./Drivers/STM32F4xx_HAL_Driver/Src/stm32f4xx_hal.o
LOAD ./Drivers/STM32F4xx_HAL_Driver/Src/stm32f4xx_hal_cortex.o
LOAD ./Drivers/STM32F4xx_HAL_Driver/Src/stm32f4xx_hal_dac.o
LOAD ./Drivers/STM32F4xx_HAL_Driver/Src/stm32f4xx_hal_dac_ex.o
LOAD ./Drivers/STM32F4xx_HAL_Driver/Src/stm32f4xx_hal_dma.o
LOAD ./Drivers/STM32F4xx_HAL_Driver/Src/stm32f4xx_hal_dma_ex.o
LOAD ./Drivers/STM32F4xx_HAL_Driver/Src/stm32f4xx_hal_exti.o
LOAD ./Drivers/STM32F4xx_HAL_Driver/Src/stm32f4xx_hal_flash.o
LOAD ./Drivers/STM32F4xx_HAL_Driver/Src/stm32f4xx_hal_flash_ex.o
LOAD ./Drivers/STM32F4xx_HAL_Driver/Src/stm32f4xx_hal_flash_ramfunc.o
LOAD ./Drivers/STM32F4xx_HAL_Driver/Src/stm32f4xx_hal_gpio.o
LOAD ./Drivers/STM32F4xx_HAL_Driver/Src/stm32f4xx_hal_hcd.o
LOAD ./Drivers/STM32F4xx_HAL_Driver/Src/stm32f4xx_hal_i2c.o
LOAD ./Drivers/STM32F4xx_HAL_Driver/Src/stm32f4xx_hal_i2c_ex.o
LOAD ./Drivers/STM32F4xx_HAL_Driver/Src/stm32f4xx_hal_i2s.o
LOAD ./Drivers/STM32F4xx_HAL_Driver/Src/stm32f4xx_hal_i2s_ex.o
LOAD ./Drivers/STM32F4xx_HAL_Driver/Src/stm32f4xx_hal_pwr.o
LOAD ./Drivers/STM32F4xx_HAL_Driver/Src/stm32f4xx_hal_pwr_ex.o
LOAD ./Drivers/STM32F4xx_HAL_Driver/Src/stm32f4xx_hal_rcc.o
LOAD ./Drivers/STM32F4xx_HAL_Driver/Src/stm32f4xx_hal_rcc_ex.o
LOAD ./Drivers/STM32F4xx_HAL_Driver/Src/stm32f4xx_hal_tim.o
LOAD ./Drivers/STM32F4xx_HAL_Driver/Src/stm32f4xx_hal_tim_ex.o
LOAD ./Drivers/STM32F4xx_HAL_Driver/Src/stm32f4xx_ll_usb.o
LOAD ./FATFS/App/fatfs.o
LOAD ./FATFS/Target/usbh_diskio.o
LOAD ./Middlewares/ST/STM32_USB_Host_Library/Class/MSC/Src/usbh_msc.o
LOAD ./Middlewares/ST/STM32_USB_Host_Library/Class/MSC/Src/usbh_msc_bot.o
LOAD ./Middlewares/ST/STM32_USB_Host_Library/Class/MSC/Src/usbh_msc_scsi.o
LOAD ./Middlewares/ST/STM32_USB_Host_Library/Core/Src/usbh_core.o
LOAD ./Middlewares/ST/STM32_USB_Host_Library/Core/Src/usbh_ctlreq.o
LOAD ./Middlewares/ST/STM32_USB_Host_Library/Core/Src/usbh_ioreq.o
LOAD ./Middlewares/ST/STM32_USB_Host_Library/Core/Src/usbh_pipes.o
LOAD ./Middlewares/Third_Party/FatFs/src/diskio.o
LOAD ./Middlewares/Third_Party/FatFs/src/ff.o
LOAD ./Middlewares/Third_Party/FatFs/src/ff_gen_drv.o
LOAD ./Middlewares/Third_Party/FatFs/src/option/syscall.o
LOAD ./USB_HOST/App/usb_host.o
LOAD ./USB_HOST/Target/usbh_conf.o
START GROUP
LOAD c:/st/stm32cubeide_1.11.0/stm32cubeide/plugins/com.st.stm32cube.ide.mcu.externaltools.gnu-tools-for-stm32.10.3-2021.10.win32_1.0.100.202210260954/tools/bin/../lib/gcc/arm-none-eabi/10.3.1/../../../../arm-none-eabi/lib/thumb/v7e-m+fp/hard\libc_nano.a
LOAD c:/st/stm32cubeide_1.11.0/stm32cubeide/plugins/com.st.stm32cube.ide.mcu.externaltools.gnu-tools-for-stm32.10.3-2021.10.win32_1.0.100.202210260954/tools/bin/../lib/gcc/arm-none-eabi/10.3.1/../../../../arm-none-eabi/lib/thumb/v7e-m+fp/hard\libm.a
END GROUP
START GROUP
LOAD c:/st/stm32cubeide_1.11.0/stm32cubeide/plugins/com.st.stm32cube.ide.mcu.externaltools.gnu-tools-for-stm32.10.3-2021.10.win32_1.0.100.202210260954/tools/bin/../lib/gcc/arm-none-eabi/10.3.1/thumb/v7e-m+fp/hard\libgcc.a
LOAD c:/st/stm32cubeide_1.11.0/stm32cubeide/plugins/com.st.stm32cube.ide.mcu.externaltools.gnu-tools-for-stm32.10.3-2021.10.win32_1.0.100.202210260954/tools/bin/../lib/gcc/arm-none-eabi/10.3.1/../../../../arm-none-eabi/lib/thumb/v7e-m+fp/hard\libc_nano.a
END GROUP
START GROUP
LOAD c:/st/stm32cubeide_1.11.0/stm32cubeide/plugins/com.st.stm32cube.ide.mcu.externaltools.gnu-tools-for-stm32.10.3-2021.10.win32_1.0.100.202210260954/tools/bin/../lib/gcc/arm-none-eabi/10.3.1/thumb/v7e-m+fp/hard\libgcc.a
LOAD c:/st/stm32cubeide_1.11.0/stm32cubeide/plugins/com.st.stm32cube.ide.mcu.externaltools.gnu-tools-for-stm32.10.3-2021.10.win32_1.0.100.202210260954/tools/bin/../lib/gcc/arm-none-eabi/10.3.1/../../../../arm-none-eabi/lib/thumb/v7e-m+fp/hard\libc_nano.a
LOAD c:/st/stm32cubeide_1.11.0/stm32cubeide/plugins/com.st.stm32cube.ide.mcu.externaltools.gnu-tools-for-stm32.10.3-2021.10.win32_1.0.100.202210260954/tools/bin/../lib/gcc/arm-none-eabi/10.3.1/../../../../arm-none-eabi/lib/thumb/v7e-m+fp/hard\libnosys.a
END GROUP
START GROUP
LOAD c:/st/stm32cubeide_1.11.0/stm32cubeide/plugins/com.st.stm32cube.ide.mcu.externaltools.gnu-tools-for-stm32.10.3-2021.10.win32_1.0.100.202210260954/tools/bin/../lib/gcc/arm-none-eabi/10.3.1/thumb/v7e-m+fp/hard\libgcc.a
LOAD c:/st/stm32cubeide_1.11.0/stm32cubeide/plugins/com.st.stm32cube.ide.mcu.externaltools.gnu-tools-for-stm32.10.3-2021.10.win32_1.0.100.202210260954/tools/bin/../lib/gcc/arm-none-eabi/10.3.1/../../../../arm-none-eabi/lib/thumb/v7e-m+fp/hard\libc_nano.a
LOAD c:/st/stm32cubeide_1.11.0/stm32cubeide/plugins/com.st.stm32cube.ide.mcu.externaltools.gnu-tools-for-stm32.10.3-2021.10.win32_1.0.100.202210260954/tools/bin/../lib/gcc/arm-none-eabi/10.3.1/../../../../arm-none-eabi/lib/thumb/v7e-m+fp/hard\libnosys.a
END GROUP
LOAD c:/st/stm32cubeide_1.11.0/stm32cubeide/plugins/com.st.stm32cube.ide.mcu.externaltools.gnu-tools-for-stm32.10.3-2021.10.win32_1.0.100.202210260954/tools/bin/../lib/gcc/arm-none-eabi/10.3.1/thumb/v7e-m+fp/hard/crtend.o
LOAD c:/st/stm32cubeide_1.11.0/stm32cubeide/plugins/com.st.stm32cube.ide.mcu.externaltools.gnu-tools-for-stm32.10.3-2021.10.win32_1.0.100.202210260954/tools/bin/../lib/gcc/arm-none-eabi/10.3.1/thumb/v7e-m+fp/hard/crtn.o
                0x0000000020020000                _estack = (ORIGIN (RAM) + LENGTH (RAM))
                0x0000000000002000                _Min_Heap_Size = 0x2000
                0x0000000000002000                _Min_Stack_Size = 0x2000

.isr_vector     0x0000000008000000      0x188
                0x0000000008000000                . = ALIGN (0x4)
 *(.isr_vector)
 .isr_vector    0x0000000008000000      0x188 ./Core/Startup/startup_stm32f407vgtx.o
                0x0000000008000000                g_pfnVectors
                0x0000000008000188                . = ALIGN (0x4)

.text           0x0000000008000190     0xed1c
                0x0000000008000190                . = ALIGN (0x4)
 *(.text)
 .text          0x0000000008000190       0x40 c:/st/stm32cubeide_1.11.0/stm32cubeide/plugins/com.st.stm32cube.ide.mcu.externaltools.gnu-tools-for-stm32.10.3-2021.10.win32_1.0.100.202210260954/tools/bin/../lib/gcc/arm-none-eabi/10.3.1/thumb/v7e-m+fp/hard/crtbegin.o
 .text          0x00000000080001d0       0xa0 c:/st/stm32cubeide_1.11.0/stm32cubeide/plugins/com.st.stm32cube.ide.mcu.externaltools.gnu-tools-for-stm32.10.3-2021.10.win32_1.0.100.202210260954/tools/bin/../lib/gcc/arm-none-eabi/10.3.1/../../../../arm-none-eabi/lib/thumb/v7e-m+fp/hard\libc_nano.a(lib_a-memchr.o)
                0x00000000080001d0                memchr
 .text          0x0000000008000270       0x30 c:/st/stm32cubeide_1.11.0/stm32cubeide/plugins/com.st.stm32cube.ide.mcu.externaltools.gnu-tools-for-stm32.10.3-2021.10.win32_1.0.100.202210260954/tools/bin/../lib/gcc/arm-none-eabi/10.3.1/thumb/v7e-m+fp/hard\libgcc.a(_aeabi_uldivmod.o)
                0x0000000008000270                __aeabi_uldivmod
 .text          0x00000000080002a0      0x2d0 c:/st/stm32cubeide_1.11.0/stm32cubeide/plugins/com.st.stm32cube.ide.mcu.externaltools.gnu-tools-for-stm32.10.3-2021.10.win32_1.0.100.202210260954/tools/bin/../lib/gcc/arm-none-eabi/10.3.1/thumb/v7e-m+fp/hard\libgcc.a(_udivmoddi4.o)
                0x00000000080002a0                __udivmoddi4
 .text          0x0000000008000570        0x4 c:/st/stm32cubeide_1.11.0/stm32cubeide/plugins/com.st.stm32cube.ide.mcu.externaltools.gnu-tools-for-stm32.10.3-2021.10.win32_1.0.100.202210260954/tools/bin/../lib/gcc/arm-none-eabi/10.3.1/thumb/v7e-m+fp/hard\libgcc.a(_dvmd_tls.o)
                0x0000000008000570                __aeabi_idiv0
                0x0000000008000570                __aeabi_ldiv0
 *(.text*)
 .text.CS43_write_register
                0x0000000008000574       0x38 ./Core/Src/cs43l22.o
 .text.CS43_read_register
                0x00000000080005ac       0x40 ./Core/Src/cs43l22.o
 .text.CS43_init
                0x00000000080005ec      0x144 ./Core/Src/cs43l22.o
                0x00000000080005ec                CS43_init
 .text.CS43_set_volume
                0x0000000008000730       0x3a ./Core/Src/cs43l22.o
                0x0000000008000730                CS43_set_volume
 .text.CS43_start
                0x000000000800076a       0x7e ./Core/Src/cs43l22.o
                0x000000000800076a                CS43_start
 .text.CS43_stop
                0x00000000080007e8       0x30 ./Core/Src/cs43l22.o
                0x00000000080007e8                CS43_stop
 .text.delay_us
                0x0000000008000818       0x34 ./Core/Src/lcd.o
 .text.lcd_write
                0x000000000800084c       0x9c ./Core/Src/lcd.o
 .text.lcd_send_cmd
                0x00000000080008e8       0x30 ./Core/Src/lcd.o
 .text.lcd_send_data
                0x0000000008000918       0x30 ./Core/Src/lcd.o
 .text.lcd_clear
                0x0000000008000948       0x14 ./Core/Src/lcd.o
                0x0000000008000948                lcd_clear
 .text.lcd_update_cur
                0x000000000800095c       0x3e ./Core/Src/lcd.o
                0x000000000800095c                lcd_update_cur
 .text.lcd_init
                0x000000000800099a       0x74 ./Core/Src/lcd.o
                0x000000000800099a                lcd_init
 .text.lcd_write_string
                0x0000000008000a0e       0x2a ./Core/Src/lcd.o
                0x0000000008000a0e                lcd_write_string
 .text.display_song_info
                0x0000000008000a38       0x78 ./Core/Src/main.o
 .text.update_volume_display
                0x0000000008000ab0       0x38 ./Core/Src/main.o
 .text.main     0x0000000008000ae8      0x220 ./Core/Src/main.o
                0x0000000008000ae8                main
 .text.SystemClock_Config
                0x0000000008000d08       0xd4 ./Core/Src/main.o
                0x0000000008000d08                SystemClock_Config
 .text.MX_DAC_Init
                0x0000000008000ddc       0x54 ./Core/Src/main.o
 .text.MX_I2C1_Init
                0x0000000008000e30       0x5c ./Core/Src/main.o
 .text.MX_I2S3_Init
                0x0000000008000e8c       0x5c ./Core/Src/main.o
 .text.MX_TIM1_Init
                0x0000000008000ee8       0xa0 ./Core/Src/main.o
 .text.MX_DMA_Init
                0x0000000008000f88       0x40 ./Core/Src/main.o
 .text.MX_GPIO_Init
                0x0000000008000fc8      0x1e0 ./Core/Src/main.o
 .text.HAL_GPIO_EXTI_Callback
                0x00000000080011a8       0xec ./Core/Src/main.o
                0x00000000080011a8                HAL_GPIO_EXTI_Callback
 .text.Error_Handler
                0x0000000008001294        0xa ./Core/Src/main.o
                0x0000000008001294                Error_Handler
 *fill*         0x000000000800129e        0x2 
 .text.HAL_MspInit
                0x00000000080012a0       0x50 ./Core/Src/stm32f4xx_hal_msp.o
                0x00000000080012a0                HAL_MspInit
 .text.HAL_DAC_MspInit
                0x00000000080012f0       0x88 ./Core/Src/stm32f4xx_hal_msp.o
                0x00000000080012f0                HAL_DAC_MspInit
 .text.HAL_I2C_MspInit
                0x0000000008001378       0x90 ./Core/Src/stm32f4xx_hal_msp.o
                0x0000000008001378                HAL_I2C_MspInit
 .text.HAL_I2S_MspInit
                0x0000000008001408      0x17c ./Core/Src/stm32f4xx_hal_msp.o
                0x0000000008001408                HAL_I2S_MspInit
 .text.HAL_TIM_Base_MspInit
                0x0000000008001584       0x44 ./Core/Src/stm32f4xx_hal_msp.o
                0x0000000008001584                HAL_TIM_Base_MspInit
 .text.NMI_Handler
                0x00000000080015c8        0x6 ./Core/Src/stm32f4xx_it.o
                0x00000000080015c8                NMI_Handler
 .text.HardFault_Handler
                0x00000000080015ce        0x6 ./Core/Src/stm32f4xx_it.o
                0x00000000080015ce                HardFault_Handler
 .text.MemManage_Handler
                0x00000000080015d4        0x6 ./Core/Src/stm32f4xx_it.o
                0x00000000080015d4                MemManage_Handler
 .text.BusFault_Handler
                0x00000000080015da        0x6 ./Core/Src/stm32f4xx_it.o
                0x00000000080015da                BusFault_Handler
 .text.UsageFault_Handler
                0x00000000080015e0        0x6 ./Core/Src/stm32f4xx_it.o
                0x00000000080015e0                UsageFault_Handler
 .text.SVC_Handler
                0x00000000080015e6        0xe ./Core/Src/stm32f4xx_it.o
                0x00000000080015e6                SVC_Handler
 .text.DebugMon_Handler
                0x00000000080015f4        0xe ./Core/Src/stm32f4xx_it.o
                0x00000000080015f4                DebugMon_Handler
 .text.PendSV_Handler
                0x0000000008001602        0xe ./Core/Src/stm32f4xx_it.o
                0x0000000008001602                PendSV_Handler
 .text.SysTick_Handler
                0x0000000008001610        0xc ./Core/Src/stm32f4xx_it.o
                0x0000000008001610                SysTick_Handler
 .text.EXTI1_IRQHandler
                0x000000000800161c        0xe ./Core/Src/stm32f4xx_it.o
                0x000000000800161c                EXTI1_IRQHandler
 .text.EXTI2_IRQHandler
                0x000000000800162a        0xe ./Core/Src/stm32f4xx_it.o
                0x000000000800162a                EXTI2_IRQHandler
 .text.EXTI3_IRQHandler
                0x0000000008001638        0xe ./Core/Src/stm32f4xx_it.o
                0x0000000008001638                EXTI3_IRQHandler
 .text.EXTI4_IRQHandler
                0x0000000008001646        0xe ./Core/Src/stm32f4xx_it.o
                0x0000000008001646                EXTI4_IRQHandler
 .text.DMA1_Stream5_IRQHandler
                0x0000000008001654       0x14 ./Core/Src/stm32f4xx_it.o
                0x0000000008001654                DMA1_Stream5_IRQHandler
 .text.OTG_FS_IRQHandler
                0x0000000008001668       0x14 ./Core/Src/stm32f4xx_it.o
                0x0000000008001668                OTG_FS_IRQHandler
 .text._sbrk    0x000000000800167c       0x6c ./Core/Src/sysmem.o
                0x000000000800167c                _sbrk
 .text.SystemInit
                0x00000000080016e8       0x24 ./Core/Src/system_stm32f4xx.o
                0x00000000080016e8                SystemInit
 .text.get_I2S_freq_index
                0x000000000800170c       0x44 ./Core/Src/wav_player.o
 .text.audio_clock_config
                0x0000000008001750       0x64 ./Core/Src/wav_player.o
 .text.audio_adjust_freq
                0x00000000080017b4       0x4c ./Core/Src/wav_player.o
 .text.wavPlayer_reset
                0x0000000008001800       0x38 ./Core/Src/wav_player.o
                0x0000000008001800                wavPlayer_reset
 .text.wavPlayer_openFile
                0x0000000008001838       0x54 ./Core/Src/wav_player.o
                0x0000000008001838                wavPlayer_openFile
 .text.wavPlayer_play
                0x000000000800188c       0x7c ./Core/Src/wav_player.o
                0x000000000800188c                wavPlayer_play
 .text.wavPlayer_proceed
                0x0000000008001908       0xe4 ./Core/Src/wav_player.o
                0x0000000008001908                wavPlayer_proceed
 .text.wavPlayer_stop
                0x00000000080019ec       0x30 ./Core/Src/wav_player.o
                0x00000000080019ec                wavPlayer_stop
 .text.wavPlayer_pause
                0x0000000008001a1c       0x1c ./Core/Src/wav_player.o
                0x0000000008001a1c                wavPlayer_pause
 .text.wavPlayer_resume
                0x0000000008001a38       0x1c ./Core/Src/wav_player.o
                0x0000000008001a38                wavPlayer_resume
 .text.wavPlayer_setVolume
                0x0000000008001a54       0x1a ./Core/Src/wav_player.o
                0x0000000008001a54                wavPlayer_setVolume
 *fill*         0x0000000008001a6e        0x2 
 .text.is_wavPlayer_finishedPlaying
                0x0000000008001a70       0x18 ./Core/Src/wav_player.o
                0x0000000008001a70                is_wavPlayer_finishedPlaying
 .text.HAL_I2S_TxCpltCallback
                0x0000000008001a88       0x2c ./Core/Src/wav_player.o
                0x0000000008001a88                HAL_I2S_TxCpltCallback
 .text.HAL_I2S_TxHalfCpltCallback
                0x0000000008001ab4       0x2c ./Core/Src/wav_player.o
                0x0000000008001ab4                HAL_I2S_TxHalfCpltCallback
 .text.Reset_Handler
                0x0000000008001ae0       0x50 ./Core/Startup/startup_stm32f407vgtx.o
                0x0000000008001ae0                Reset_Handler
 .text.Default_Handler
                0x0000000008001b30        0x2 ./Core/Startup/startup_stm32f407vgtx.o
                0x0000000008001b30                RTC_Alarm_IRQHandler
                0x0000000008001b30                HASH_RNG_IRQHandler
                0x0000000008001b30                TIM8_CC_IRQHandler
                0x0000000008001b30                TIM1_CC_IRQHandler
                0x0000000008001b30                DMA2_Stream5_IRQHandler
                0x0000000008001b30                PVD_IRQHandler
                0x0000000008001b30                SDIO_IRQHandler
                0x0000000008001b30                TAMP_STAMP_IRQHandler
                0x0000000008001b30                CAN2_RX1_IRQHandler
                0x0000000008001b30                TIM8_TRG_COM_TIM14_IRQHandler
                0x0000000008001b30                TIM1_UP_TIM10_IRQHandler
                0x0000000008001b30                TIM8_UP_TIM13_IRQHandler
                0x0000000008001b30                I2C3_ER_IRQHandler
                0x0000000008001b30                EXTI0_IRQHandler
                0x0000000008001b30                I2C2_EV_IRQHandler
                0x0000000008001b30                DMA1_Stream2_IRQHandler
                0x0000000008001b30                CAN1_RX0_IRQHandler
                0x0000000008001b30                FPU_IRQHandler
                0x0000000008001b30                OTG_HS_WKUP_IRQHandler
                0x0000000008001b30                CAN2_SCE_IRQHandler
                0x0000000008001b30                DMA2_Stream2_IRQHandler
                0x0000000008001b30                SPI1_IRQHandler
                0x0000000008001b30                TIM6_DAC_IRQHandler
                0x0000000008001b30                TIM1_BRK_TIM9_IRQHandler
                0x0000000008001b30                DCMI_IRQHandler
                0x0000000008001b30                CAN2_RX0_IRQHandler
                0x0000000008001b30                DMA2_Stream3_IRQHandler
                0x0000000008001b30                USART6_IRQHandler
                0x0000000008001b30                USART3_IRQHandler
                0x0000000008001b30                CAN1_RX1_IRQHandler
                0x0000000008001b30                UART5_IRQHandler
                0x0000000008001b30                DMA2_Stream0_IRQHandler
                0x0000000008001b30                TIM4_IRQHandler
                0x0000000008001b30                I2C1_EV_IRQHandler
                0x0000000008001b30                DMA1_Stream6_IRQHandler
                0x0000000008001b30                DMA1_Stream1_IRQHandler
                0x0000000008001b30                UART4_IRQHandler
                0x0000000008001b30                TIM3_IRQHandler
                0x0000000008001b30                RCC_IRQHandler
                0x0000000008001b30                TIM8_BRK_TIM12_IRQHandler
                0x0000000008001b30                Default_Handler
                0x0000000008001b30                EXTI15_10_IRQHandler
                0x0000000008001b30                ADC_IRQHandler
                0x0000000008001b30                DMA1_Stream7_IRQHandler
                0x0000000008001b30                TIM7_IRQHandler
                0x0000000008001b30                CAN2_TX_IRQHandler
                0x0000000008001b30                TIM5_IRQHandler
                0x0000000008001b30                DMA2_Stream7_IRQHandler
                0x0000000008001b30                I2C3_EV_IRQHandler
                0x0000000008001b30                EXTI9_5_IRQHandler
                0x0000000008001b30                RTC_WKUP_IRQHandler
                0x0000000008001b30                ETH_WKUP_IRQHandler
                0x0000000008001b30                SPI2_IRQHandler
                0x0000000008001b30                OTG_HS_EP1_IN_IRQHandler
                0x0000000008001b30                DMA1_Stream0_IRQHandler
                0x0000000008001b30                CAN1_TX_IRQHandler
                0x0000000008001b30                FSMC_IRQHandler
                0x0000000008001b30                ETH_IRQHandler
                0x0000000008001b30                OTG_HS_EP1_OUT_IRQHandler
                0x0000000008001b30                WWDG_IRQHandler
                0x0000000008001b30                TIM2_IRQHandler
                0x0000000008001b30                OTG_FS_WKUP_IRQHandler
                0x0000000008001b30                TIM1_TRG_COM_TIM11_IRQHandler
                0x0000000008001b30                OTG_HS_IRQHandler
                0x0000000008001b30                USART2_IRQHandler
                0x0000000008001b30                I2C2_ER_IRQHandler
                0x0000000008001b30                DMA2_Stream1_IRQHandler
                0x0000000008001b30                CAN1_SCE_IRQHandler
                0x0000000008001b30                FLASH_IRQHandler
                0x0000000008001b30                DMA2_Stream4_IRQHandler
                0x0000000008001b30                USART1_IRQHandler
                0x0000000008001b30                SPI3_IRQHandler
                0x0000000008001b30                DMA1_Stream4_IRQHandler
                0x0000000008001b30                I2C1_ER_IRQHandler
                0x0000000008001b30                DMA2_Stream6_IRQHandler
                0x0000000008001b30                DMA1_Stream3_IRQHandler
 *fill*         0x0000000008001b32        0x2 
 .text.HAL_Init
                0x0000000008001b34       0x44 ./Drivers/STM32F4xx_HAL_Driver/Src/stm32f4xx_hal.o
                0x0000000008001b34                HAL_Init
 .text.HAL_InitTick
                0x0000000008001b78       0x60 ./Drivers/STM32F4xx_HAL_Driver/Src/stm32f4xx_hal.o
                0x0000000008001b78                HAL_InitTick
 .text.HAL_IncTick
                0x0000000008001bd8       0x28 ./Drivers/STM32F4xx_HAL_Driver/Src/stm32f4xx_hal.o
                0x0000000008001bd8                HAL_IncTick
 .text.HAL_GetTick
                0x0000000008001c00       0x18 ./Drivers/STM32F4xx_HAL_Driver/Src/stm32f4xx_hal.o
                0x0000000008001c00                HAL_GetTick
 .text.HAL_Delay
                0x0000000008001c18       0x48 ./Drivers/STM32F4xx_HAL_Driver/Src/stm32f4xx_hal.o
                0x0000000008001c18                HAL_Delay
 .text.__NVIC_SetPriorityGrouping
                0x0000000008001c60       0x48 ./Drivers/STM32F4xx_HAL_Driver/Src/stm32f4xx_hal_cortex.o
 .text.__NVIC_GetPriorityGrouping
                0x0000000008001ca8       0x1c ./Drivers/STM32F4xx_HAL_Driver/Src/stm32f4xx_hal_cortex.o
 .text.__NVIC_EnableIRQ
                0x0000000008001cc4       0x3c ./Drivers/STM32F4xx_HAL_Driver/Src/stm32f4xx_hal_cortex.o
 .text.__NVIC_SetPriority
                0x0000000008001d00       0x54 ./Drivers/STM32F4xx_HAL_Driver/Src/stm32f4xx_hal_cortex.o
 .text.NVIC_EncodePriority
                0x0000000008001d54       0x66 ./Drivers/STM32F4xx_HAL_Driver/Src/stm32f4xx_hal_cortex.o
 *fill*         0x0000000008001dba        0x2 
 .text.SysTick_Config
                0x0000000008001dbc       0x44 ./Drivers/STM32F4xx_HAL_Driver/Src/stm32f4xx_hal_cortex.o
 .text.HAL_NVIC_SetPriorityGrouping
                0x0000000008001e00       0x16 ./Drivers/STM32F4xx_HAL_Driver/Src/stm32f4xx_hal_cortex.o
                0x0000000008001e00                HAL_NVIC_SetPriorityGrouping
 .text.HAL_NVIC_SetPriority
                0x0000000008001e16       0x38 ./Drivers/STM32F4xx_HAL_Driver/Src/stm32f4xx_hal_cortex.o
                0x0000000008001e16                HAL_NVIC_SetPriority
 .text.HAL_NVIC_EnableIRQ
                0x0000000008001e4e       0x1c ./Drivers/STM32F4xx_HAL_Driver/Src/stm32f4xx_hal_cortex.o
                0x0000000008001e4e                HAL_NVIC_EnableIRQ
 .text.HAL_SYSTICK_Config
                0x0000000008001e6a       0x18 ./Drivers/STM32F4xx_HAL_Driver/Src/stm32f4xx_hal_cortex.o
                0x0000000008001e6a                HAL_SYSTICK_Config
 .text.HAL_DAC_Init
                0x0000000008001e82       0x44 ./Drivers/STM32F4xx_HAL_Driver/Src/stm32f4xx_hal_dac.o
                0x0000000008001e82                HAL_DAC_Init
 .text.HAL_DAC_ConfigChannel
                0x0000000008001ec6       0x9e ./Drivers/STM32F4xx_HAL_Driver/Src/stm32f4xx_hal_dac.o
                0x0000000008001ec6                HAL_DAC_ConfigChannel
 .text.HAL_DMA_Init
                0x0000000008001f64      0x15c ./Drivers/STM32F4xx_HAL_Driver/Src/stm32f4xx_hal_dma.o
                0x0000000008001f64                HAL_DMA_Init
 .text.HAL_DMA_Start_IT
                0x00000000080020c0       0xb0 ./Drivers/STM32F4xx_HAL_Driver/Src/stm32f4xx_hal_dma.o
                0x00000000080020c0                HAL_DMA_Start_IT
 .text.HAL_DMA_Abort
                0x0000000008002170       0xe0 ./Drivers/STM32F4xx_HAL_Driver/Src/stm32f4xx_hal_dma.o
                0x0000000008002170                HAL_DMA_Abort
 .text.HAL_DMA_IRQHandler
                0x0000000008002250      0x314 ./Drivers/STM32F4xx_HAL_Driver/Src/stm32f4xx_hal_dma.o
                0x0000000008002250                HAL_DMA_IRQHandler
 .text.DMA_SetConfig
                0x0000000008002564       0x5c ./Drivers/STM32F4xx_HAL_Driver/Src/stm32f4xx_hal_dma.o
 .text.DMA_CalcBaseAndBitshift
                0x00000000080025c0       0x6c ./Drivers/STM32F4xx_HAL_Driver/Src/stm32f4xx_hal_dma.o
 .text.DMA_CheckFifoParam
                0x000000000800262c       0xf8 ./Drivers/STM32F4xx_HAL_Driver/Src/stm32f4xx_hal_dma.o
 .text.HAL_GPIO_Init
                0x0000000008002724      0x338 ./Drivers/STM32F4xx_HAL_Driver/Src/stm32f4xx_hal_gpio.o
                0x0000000008002724                HAL_GPIO_Init
 .text.HAL_GPIO_ReadPin
                0x0000000008002a5c       0x30 ./Drivers/STM32F4xx_HAL_Driver/Src/stm32f4xx_hal_gpio.o
                0x0000000008002a5c                HAL_GPIO_ReadPin
 .text.HAL_GPIO_WritePin
                0x0000000008002a8c       0x32 ./Drivers/STM32F4xx_HAL_Driver/Src/stm32f4xx_hal_gpio.o
                0x0000000008002a8c                HAL_GPIO_WritePin
 .text.HAL_GPIO_TogglePin
                0x0000000008002abe       0x34 ./Drivers/STM32F4xx_HAL_Driver/Src/stm32f4xx_hal_gpio.o
                0x0000000008002abe                HAL_GPIO_TogglePin
 *fill*         0x0000000008002af2        0x2 
 .text.HAL_GPIO_EXTI_IRQHandler
                0x0000000008002af4       0x30 ./Drivers/STM32F4xx_HAL_Driver/Src/stm32f4xx_hal_gpio.o
                0x0000000008002af4                HAL_GPIO_EXTI_IRQHandler
 .text.HAL_HCD_Init
                0x0000000008002b24       0xc4 ./Drivers/STM32F4xx_HAL_Driver/Src/stm32f4xx_hal_hcd.o
                0x0000000008002b24                HAL_HCD_Init
 .text.HAL_HCD_HC_Init
                0x0000000008002be8      0x11e ./Drivers/STM32F4xx_HAL_Driver/Src/stm32f4xx_hal_hcd.o
                0x0000000008002be8                HAL_HCD_HC_Init
 .text.HAL_HCD_HC_Halt
                0x0000000008002d06       0x46 ./Drivers/STM32F4xx_HAL_Driver/Src/stm32f4xx_hal_hcd.o
                0x0000000008002d06                HAL_HCD_HC_Halt
 .text.HAL_HCD_HC_SubmitRequest
                0x0000000008002d4c      0x2ac ./Drivers/STM32F4xx_HAL_Driver/Src/stm32f4xx_hal_hcd.o
                0x0000000008002d4c                HAL_HCD_HC_SubmitRequest
 .text.HAL_HCD_IRQHandler
                0x0000000008002ff8      0x216 ./Drivers/STM32F4xx_HAL_Driver/Src/stm32f4xx_hal_hcd.o
                0x0000000008002ff8                HAL_HCD_IRQHandler
 .text.HAL_HCD_Start
                0x000000000800320e       0x46 ./Drivers/STM32F4xx_HAL_Driver/Src/stm32f4xx_hal_hcd.o
                0x000000000800320e                HAL_HCD_Start
 .text.HAL_HCD_Stop
                0x0000000008003254       0x3a ./Drivers/STM32F4xx_HAL_Driver/Src/stm32f4xx_hal_hcd.o
                0x0000000008003254                HAL_HCD_Stop
 .text.HAL_HCD_ResetPort
                0x000000000800328e       0x1c ./Drivers/STM32F4xx_HAL_Driver/Src/stm32f4xx_hal_hcd.o
                0x000000000800328e                HAL_HCD_ResetPort
 .text.HAL_HCD_HC_GetURBState
                0x00000000080032aa       0x28 ./Drivers/STM32F4xx_HAL_Driver/Src/stm32f4xx_hal_hcd.o
                0x00000000080032aa                HAL_HCD_HC_GetURBState
 .text.HAL_HCD_HC_GetXferCount
                0x00000000080032d2       0x28 ./Drivers/STM32F4xx_HAL_Driver/Src/stm32f4xx_hal_hcd.o
                0x00000000080032d2                HAL_HCD_HC_GetXferCount
 .text.HAL_HCD_GetCurrentFrame
                0x00000000080032fa       0x1c ./Drivers/STM32F4xx_HAL_Driver/Src/stm32f4xx_hal_hcd.o
                0x00000000080032fa                HAL_HCD_GetCurrentFrame
 .text.HAL_HCD_GetCurrentSpeed
                0x0000000008003316       0x1c ./Drivers/STM32F4xx_HAL_Driver/Src/stm32f4xx_hal_hcd.o
                0x0000000008003316                HAL_HCD_GetCurrentSpeed
 .text.HCD_HC_IN_IRQHandler
                0x0000000008003332      0x6aa ./Drivers/STM32F4xx_HAL_Driver/Src/stm32f4xx_hal_hcd.o
 .text.HCD_HC_OUT_IRQHandler
                0x00000000080039dc      0x6d2 ./Drivers/STM32F4xx_HAL_Driver/Src/stm32f4xx_hal_hcd.o
 .text.HCD_RXQLVL_IRQHandler
                0x00000000080040ae      0x1a4 ./Drivers/STM32F4xx_HAL_Driver/Src/stm32f4xx_hal_hcd.o
 .text.HCD_Port_IRQHandler
                0x0000000008004252       0xe6 ./Drivers/STM32F4xx_HAL_Driver/Src/stm32f4xx_hal_hcd.o
 .text.HAL_I2C_Init
                0x0000000008004338      0x288 ./Drivers/STM32F4xx_HAL_Driver/Src/stm32f4xx_hal_i2c.o
                0x0000000008004338                HAL_I2C_Init
 .text.HAL_I2C_Master_Transmit
                0x00000000080045c0      0x1fc ./Drivers/STM32F4xx_HAL_Driver/Src/stm32f4xx_hal_i2c.o
                0x00000000080045c0                HAL_I2C_Master_Transmit
 .text.HAL_I2C_Master_Receive
                0x00000000080047bc      0x44c ./Drivers/STM32F4xx_HAL_Driver/Src/stm32f4xx_hal_i2c.o
                0x00000000080047bc                HAL_I2C_Master_Receive
 .text.I2C_MasterRequestWrite
                0x0000000008004c08      0x104 ./Drivers/STM32F4xx_HAL_Driver/Src/stm32f4xx_hal_i2c.o
 .text.I2C_MasterRequestRead
                0x0000000008004d0c      0x19c ./Drivers/STM32F4xx_HAL_Driver/Src/stm32f4xx_hal_i2c.o
 .text.I2C_WaitOnFlagUntilTimeout
                0x0000000008004ea8       0xae ./Drivers/STM32F4xx_HAL_Driver/Src/stm32f4xx_hal_i2c.o
 .text.I2C_WaitOnMasterAddressFlagUntilTimeout
                0x0000000008004f56       0xfe ./Drivers/STM32F4xx_HAL_Driver/Src/stm32f4xx_hal_i2c.o
 .text.I2C_WaitOnTXEFlagUntilTimeout
                0x0000000008005054       0x82 ./Drivers/STM32F4xx_HAL_Driver/Src/stm32f4xx_hal_i2c.o
 .text.I2C_WaitOnBTFFlagUntilTimeout
                0x00000000080050d6       0x82 ./Drivers/STM32F4xx_HAL_Driver/Src/stm32f4xx_hal_i2c.o
 .text.I2C_WaitOnRXNEFlagUntilTimeout
                0x0000000008005158       0xac ./Drivers/STM32F4xx_HAL_Driver/Src/stm32f4xx_hal_i2c.o
 .text.I2C_IsAcknowledgeFailed
                0x0000000008005204       0x5e ./Drivers/STM32F4xx_HAL_Driver/Src/stm32f4xx_hal_i2c.o
 *fill*         0x0000000008005262        0x2 
 .text.HAL_I2S_Init
                0x0000000008005264      0x280 ./Drivers/STM32F4xx_HAL_Driver/Src/stm32f4xx_hal_i2s.o
                0x0000000008005264                HAL_I2S_Init
 .text.HAL_I2S_Transmit_DMA
                0x00000000080054e4      0x150 ./Drivers/STM32F4xx_HAL_Driver/Src/stm32f4xx_hal_i2s.o
                0x00000000080054e4                HAL_I2S_Transmit_DMA
 .text.HAL_I2S_DMAPause
                0x0000000008005634       0xc4 ./Drivers/STM32F4xx_HAL_Driver/Src/stm32f4xx_hal_i2s.o
                0x0000000008005634                HAL_I2S_DMAPause
 .text.HAL_I2S_DMAResume
                0x00000000080056f8      0x128 ./Drivers/STM32F4xx_HAL_Driver/Src/stm32f4xx_hal_i2s.o
                0x00000000080056f8                HAL_I2S_DMAResume
 .text.HAL_I2S_DMAStop
                0x0000000008005820      0x3b4 ./Drivers/STM32F4xx_HAL_Driver/Src/stm32f4xx_hal_i2s.o
                0x0000000008005820                HAL_I2S_DMAStop
 .text.HAL_I2S_RxCpltCallback
                0x0000000008005bd4       0x14 ./Drivers/STM32F4xx_HAL_Driver/Src/stm32f4xx_hal_i2s.o
                0x0000000008005bd4                HAL_I2S_RxCpltCallback
 .text.HAL_I2S_ErrorCallback
                0x0000000008005be8       0x14 ./Drivers/STM32F4xx_HAL_Driver/Src/stm32f4xx_hal_i2s.o
                0x0000000008005be8                HAL_I2S_ErrorCallback
 .text.I2S_DMATxCplt
                0x0000000008005bfc       0x42 ./Drivers/STM32F4xx_HAL_Driver/Src/stm32f4xx_hal_i2s.o
 .text.I2S_DMATxHalfCplt
                0x0000000008005c3e       0x1c ./Drivers/STM32F4xx_HAL_Driver/Src/stm32f4xx_hal_i2s.o
 .text.I2S_DMAError
                0x0000000008005c5a       0x4c ./Drivers/STM32F4xx_HAL_Driver/Src/stm32f4xx_hal_i2s.o
 .text.I2S_Transmit_IT
                0x0000000008005ca6       0x5c ./Drivers/STM32F4xx_HAL_Driver/Src/stm32f4xx_hal_i2s.o
 .text.I2S_Receive_IT
                0x0000000008005d02       0x5e ./Drivers/STM32F4xx_HAL_Driver/Src/stm32f4xx_hal_i2s.o
 .text.I2S_IRQHandler
                0x0000000008005d60      0x114 ./Drivers/STM32F4xx_HAL_Driver/Src/stm32f4xx_hal_i2s.o
 .text.I2S_WaitFlagStateUntilTimeout
                0x0000000008005e74       0x72 ./Drivers/STM32F4xx_HAL_Driver/Src/stm32f4xx_hal_i2s.o
 *fill*         0x0000000008005ee6        0x2 
 .text.HAL_I2SEx_FullDuplex_IRQHandler
                0x0000000008005ee8      0x2a8 ./Drivers/STM32F4xx_HAL_Driver/Src/stm32f4xx_hal_i2s_ex.o
                0x0000000008005ee8                HAL_I2SEx_FullDuplex_IRQHandler
 .text.HAL_I2SEx_TxRxCpltCallback
                0x0000000008006190       0x14 ./Drivers/STM32F4xx_HAL_Driver/Src/stm32f4xx_hal_i2s_ex.o
                0x0000000008006190                HAL_I2SEx_TxRxCpltCallback
 .text.I2SEx_TxISR_I2S
                0x00000000080061a4       0x62 ./Drivers/STM32F4xx_HAL_Driver/Src/stm32f4xx_hal_i2s_ex.o
 *fill*         0x0000000008006206        0x2 
 .text.I2SEx_TxISR_I2SExt
                0x0000000008006208       0x98 ./Drivers/STM32F4xx_HAL_Driver/Src/stm32f4xx_hal_i2s_ex.o
 .text.I2SEx_RxISR_I2S
                0x00000000080062a0       0x64 ./Drivers/STM32F4xx_HAL_Driver/Src/stm32f4xx_hal_i2s_ex.o
 .text.I2SEx_RxISR_I2SExt
                0x0000000008006304       0x98 ./Drivers/STM32F4xx_HAL_Driver/Src/stm32f4xx_hal_i2s_ex.o
 .text.HAL_RCC_OscConfig
                0x000000000800639c      0x4f0 ./Drivers/STM32F4xx_HAL_Driver/Src/stm32f4xx_hal_rcc.o
                0x000000000800639c                HAL_RCC_OscConfig
 .text.HAL_RCC_ClockConfig
                0x000000000800688c      0x1cc ./Drivers/STM32F4xx_HAL_Driver/Src/stm32f4xx_hal_rcc.o
                0x000000000800688c                HAL_RCC_ClockConfig
 .text.HAL_RCC_GetSysClockFreq
                0x0000000008006a58      0x20c ./Drivers/STM32F4xx_HAL_Driver/Src/stm32f4xx_hal_rcc.o
                0x0000000008006a58                HAL_RCC_GetSysClockFreq
 .text.HAL_RCC_GetHCLKFreq
                0x0000000008006c64       0x18 ./Drivers/STM32F4xx_HAL_Driver/Src/stm32f4xx_hal_rcc.o
                0x0000000008006c64                HAL_RCC_GetHCLKFreq
 .text.HAL_RCC_GetPCLK1Freq
                0x0000000008006c7c       0x28 ./Drivers/STM32F4xx_HAL_Driver/Src/stm32f4xx_hal_rcc.o
                0x0000000008006c7c                HAL_RCC_GetPCLK1Freq
 .text.HAL_RCCEx_PeriphCLKConfig
                0x0000000008006ca4      0x1c4 ./Drivers/STM32F4xx_HAL_Driver/Src/stm32f4xx_hal_rcc_ex.o
                0x0000000008006ca4                HAL_RCCEx_PeriphCLKConfig
 .text.HAL_RCCEx_GetPeriphCLKConfig
                0x0000000008006e68       0x58 ./Drivers/STM32F4xx_HAL_Driver/Src/stm32f4xx_hal_rcc_ex.o
                0x0000000008006e68                HAL_RCCEx_GetPeriphCLKConfig
 .text.HAL_RCCEx_GetPeriphCLKFreq
                0x0000000008006ec0       0xbc ./Drivers/STM32F4xx_HAL_Driver/Src/stm32f4xx_hal_rcc_ex.o
                0x0000000008006ec0                HAL_RCCEx_GetPeriphCLKFreq
 .text.HAL_TIM_Base_Init
                0x0000000008006f7c       0x9e ./Drivers/STM32F4xx_HAL_Driver/Src/stm32f4xx_hal_tim.o
                0x0000000008006f7c                HAL_TIM_Base_Init
 *fill*         0x000000000800701a        0x2 
 .text.HAL_TIM_Base_Start
                0x000000000800701c       0xd0 ./Drivers/STM32F4xx_HAL_Driver/Src/stm32f4xx_hal_tim.o
                0x000000000800701c                HAL_TIM_Base_Start
 .text.HAL_TIM_ConfigClockSource
                0x00000000080070ec      0x18e ./Drivers/STM32F4xx_HAL_Driver/Src/stm32f4xx_hal_tim.o
                0x00000000080070ec                HAL_TIM_ConfigClockSource
 *fill*         0x000000000800727a        0x2 
 .text.TIM_Base_SetConfig
                0x000000000800727c      0x140 ./Drivers/STM32F4xx_HAL_Driver/Src/stm32f4xx_hal_tim.o
                0x000000000800727c                TIM_Base_SetConfig
 .text.TIM_TI1_ConfigInputStage
                0x00000000080073bc       0x5e ./Drivers/STM32F4xx_HAL_Driver/Src/stm32f4xx_hal_tim.o
 .text.TIM_TI2_ConfigInputStage
                0x000000000800741a       0x60 ./Drivers/STM32F4xx_HAL_Driver/Src/stm32f4xx_hal_tim.o
 .text.TIM_ITRx_SetConfig
                0x000000000800747a       0x36 ./Drivers/STM32F4xx_HAL_Driver/Src/stm32f4xx_hal_tim.o
 .text.TIM_ETR_SetConfig
                0x00000000080074b0       0x40 ./Drivers/STM32F4xx_HAL_Driver/Src/stm32f4xx_hal_tim.o
                0x00000000080074b0                TIM_ETR_SetConfig
 .text.HAL_TIMEx_MasterConfigSynchronization
                0x00000000080074f0       0xf8 ./Drivers/STM32F4xx_HAL_Driver/Src/stm32f4xx_hal_tim_ex.o
                0x00000000080074f0                HAL_TIMEx_MasterConfigSynchronization
 .text.USB_CoreInit
                0x00000000080075e8       0xc2 ./Drivers/STM32F4xx_HAL_Driver/Src/stm32f4xx_ll_usb.o
                0x00000000080075e8                USB_CoreInit
 .text.USB_EnableGlobalInt
                0x00000000080076aa       0x22 ./Drivers/STM32F4xx_HAL_Driver/Src/stm32f4xx_ll_usb.o
                0x00000000080076aa                USB_EnableGlobalInt
 .text.USB_DisableGlobalInt
                0x00000000080076cc       0x22 ./Drivers/STM32F4xx_HAL_Driver/Src/stm32f4xx_ll_usb.o
                0x00000000080076cc                USB_DisableGlobalInt
 .text.USB_SetCurrentMode
                0x00000000080076ee       0x98 ./Drivers/STM32F4xx_HAL_Driver/Src/stm32f4xx_ll_usb.o
                0x00000000080076ee                USB_SetCurrentMode
 *fill*         0x0000000008007786        0x2 
 .text.USB_FlushTxFifo
                0x0000000008007788       0x68 ./Drivers/STM32F4xx_HAL_Driver/Src/stm32f4xx_ll_usb.o
                0x0000000008007788                USB_FlushTxFifo
 .text.USB_FlushRxFifo
                0x00000000080077f0       0x60 ./Drivers/STM32F4xx_HAL_Driver/Src/stm32f4xx_ll_usb.o
                0x00000000080077f0                USB_FlushRxFifo
 .text.USB_WritePacket
                0x0000000008007850       0x7c ./Drivers/STM32F4xx_HAL_Driver/Src/stm32f4xx_ll_usb.o
                0x0000000008007850                USB_WritePacket
 .text.USB_ReadPacket
                0x00000000080078cc       0xb0 ./Drivers/STM32F4xx_HAL_Driver/Src/stm32f4xx_ll_usb.o
                0x00000000080078cc                USB_ReadPacket
 .text.USB_ReadInterrupts
                0x000000000800797c       0x26 ./Drivers/STM32F4xx_HAL_Driver/Src/stm32f4xx_ll_usb.o
                0x000000000800797c                USB_ReadInterrupts
 .text.USB_GetMode
                0x00000000080079a2       0x1c ./Drivers/STM32F4xx_HAL_Driver/Src/stm32f4xx_ll_usb.o
                0x00000000080079a2                USB_GetMode
 *fill*         0x00000000080079be        0x2 
 .text.USB_CoreReset
                0x00000000080079c0       0x68 ./Drivers/STM32F4xx_HAL_Driver/Src/stm32f4xx_ll_usb.o
 .text.USB_HostInit
                0x0000000008007a28      0x180 ./Drivers/STM32F4xx_HAL_Driver/Src/stm32f4xx_ll_usb.o
                0x0000000008007a28                USB_HostInit
 .text.USB_InitFSLSPClkSel
                0x0000000008007ba8       0x74 ./Drivers/STM32F4xx_HAL_Driver/Src/stm32f4xx_ll_usb.o
                0x0000000008007ba8                USB_InitFSLSPClkSel
 .text.USB_ResetPort
                0x0000000008007c1c       0x54 ./Drivers/STM32F4xx_HAL_Driver/Src/stm32f4xx_ll_usb.o
                0x0000000008007c1c                USB_ResetPort
 .text.USB_DriveVbus
                0x0000000008007c70       0x72 ./Drivers/STM32F4xx_HAL_Driver/Src/stm32f4xx_ll_usb.o
                0x0000000008007c70                USB_DriveVbus
 .text.USB_GetHostSpeed
                0x0000000008007ce2       0x2e ./Drivers/STM32F4xx_HAL_Driver/Src/stm32f4xx_ll_usb.o
                0x0000000008007ce2                USB_GetHostSpeed
 .text.USB_GetCurrentFrame
                0x0000000008007d10       0x22 ./Drivers/STM32F4xx_HAL_Driver/Src/stm32f4xx_ll_usb.o
                0x0000000008007d10                USB_GetCurrentFrame
 *fill*         0x0000000008007d32        0x2 
 .text.USB_HC_Init
                0x0000000008007d34      0x244 ./Drivers/STM32F4xx_HAL_Driver/Src/stm32f4xx_ll_usb.o
                0x0000000008007d34                USB_HC_Init
 .text.USB_HC_StartXfer
                0x0000000008007f78      0x284 ./Drivers/STM32F4xx_HAL_Driver/Src/stm32f4xx_ll_usb.o
                0x0000000008007f78                USB_HC_StartXfer
 .text.USB_HC_ReadInterrupt
                0x00000000080081fc       0x22 ./Drivers/STM32F4xx_HAL_Driver/Src/stm32f4xx_ll_usb.o
                0x00000000080081fc                USB_HC_ReadInterrupt
 .text.USB_HC_Halt
                0x000000000800821e      0x1f8 ./Drivers/STM32F4xx_HAL_Driver/Src/stm32f4xx_ll_usb.o
                0x000000000800821e                USB_HC_Halt
 *fill*         0x0000000008008416        0x2 
 .text.USB_DoPing
                0x0000000008008418       0x78 ./Drivers/STM32F4xx_HAL_Driver/Src/stm32f4xx_ll_usb.o
                0x0000000008008418                USB_DoPing
 .text.USB_StopHost
                0x0000000008008490      0x124 ./Drivers/STM32F4xx_HAL_Driver/Src/stm32f4xx_ll_usb.o
                0x0000000008008490                USB_StopHost
 .text.MX_FATFS_Init
                0x00000000080085b4       0x24 ./FATFS/App/fatfs.o
                0x00000000080085b4                MX_FATFS_Init
 .text.get_fattime
                0x00000000080085d8       0x10 ./FATFS/App/fatfs.o
                0x00000000080085d8                get_fattime
 .text.USBH_initialize
                0x00000000080085e8       0x18 ./FATFS/Target/usbh_diskio.o
                0x00000000080085e8                USBH_initialize
 .text.USBH_status
                0x0000000008008600       0x38 ./FATFS/Target/usbh_diskio.o
                0x0000000008008600                USBH_status
 .text.USBH_read
                0x0000000008008638       0x74 ./FATFS/Target/usbh_diskio.o
                0x0000000008008638                USBH_read
 .text.USBH_write
                0x00000000080086ac       0x84 ./FATFS/Target/usbh_diskio.o
                0x00000000080086ac                USBH_write
 .text.USBH_ioctl
                0x0000000008008730       0xd8 ./FATFS/Target/usbh_diskio.o
                0x0000000008008730                USBH_ioctl
 .text.USBH_MSC_InterfaceInit
                0x0000000008008808      0x244 ./Middlewares/ST/STM32_USB_Host_Library/Class/MSC/Src/usbh_msc.o
 .text.USBH_MSC_InterfaceDeInit
                0x0000000008008a4c       0x8c ./Middlewares/ST/STM32_USB_Host_Library/Class/MSC/Src/usbh_msc.o
 .text.USBH_MSC_ClassRequest
                0x0000000008008ad8       0xce ./Middlewares/ST/STM32_USB_Host_Library/Class/MSC/Src/usbh_msc.o
 *fill*         0x0000000008008ba6        0x2 
 .text.USBH_MSC_Process
                0x0000000008008ba8      0x520 ./Middlewares/ST/STM32_USB_Host_Library/Class/MSC/Src/usbh_msc.o
 .text.USBH_MSC_SOFProcess
                0x00000000080090c8       0x16 ./Middlewares/ST/STM32_USB_Host_Library/Class/MSC/Src/usbh_msc.o
 .text.USBH_MSC_RdWrProcess
                0x00000000080090de      0x19e ./Middlewares/ST/STM32_USB_Host_Library/Class/MSC/Src/usbh_msc.o
 .text.USBH_MSC_UnitIsReady
                0x000000000800927c       0x4c ./Middlewares/ST/STM32_USB_Host_Library/Class/MSC/Src/usbh_msc.o
                0x000000000800927c                USBH_MSC_UnitIsReady
 .text.USBH_MSC_GetLUNInfo
                0x00000000080092c8       0x48 ./Middlewares/ST/STM32_USB_Host_Library/Class/MSC/Src/usbh_msc.o
                0x00000000080092c8                USBH_MSC_GetLUNInfo
 .text.USBH_MSC_Read
                0x0000000008009310       0xd2 ./Middlewares/ST/STM32_USB_Host_Library/Class/MSC/Src/usbh_msc.o
                0x0000000008009310                USBH_MSC_Read
 .text.USBH_MSC_Write
                0x00000000080093e2       0xd2 ./Middlewares/ST/STM32_USB_Host_Library/Class/MSC/Src/usbh_msc.o
                0x00000000080093e2                USBH_MSC_Write
 .text.USBH_MSC_BOT_REQ_Reset
                0x00000000080094b4       0x3a ./Middlewares/ST/STM32_USB_Host_Library/Class/MSC/Src/usbh_msc_bot.o
                0x00000000080094b4                USBH_MSC_BOT_REQ_Reset
 .text.USBH_MSC_BOT_REQ_GetMaxLUN
                0x00000000080094ee       0x3c ./Middlewares/ST/STM32_USB_Host_Library/Class/MSC/Src/usbh_msc_bot.o
                0x00000000080094ee                USBH_MSC_BOT_REQ_GetMaxLUN
 *fill*         0x000000000800952a        0x2 
 .text.USBH_MSC_BOT_Init
                0x000000000800952c       0x44 ./Middlewares/ST/STM32_USB_Host_Library/Class/MSC/Src/usbh_msc_bot.o
                0x000000000800952c                USBH_MSC_BOT_Init
 .text.USBH_MSC_BOT_Process
                0x0000000008009570      0x39c ./Middlewares/ST/STM32_USB_Host_Library/Class/MSC/Src/usbh_msc_bot.o
                0x0000000008009570                USBH_MSC_BOT_Process
 .text.USBH_MSC_BOT_Abort
                0x000000000800990c       0x58 ./Middlewares/ST/STM32_USB_Host_Library/Class/MSC/Src/usbh_msc_bot.o
 .text.USBH_MSC_DecodeCSW
                0x0000000008009964       0x88 ./Middlewares/ST/STM32_USB_Host_Library/Class/MSC/Src/usbh_msc_bot.o
 .text.USBH_MSC_SCSI_TestUnitReady
                0x00000000080099ec       0x86 ./Middlewares/ST/STM32_USB_Host_Library/Class/MSC/Src/usbh_msc_scsi.o
                0x00000000080099ec                USBH_MSC_SCSI_TestUnitReady
 .text.USBH_MSC_SCSI_ReadCapacity
                0x0000000008009a72       0xf6 ./Middlewares/ST/STM32_USB_Host_Library/Class/MSC/Src/usbh_msc_scsi.o
                0x0000000008009a72                USBH_MSC_SCSI_ReadCapacity
 .text.USBH_MSC_SCSI_Inquiry
                0x0000000008009b68      0x14a ./Middlewares/ST/STM32_USB_Host_Library/Class/MSC/Src/usbh_msc_scsi.o
                0x0000000008009b68                USBH_MSC_SCSI_Inquiry
 .text.USBH_MSC_SCSI_RequestSense
                0x0000000008009cb2       0xf2 ./Middlewares/ST/STM32_USB_Host_Library/Class/MSC/Src/usbh_msc_scsi.o
                0x0000000008009cb2                USBH_MSC_SCSI_RequestSense
 .text.USBH_MSC_SCSI_Write
                0x0000000008009da4       0xd6 ./Middlewares/ST/STM32_USB_Host_Library/Class/MSC/Src/usbh_msc_scsi.o
                0x0000000008009da4                USBH_MSC_SCSI_Write
 .text.USBH_MSC_SCSI_Read
                0x0000000008009e7a       0xd6 ./Middlewares/ST/STM32_USB_Host_Library/Class/MSC/Src/usbh_msc_scsi.o
                0x0000000008009e7a                USBH_MSC_SCSI_Read
 .text.USBH_Init
                0x0000000008009f50       0x74 ./Middlewares/ST/STM32_USB_Host_Library/Core/Src/usbh_core.o
                0x0000000008009f50                USBH_Init
 .text.DeInitStateMachine
                0x0000000008009fc4       0xa8 ./Middlewares/ST/STM32_USB_Host_Library/Core/Src/usbh_core.o
 .text.USBH_RegisterClass
                0x000000000800a06c       0x54 ./Middlewares/ST/STM32_USB_Host_Library/Core/Src/usbh_core.o
                0x000000000800a06c                USBH_RegisterClass
 .text.USBH_SelectInterface
                0x000000000800a0c0       0x38 ./Middlewares/ST/STM32_USB_Host_Library/Core/Src/usbh_core.o
                0x000000000800a0c0                USBH_SelectInterface
 .text.USBH_FindInterface
                0x000000000800a0f8       0x8c ./Middlewares/ST/STM32_USB_Host_Library/Core/Src/usbh_core.o
                0x000000000800a0f8                USBH_FindInterface
 .text.USBH_Start
                0x000000000800a184       0x20 ./Middlewares/ST/STM32_USB_Host_Library/Core/Src/usbh_core.o
                0x000000000800a184                USBH_Start
 .text.USBH_Process
                0x000000000800a1a4      0x3d8 ./Middlewares/ST/STM32_USB_Host_Library/Core/Src/usbh_core.o
                0x000000000800a1a4                USBH_Process
 .text.USBH_HandleEnum
                0x000000000800a57c      0x3c8 ./Middlewares/ST/STM32_USB_Host_Library/Core/Src/usbh_core.o
 .text.USBH_LL_SetTimer
                0x000000000800a944       0x1e ./Middlewares/ST/STM32_USB_Host_Library/Core/Src/usbh_core.o
                0x000000000800a944                USBH_LL_SetTimer
 .text.USBH_LL_IncTimer
                0x000000000800a962       0x24 ./Middlewares/ST/STM32_USB_Host_Library/Core/Src/usbh_core.o
                0x000000000800a962                USBH_LL_IncTimer
 .text.USBH_HandleSof
                0x000000000800a986       0x30 ./Middlewares/ST/STM32_USB_Host_Library/Core/Src/usbh_core.o
 .text.USBH_LL_PortEnabled
                0x000000000800a9b6       0x1c ./Middlewares/ST/STM32_USB_Host_Library/Core/Src/usbh_core.o
                0x000000000800a9b6                USBH_LL_PortEnabled
 .text.USBH_LL_PortDisabled
                0x000000000800a9d2       0x1c ./Middlewares/ST/STM32_USB_Host_Library/Core/Src/usbh_core.o
                0x000000000800a9d2                USBH_LL_PortDisabled
 .text.USBH_LL_Connect
                0x000000000800a9ee       0x2e ./Middlewares/ST/STM32_USB_Host_Library/Core/Src/usbh_core.o
                0x000000000800a9ee                USBH_LL_Connect
 .text.USBH_LL_Disconnect
                0x000000000800aa1c       0x48 ./Middlewares/ST/STM32_USB_Host_Library/Core/Src/usbh_core.o
                0x000000000800aa1c                USBH_LL_Disconnect
 .text.USBH_Get_DevDesc
                0x000000000800aa64       0x50 ./Middlewares/ST/STM32_USB_Host_Library/Core/Src/usbh_ctlreq.o
                0x000000000800aa64                USBH_Get_DevDesc
 .text.USBH_Get_CfgDesc
                0x000000000800aab4       0x48 ./Middlewares/ST/STM32_USB_Host_Library/Core/Src/usbh_ctlreq.o
                0x000000000800aab4                USBH_Get_CfgDesc
 .text.USBH_Get_StringDesc
                0x000000000800aafc       0x56 ./Middlewares/ST/STM32_USB_Host_Library/Core/Src/usbh_ctlreq.o
                0x000000000800aafc                USBH_Get_StringDesc
 .text.USBH_GetDescriptor
                0x000000000800ab52       0x6a ./Middlewares/ST/STM32_USB_Host_Library/Core/Src/usbh_ctlreq.o
                0x000000000800ab52                USBH_GetDescriptor
 .text.USBH_SetAddress
                0x000000000800abbc       0x48 ./Middlewares/ST/STM32_USB_Host_Library/Core/Src/usbh_ctlreq.o
                0x000000000800abbc                USBH_SetAddress
 .text.USBH_SetCfg
                0x000000000800ac04       0x46 ./Middlewares/ST/STM32_USB_Host_Library/Core/Src/usbh_ctlreq.o
                0x000000000800ac04                USBH_SetCfg
 .text.USBH_SetFeature
                0x000000000800ac4a       0x48 ./Middlewares/ST/STM32_USB_Host_Library/Core/Src/usbh_ctlreq.o
                0x000000000800ac4a                USBH_SetFeature
 .text.USBH_ClrFeature
                0x000000000800ac92       0x48 ./Middlewares/ST/STM32_USB_Host_Library/Core/Src/usbh_ctlreq.o
                0x000000000800ac92                USBH_ClrFeature
 .text.USBH_ParseDevDesc
                0x000000000800acda      0x122 ./Middlewares/ST/STM32_USB_Host_Library/Core/Src/usbh_ctlreq.o
 .text.USBH_ParseCfgDesc
                0x000000000800adfc      0x1ec ./Middlewares/ST/STM32_USB_Host_Library/Core/Src/usbh_ctlreq.o
 .text.USBH_ParseInterfaceDesc
                0x000000000800afe8       0x5e ./Middlewares/ST/STM32_USB_Host_Library/Core/Src/usbh_ctlreq.o
 .text.USBH_ParseEPDesc
                0x000000000800b046      0x14a ./Middlewares/ST/STM32_USB_Host_Library/Core/Src/usbh_ctlreq.o
 .text.USBH_ParseStringDesc
                0x000000000800b190       0x66 ./Middlewares/ST/STM32_USB_Host_Library/Core/Src/usbh_ctlreq.o
 .text.USBH_GetNextDesc
                0x000000000800b1f6       0x36 ./Middlewares/ST/STM32_USB_Host_Library/Core/Src/usbh_ctlreq.o
                0x000000000800b1f6                USBH_GetNextDesc
 .text.USBH_CtlReq
                0x000000000800b22c       0x7a ./Middlewares/ST/STM32_USB_Host_Library/Core/Src/usbh_ctlreq.o
                0x000000000800b22c                USBH_CtlReq
 *fill*         0x000000000800b2a6        0x2 
 .text.USBH_HandleControl
                0x000000000800b2a8      0x2e8 ./Middlewares/ST/STM32_USB_Host_Library/Core/Src/usbh_ctlreq.o
 .text.USBH_CtlSendSetup
                0x000000000800b590       0x34 ./Middlewares/ST/STM32_USB_Host_Library/Core/Src/usbh_ioreq.o
                0x000000000800b590                USBH_CtlSendSetup
 .text.USBH_CtlSendData
                0x000000000800b5c4       0x4a ./Middlewares/ST/STM32_USB_Host_Library/Core/Src/usbh_ioreq.o
                0x000000000800b5c4                USBH_CtlSendData
 .text.USBH_CtlReceiveData
                0x000000000800b60e       0x3c ./Middlewares/ST/STM32_USB_Host_Library/Core/Src/usbh_ioreq.o
                0x000000000800b60e                USBH_CtlReceiveData
 .text.USBH_BulkSendData
                0x000000000800b64a       0x4a ./Middlewares/ST/STM32_USB_Host_Library/Core/Src/usbh_ioreq.o
                0x000000000800b64a                USBH_BulkSendData
 .text.USBH_BulkReceiveData
                0x000000000800b694       0x3c ./Middlewares/ST/STM32_USB_Host_Library/Core/Src/usbh_ioreq.o
                0x000000000800b694                USBH_BulkReceiveData
 .text.USBH_OpenPipe
                0x000000000800b6d0       0x3e ./Middlewares/ST/STM32_USB_Host_Library/Core/Src/usbh_pipes.o
                0x000000000800b6d0                USBH_OpenPipe
 .text.USBH_ClosePipe
                0x000000000800b70e       0x20 ./Middlewares/ST/STM32_USB_Host_Library/Core/Src/usbh_pipes.o
                0x000000000800b70e                USBH_ClosePipe
 .text.USBH_AllocPipe
                0x000000000800b72e       0x42 ./Middlewares/ST/STM32_USB_Host_Library/Core/Src/usbh_pipes.o
                0x000000000800b72e                USBH_AllocPipe
 .text.USBH_FreePipe
                0x000000000800b770       0x3c ./Middlewares/ST/STM32_USB_Host_Library/Core/Src/usbh_pipes.o
                0x000000000800b770                USBH_FreePipe
 .text.USBH_GetFreePipe
                0x000000000800b7ac       0x48 ./Middlewares/ST/STM32_USB_Host_Library/Core/Src/usbh_pipes.o
 .text.disk_status
                0x000000000800b7f4       0x34 ./Middlewares/Third_Party/FatFs/src/diskio.o
                0x000000000800b7f4                disk_status
 .text.disk_initialize
                0x000000000800b828       0x4c ./Middlewares/Third_Party/FatFs/src/diskio.o
                0x000000000800b828                disk_initialize
 .text.disk_read
                0x000000000800b874       0x40 ./Middlewares/Third_Party/FatFs/src/diskio.o
                0x000000000800b874                disk_read
 .text.disk_write
                0x000000000800b8b4       0x40 ./Middlewares/Third_Party/FatFs/src/diskio.o
                0x000000000800b8b4                disk_write
 .text.disk_ioctl
                0x000000000800b8f4       0x3c ./Middlewares/Third_Party/FatFs/src/diskio.o
                0x000000000800b8f4                disk_ioctl
 .text.ld_word  0x000000000800b930       0x30 ./Middlewares/Third_Party/FatFs/src/ff.o
 .text.ld_dword
                0x000000000800b960       0x46 ./Middlewares/Third_Party/FatFs/src/ff.o
 .text.st_word  0x000000000800b9a6       0x36 ./Middlewares/Third_Party/FatFs/src/ff.o
 .text.st_dword
                0x000000000800b9dc       0x58 ./Middlewares/Third_Party/FatFs/src/ff.o
 .text.mem_cpy  0x000000000800ba34       0x42 ./Middlewares/Third_Party/FatFs/src/ff.o
 .text.mem_set  0x000000000800ba76       0x36 ./Middlewares/Third_Party/FatFs/src/ff.o
 .text.mem_cmp  0x000000000800baac       0x4e ./Middlewares/Third_Party/FatFs/src/ff.o
 .text.chk_chr  0x000000000800bafa       0x36 ./Middlewares/Third_Party/FatFs/src/ff.o
 .text.chk_lock
                0x000000000800bb30       0xb8 ./Middlewares/Third_Party/FatFs/src/ff.o
 .text.enq_lock
                0x000000000800bbe8       0x44 ./Middlewares/Third_Party/FatFs/src/ff.o
 .text.inc_lock
                0x000000000800bc2c      0x11c ./Middlewares/Third_Party/FatFs/src/ff.o
 .text.dec_lock
                0x000000000800bd48       0x78 ./Middlewares/Third_Party/FatFs/src/ff.o
 .text.clear_lock
                0x000000000800bdc0       0x48 ./Middlewares/Third_Party/FatFs/src/ff.o
 .text.sync_window
                0x000000000800be08       0x88 ./Middlewares/Third_Party/FatFs/src/ff.o
 .text.move_window
                0x000000000800be90       0x5a ./Middlewares/Third_Party/FatFs/src/ff.o
 *fill*         0x000000000800beea        0x2 
 .text.sync_fs  0x000000000800beec       0xdc ./Middlewares/Third_Party/FatFs/src/ff.o
 .text.clust2sect
                0x000000000800bfc8       0x3e ./Middlewares/Third_Party/FatFs/src/ff.o
 .text.get_fat  0x000000000800c006      0x150 ./Middlewares/Third_Party/FatFs/src/ff.o
 .text.put_fat  0x000000000800c156      0x1d8 ./Middlewares/Third_Party/FatFs/src/ff.o
 .text.remove_chain
                0x000000000800c32e       0xca ./Middlewares/Third_Party/FatFs/src/ff.o
 .text.create_chain
                0x000000000800c3f8      0x130 ./Middlewares/Third_Party/FatFs/src/ff.o
 .text.clmt_clust
                0x000000000800c528       0x68 ./Middlewares/Third_Party/FatFs/src/ff.o
 .text.dir_sdi  0x000000000800c590       0xf6 ./Middlewares/Third_Party/FatFs/src/ff.o
 .text.dir_next
                0x000000000800c686      0x18a ./Middlewares/Third_Party/FatFs/src/ff.o
 .text.dir_alloc
                0x000000000800c810       0x8e ./Middlewares/Third_Party/FatFs/src/ff.o
 .text.ld_clust
                0x000000000800c89e       0x3e ./Middlewares/Third_Party/FatFs/src/ff.o
 .text.st_clust
                0x000000000800c8dc       0x40 ./Middlewares/Third_Party/FatFs/src/ff.o
 .text.dir_find
                0x000000000800c91c       0xaa ./Middlewares/Third_Party/FatFs/src/ff.o
 .text.dir_register
                0x000000000800c9c6       0x64 ./Middlewares/Third_Party/FatFs/src/ff.o
 *fill*         0x000000000800ca2a        0x2 
 .text.create_name
                0x000000000800ca2c      0x128 ./Middlewares/Third_Party/FatFs/src/ff.o
 .text.follow_path
                0x000000000800cb54       0xe2 ./Middlewares/Third_Party/FatFs/src/ff.o
 .text.get_ldnumber
                0x000000000800cc36       0x88 ./Middlewares/Third_Party/FatFs/src/ff.o
 *fill*         0x000000000800ccbe        0x2 
 .text.check_fs
                0x000000000800ccc0       0xac ./Middlewares/Third_Party/FatFs/src/ff.o
 .text.find_volume
                0x000000000800cd6c      0x498 ./Middlewares/Third_Party/FatFs/src/ff.o
 .text.validate
                0x000000000800d204       0x6a ./Middlewares/Third_Party/FatFs/src/ff.o
 *fill*         0x000000000800d26e        0x2 
 .text.f_mount  0x000000000800d270       0x8c ./Middlewares/Third_Party/FatFs/src/ff.o
                0x000000000800d270                f_mount
 .text.f_open   0x000000000800d2fc      0x37c ./Middlewares/Third_Party/FatFs/src/ff.o
                0x000000000800d2fc                f_open
 .text.f_read   0x000000000800d678      0x27e ./Middlewares/Third_Party/FatFs/src/ff.o
                0x000000000800d678                f_read
 .text.f_sync   0x000000000800d8f6       0xfc ./Middlewares/Third_Party/FatFs/src/ff.o
                0x000000000800d8f6                f_sync
 .text.f_close  0x000000000800d9f2       0x54 ./Middlewares/Third_Party/FatFs/src/ff.o
                0x000000000800d9f2                f_close
 .text.f_lseek  0x000000000800da46      0x412 ./Middlewares/Third_Party/FatFs/src/ff.o
                0x000000000800da46                f_lseek
 .text.FATFS_LinkDriverEx
                0x000000000800de58       0x98 ./Middlewares/Third_Party/FatFs/src/ff_gen_drv.o
                0x000000000800de58                FATFS_LinkDriverEx
 .text.FATFS_LinkDriver
                0x000000000800def0       0x1e ./Middlewares/Third_Party/FatFs/src/ff_gen_drv.o
                0x000000000800def0                FATFS_LinkDriver
 *fill*         0x000000000800df0e        0x2 
 .text.MX_USB_HOST_Init
                0x000000000800df10       0x4c ./USB_HOST/App/usb_host.o
                0x000000000800df10                MX_USB_HOST_Init
 .text.MX_USB_HOST_Process
                0x000000000800df5c       0x14 ./USB_HOST/App/usb_host.o
                0x000000000800df5c                MX_USB_HOST_Process
 .text.USBH_UserProcess
                0x000000000800df70       0x5c ./USB_HOST/App/usb_host.o
 .text.HAL_HCD_MspInit
                0x000000000800dfcc       0xc4 ./USB_HOST/Target/usbh_conf.o
                0x000000000800dfcc                HAL_HCD_MspInit
 .text.HAL_HCD_SOF_Callback
                0x000000000800e090       0x1c ./USB_HOST/Target/usbh_conf.o
                0x000000000800e090                HAL_HCD_SOF_Callback
 .text.HAL_HCD_Connect_Callback
                0x000000000800e0ac       0x1c ./USB_HOST/Target/usbh_conf.o
                0x000000000800e0ac                HAL_HCD_Connect_Callback
 .text.HAL_HCD_Disconnect_Callback
                0x000000000800e0c8       0x1c ./USB_HOST/Target/usbh_conf.o
                0x000000000800e0c8                HAL_HCD_Disconnect_Callback
 .text.HAL_HCD_HC_NotifyURBChange_Callback
                0x000000000800e0e4       0x1c ./USB_HOST/Target/usbh_conf.o
                0x000000000800e0e4                HAL_HCD_HC_NotifyURBChange_Callback
 .text.HAL_HCD_PortEnabled_Callback
                0x000000000800e100       0x1c ./USB_HOST/Target/usbh_conf.o
                0x000000000800e100                HAL_HCD_PortEnabled_Callback
 .text.HAL_HCD_PortDisabled_Callback
                0x000000000800e11c       0x1c ./USB_HOST/Target/usbh_conf.o
                0x000000000800e11c                HAL_HCD_PortDisabled_Callback
 .text.USBH_LL_Init
                0x000000000800e138       0x78 ./USB_HOST/Target/usbh_conf.o
                0x000000000800e138                USBH_LL_Init
 .text.USBH_LL_Start
                0x000000000800e1b0       0x36 ./USB_HOST/Target/usbh_conf.o
                0x000000000800e1b0                USBH_LL_Start
 .text.USBH_LL_Stop
                0x000000000800e1e6       0x36 ./USB_HOST/Target/usbh_conf.o
                0x000000000800e1e6                USBH_LL_Stop
 .text.USBH_LL_GetSpeed
                0x000000000800e21c       0x4e ./USB_HOST/Target/usbh_conf.o
                0x000000000800e21c                USBH_LL_GetSpeed
 .text.USBH_LL_ResetPort
                0x000000000800e26a       0x36 ./USB_HOST/Target/usbh_conf.o
                0x000000000800e26a                USBH_LL_ResetPort
 .text.USBH_LL_GetLastXferSize
                0x000000000800e2a0       0x26 ./USB_HOST/Target/usbh_conf.o
                0x000000000800e2a0                USBH_LL_GetLastXferSize
 .text.USBH_LL_OpenPipe
                0x000000000800e2c6       0x5e ./USB_HOST/Target/usbh_conf.o
                0x000000000800e2c6                USBH_LL_OpenPipe
 .text.USBH_LL_ClosePipe
                0x000000000800e324       0x3e ./USB_HOST/Target/usbh_conf.o
                0x000000000800e324                USBH_LL_ClosePipe
 .text.USBH_LL_SubmitURB
                0x000000000800e362       0x62 ./USB_HOST/Target/usbh_conf.o
                0x000000000800e362                USBH_LL_SubmitURB
 .text.USBH_LL_GetURBState
                0x000000000800e3c4       0x26 ./USB_HOST/Target/usbh_conf.o
                0x000000000800e3c4                USBH_LL_GetURBState
 .text.USBH_LL_DriverVBUS
                0x000000000800e3ea       0x1c ./USB_HOST/Target/usbh_conf.o
                0x000000000800e3ea                USBH_LL_DriverVBUS
 .text.USBH_LL_SetToggle
                0x000000000800e406       0x60 ./USB_HOST/Target/usbh_conf.o
                0x000000000800e406                USBH_LL_SetToggle
 .text.USBH_LL_GetToggle
                0x000000000800e466       0x60 ./USB_HOST/Target/usbh_conf.o
                0x000000000800e466                USBH_LL_GetToggle
 .text.USBH_Delay
                0x000000000800e4c6       0x16 ./USB_HOST/Target/usbh_conf.o
                0x000000000800e4c6                USBH_Delay
 .text.USBH_Get_USB_Status
                0x000000000800e4dc       0x58 ./USB_HOST/Target/usbh_conf.o
                0x000000000800e4dc                USBH_Get_USB_Status
 .text.__errno  0x000000000800e534        0xc c:/st/stm32cubeide_1.11.0/stm32cubeide/plugins/com.st.stm32cube.ide.mcu.externaltools.gnu-tools-for-stm32.10.3-2021.10.win32_1.0.100.202210260954/tools/bin/../lib/gcc/arm-none-eabi/10.3.1/../../../../arm-none-eabi/lib/thumb/v7e-m+fp/hard\libc_nano.a(lib_a-errno.o)
                0x000000000800e534                __errno
 .text.__libc_init_array
                0x000000000800e540       0x48 c:/st/stm32cubeide_1.11.0/stm32cubeide/plugins/com.st.stm32cube.ide.mcu.externaltools.gnu-tools-for-stm32.10.3-2021.10.win32_1.0.100.202210260954/tools/bin/../lib/gcc/arm-none-eabi/10.3.1/../../../../arm-none-eabi/lib/thumb/v7e-m+fp/hard\libc_nano.a(lib_a-init.o)
                0x000000000800e540                __libc_init_array
 .text.malloc   0x000000000800e588       0x10 c:/st/stm32cubeide_1.11.0/stm32cubeide/plugins/com.st.stm32cube.ide.mcu.externaltools.gnu-tools-for-stm32.10.3-2021.10.win32_1.0.100.202210260954/tools/bin/../lib/gcc/arm-none-eabi/10.3.1/../../../../arm-none-eabi/lib/thumb/v7e-m+fp/hard\libc_nano.a(lib_a-malloc.o)
                0x000000000800e588                malloc
 .text.free     0x000000000800e598       0x10 c:/st/stm32cubeide_1.11.0/stm32cubeide/plugins/com.st.stm32cube.ide.mcu.externaltools.gnu-tools-for-stm32.10.3-2021.10.win32_1.0.100.202210260954/tools/bin/../lib/gcc/arm-none-eabi/10.3.1/../../../../arm-none-eabi/lib/thumb/v7e-m+fp/hard\libc_nano.a(lib_a-malloc.o)
                0x000000000800e598                free
 .text.memcpy   0x000000000800e5a8       0x1c c:/st/stm32cubeide_1.11.0/stm32cubeide/plugins/com.st.stm32cube.ide.mcu.externaltools.gnu-tools-for-stm32.10.3-2021.10.win32_1.0.100.202210260954/tools/bin/../lib/gcc/arm-none-eabi/10.3.1/../../../../arm-none-eabi/lib/thumb/v7e-m+fp/hard\libc_nano.a(lib_a-memcpy-stub.o)
                0x000000000800e5a8                memcpy
 .text.memset   0x000000000800e5c4       0x10 c:/st/stm32cubeide_1.11.0/stm32cubeide/plugins/com.st.stm32cube.ide.mcu.externaltools.gnu-tools-for-stm32.10.3-2021.10.win32_1.0.100.202210260954/tools/bin/../lib/gcc/arm-none-eabi/10.3.1/../../../../arm-none-eabi/lib/thumb/v7e-m+fp/hard\libc_nano.a(lib_a-memset.o)
                0x000000000800e5c4                memset
 .text._free_r  0x000000000800e5d4       0x98 c:/st/stm32cubeide_1.11.0/stm32cubeide/plugins/com.st.stm32cube.ide.mcu.externaltools.gnu-tools-for-stm32.10.3-2021.10.win32_1.0.100.202210260954/tools/bin/../lib/gcc/arm-none-eabi/10.3.1/../../../../arm-none-eabi/lib/thumb/v7e-m+fp/hard\libc_nano.a(lib_a-nano-freer.o)
                0x000000000800e5d4                _free_r
 .text.sbrk_aligned
                0x000000000800e66c       0x40 c:/st/stm32cubeide_1.11.0/stm32cubeide/plugins/com.st.stm32cube.ide.mcu.externaltools.gnu-tools-for-stm32.10.3-2021.10.win32_1.0.100.202210260954/tools/bin/../lib/gcc/arm-none-eabi/10.3.1/../../../../arm-none-eabi/lib/thumb/v7e-m+fp/hard\libc_nano.a(lib_a-nano-mallocr.o)
 .text._malloc_r
                0x000000000800e6ac       0xe8 c:/st/stm32cubeide_1.11.0/stm32cubeide/plugins/com.st.stm32cube.ide.mcu.externaltools.gnu-tools-for-stm32.10.3-2021.10.win32_1.0.100.202210260954/tools/bin/../lib/gcc/arm-none-eabi/10.3.1/../../../../arm-none-eabi/lib/thumb/v7e-m+fp/hard\libc_nano.a(lib_a-nano-mallocr.o)
                0x000000000800e6ac                _malloc_r
 .text._sbrk_r  0x000000000800e794       0x20 c:/st/stm32cubeide_1.11.0/stm32cubeide/plugins/com.st.stm32cube.ide.mcu.externaltools.gnu-tools-for-stm32.10.3-2021.10.win32_1.0.100.202210260954/tools/bin/../lib/gcc/arm-none-eabi/10.3.1/../../../../arm-none-eabi/lib/thumb/v7e-m+fp/hard\libc_nano.a(lib_a-sbrkr.o)
                0x000000000800e794                _sbrk_r
 .text.sprintf  0x000000000800e7b4       0x40 c:/st/stm32cubeide_1.11.0/stm32cubeide/plugins/com.st.stm32cube.ide.mcu.externaltools.gnu-tools-for-stm32.10.3-2021.10.win32_1.0.100.202210260954/tools/bin/../lib/gcc/arm-none-eabi/10.3.1/../../../../arm-none-eabi/lib/thumb/v7e-m+fp/hard\libc_nano.a(lib_a-sprintf.o)
                0x000000000800e7b4                siprintf
                0x000000000800e7b4                sprintf
 .text.__malloc_lock
                0x000000000800e7f4        0xc c:/st/stm32cubeide_1.11.0/stm32cubeide/plugins/com.st.stm32cube.ide.mcu.externaltools.gnu-tools-for-stm32.10.3-2021.10.win32_1.0.100.202210260954/tools/bin/../lib/gcc/arm-none-eabi/10.3.1/../../../../arm-none-eabi/lib/thumb/v7e-m+fp/hard\libc_nano.a(lib_a-mlock.o)
                0x000000000800e7f4                __malloc_lock
 .text.__malloc_unlock
                0x000000000800e800        0xc c:/st/stm32cubeide_1.11.0/stm32cubeide/plugins/com.st.stm32cube.ide.mcu.externaltools.gnu-tools-for-stm32.10.3-2021.10.win32_1.0.100.202210260954/tools/bin/../lib/gcc/arm-none-eabi/10.3.1/../../../../arm-none-eabi/lib/thumb/v7e-m+fp/hard\libc_nano.a(lib_a-mlock.o)
                0x000000000800e800                __malloc_unlock
 .text.__ssputs_r
                0x000000000800e80c       0xb6 c:/st/stm32cubeide_1.11.0/stm32cubeide/plugins/com.st.stm32cube.ide.mcu.externaltools.gnu-tools-for-stm32.10.3-2021.10.win32_1.0.100.202210260954/tools/bin/../lib/gcc/arm-none-eabi/10.3.1/../../../../arm-none-eabi/lib/thumb/v7e-m+fp/hard\libc_nano.a(lib_a-nano-svfprintf.o)
                0x000000000800e80c                __ssputs_r
 *fill*         0x000000000800e8c2        0x2 
 .text._svfprintf_r
                0x000000000800e8c4      0x200 c:/st/stm32cubeide_1.11.0/stm32cubeide/plugins/com.st.stm32cube.ide.mcu.externaltools.gnu-tools-for-stm32.10.3-2021.10.win32_1.0.100.202210260954/tools/bin/../lib/gcc/arm-none-eabi/10.3.1/../../../../arm-none-eabi/lib/thumb/v7e-m+fp/hard\libc_nano.a(lib_a-nano-svfprintf.o)
                0x000000000800e8c4                _svfiprintf_r
                0x000000000800e8c4                _svfprintf_r
 .text._printf_common
                0x000000000800eac4       0xda c:/st/stm32cubeide_1.11.0/stm32cubeide/plugins/com.st.stm32cube.ide.mcu.externaltools.gnu-tools-for-stm32.10.3-2021.10.win32_1.0.100.202210260954/tools/bin/../lib/gcc/arm-none-eabi/10.3.1/../../../../arm-none-eabi/lib/thumb/v7e-m+fp/hard\libc_nano.a(lib_a-nano-vfprintf_i.o)
                0x000000000800eac4                _printf_common
 *fill*         0x000000000800eb9e        0x2 
 .text._printf_i
                0x000000000800eba0      0x24c c:/st/stm32cubeide_1.11.0/stm32cubeide/plugins/com.st.stm32cube.ide.mcu.externaltools.gnu-tools-for-stm32.10.3-2021.10.win32_1.0.100.202210260954/tools/bin/../lib/gcc/arm-none-eabi/10.3.1/../../../../arm-none-eabi/lib/thumb/v7e-m+fp/hard\libc_nano.a(lib_a-nano-vfprintf_i.o)
                0x000000000800eba0                _printf_i
 .text.__retarget_lock_acquire_recursive
                0x000000000800edec        0x2 c:/st/stm32cubeide_1.11.0/stm32cubeide/plugins/com.st.stm32cube.ide.mcu.externaltools.gnu-tools-for-stm32.10.3-2021.10.win32_1.0.100.202210260954/tools/bin/../lib/gcc/arm-none-eabi/10.3.1/../../../../arm-none-eabi/lib/thumb/v7e-m+fp/hard\libc_nano.a(lib_a-lock.o)
                0x000000000800edec                __retarget_lock_acquire_recursive
 .text.__retarget_lock_release_recursive
                0x000000000800edee        0x2 c:/st/stm32cubeide_1.11.0/stm32cubeide/plugins/com.st.stm32cube.ide.mcu.externaltools.gnu-tools-for-stm32.10.3-2021.10.win32_1.0.100.202210260954/tools/bin/../lib/gcc/arm-none-eabi/10.3.1/../../../../arm-none-eabi/lib/thumb/v7e-m+fp/hard\libc_nano.a(lib_a-lock.o)
                0x000000000800edee                __retarget_lock_release_recursive
 .text.memmove  0x000000000800edf0       0x34 c:/st/stm32cubeide_1.11.0/stm32cubeide/plugins/com.st.stm32cube.ide.mcu.externaltools.gnu-tools-for-stm32.10.3-2021.10.win32_1.0.100.202210260954/tools/bin/../lib/gcc/arm-none-eabi/10.3.1/../../../../arm-none-eabi/lib/thumb/v7e-m+fp/hard\libc_nano.a(lib_a-memmove.o)
                0x000000000800edf0                memmove
 .text._realloc_r
                0x000000000800ee24       0x5e c:/st/stm32cubeide_1.11.0/stm32cubeide/plugins/com.st.stm32cube.ide.mcu.externaltools.gnu-tools-for-stm32.10.3-2021.10.win32_1.0.100.202210260954/tools/bin/../lib/gcc/arm-none-eabi/10.3.1/../../../../arm-none-eabi/lib/thumb/v7e-m+fp/hard\libc_nano.a(lib_a-nano-reallocr.o)
                0x000000000800ee24                _realloc_r
 .text._malloc_usable_size_r
                0x000000000800ee82       0x10 c:/st/stm32cubeide_1.11.0/stm32cubeide/plugins/com.st.stm32cube.ide.mcu.externaltools.gnu-tools-for-stm32.10.3-2021.10.win32_1.0.100.202210260954/tools/bin/../lib/gcc/arm-none-eabi/10.3.1/../../../../arm-none-eabi/lib/thumb/v7e-m+fp/hard\libc_nano.a(lib_a-nano-msizer.o)
                0x000000000800ee82                _malloc_usable_size_r
 *(.glue_7)
 .glue_7        0x000000000800ee92        0x0 linker stubs
 *(.glue_7t)
 .glue_7t       0x000000000800ee92        0x0 linker stubs
 *(.eh_frame)
 *fill*         0x000000000800ee92        0x2 
 .eh_frame      0x000000000800ee94        0x0 c:/st/stm32cubeide_1.11.0/stm32cubeide/plugins/com.st.stm32cube.ide.mcu.externaltools.gnu-tools-for-stm32.10.3-2021.10.win32_1.0.100.202210260954/tools/bin/../lib/gcc/arm-none-eabi/10.3.1/thumb/v7e-m+fp/hard/crtbegin.o
 *(.init)
 .init          0x000000000800ee94        0x4 c:/st/stm32cubeide_1.11.0/stm32cubeide/plugins/com.st.stm32cube.ide.mcu.externaltools.gnu-tools-for-stm32.10.3-2021.10.win32_1.0.100.202210260954/tools/bin/../lib/gcc/arm-none-eabi/10.3.1/thumb/v7e-m+fp/hard/crti.o
                0x000000000800ee94                _init
 .init          0x000000000800ee98        0x8 c:/st/stm32cubeide_1.11.0/stm32cubeide/plugins/com.st.stm32cube.ide.mcu.externaltools.gnu-tools-for-stm32.10.3-2021.10.win32_1.0.100.202210260954/tools/bin/../lib/gcc/arm-none-eabi/10.3.1/thumb/v7e-m+fp/hard/crtn.o
 *(.fini)
 .fini          0x000000000800eea0        0x4 c:/st/stm32cubeide_1.11.0/stm32cubeide/plugins/com.st.stm32cube.ide.mcu.externaltools.gnu-tools-for-stm32.10.3-2021.10.win32_1.0.100.202210260954/tools/bin/../lib/gcc/arm-none-eabi/10.3.1/thumb/v7e-m+fp/hard/crti.o
                0x000000000800eea0                _fini
 .fini          0x000000000800eea4        0x8 c:/st/stm32cubeide_1.11.0/stm32cubeide/plugins/com.st.stm32cube.ide.mcu.externaltools.gnu-tools-for-stm32.10.3-2021.10.win32_1.0.100.202210260954/tools/bin/../lib/gcc/arm-none-eabi/10.3.1/thumb/v7e-m+fp/hard/crtn.o
                0x000000000800eeac                . = ALIGN (0x4)
                0x000000000800eeac                _etext = .

.vfp11_veneer   0x000000000800eeac        0x0
 .vfp11_veneer  0x000000000800eeac        0x0 linker stubs

.v4_bx          0x000000000800eeac        0x0
 .v4_bx         0x000000000800eeac        0x0 linker stubs

.iplt           0x000000000800eeac        0x0
 .iplt          0x000000000800eeac        0x0 c:/st/stm32cubeide_1.11.0/stm32cubeide/plugins/com.st.stm32cube.ide.mcu.externaltools.gnu-tools-for-stm32.10.3-2021.10.win32_1.0.100.202210260954/tools/bin/../lib/gcc/arm-none-eabi/10.3.1/thumb/v7e-m+fp/hard/crtbegin.o

.rodata         0x000000000800eeac      0x1ec
                0x000000000800eeac                . = ALIGN (0x4)
 *(.rodata)
 .rodata        0x000000000800eeac       0x5c ./Core/Src/main.o
 .rodata        0x000000000800ef08        0x4 ./Middlewares/ST/STM32_USB_Host_Library/Class/MSC/Src/usbh_msc.o
 .rodata        0x000000000800ef0c       0x44 ./Middlewares/Third_Party/FatFs/src/ff.o
 *(.rodata*)
 .rodata.AHBPrescTable
                0x000000000800ef50       0x10 ./Core/Src/system_stm32f4xx.o
                0x000000000800ef50                AHBPrescTable
 .rodata.APBPrescTable
                0x000000000800ef60        0x8 ./Core/Src/system_stm32f4xx.o
                0x000000000800ef60                APBPrescTable
 .rodata.I2SFreq
                0x000000000800ef68       0x20 ./Core/Src/wav_player.o
 .rodata.I2SPLLN
                0x000000000800ef88       0x20 ./Core/Src/wav_player.o
 .rodata.I2SPLLR
                0x000000000800efa8       0x20 ./Core/Src/wav_player.o
 .rodata.flagBitshiftOffset.0
                0x000000000800efc8        0x8 ./Drivers/STM32F4xx_HAL_Driver/Src/stm32f4xx_hal_dma.o
 .rodata.USBH_Driver
                0x000000000800efd0       0x14 ./FATFS/Target/usbh_diskio.o
                0x000000000800efd0                USBH_Driver
 .rodata.ExCvt  0x000000000800efe4       0x80 ./Middlewares/Third_Party/FatFs/src/ff.o
 .rodata._svfprintf_r.str1.1
                0x000000000800f064       0x11 c:/st/stm32cubeide_1.11.0/stm32cubeide/plugins/com.st.stm32cube.ide.mcu.externaltools.gnu-tools-for-stm32.10.3-2021.10.win32_1.0.100.202210260954/tools/bin/../lib/gcc/arm-none-eabi/10.3.1/../../../../arm-none-eabi/lib/thumb/v7e-m+fp/hard\libc_nano.a(lib_a-nano-svfprintf.o)
 .rodata._printf_i.str1.1
                0x000000000800f075       0x22 c:/st/stm32cubeide_1.11.0/stm32cubeide/plugins/com.st.stm32cube.ide.mcu.externaltools.gnu-tools-for-stm32.10.3-2021.10.win32_1.0.100.202210260954/tools/bin/../lib/gcc/arm-none-eabi/10.3.1/../../../../arm-none-eabi/lib/thumb/v7e-m+fp/hard\libc_nano.a(lib_a-nano-vfprintf_i.o)
                0x000000000800f098                . = ALIGN (0x4)
 *fill*         0x000000000800f097        0x1 

.ARM.extab      0x000000000800f098        0x0
                0x000000000800f098                . = ALIGN (0x4)
 *(.ARM.extab* .gnu.linkonce.armextab.*)
                0x000000000800f098                . = ALIGN (0x4)

.ARM            0x000000000800f098        0x8
                0x000000000800f098                . = ALIGN (0x4)
                0x000000000800f098                __exidx_start = .
 *(.ARM.exidx*)
 .ARM.exidx     0x000000000800f098        0x8 c:/st/stm32cubeide_1.11.0/stm32cubeide/plugins/com.st.stm32cube.ide.mcu.externaltools.gnu-tools-for-stm32.10.3-2021.10.win32_1.0.100.202210260954/tools/bin/../lib/gcc/arm-none-eabi/10.3.1/thumb/v7e-m+fp/hard\libgcc.a(_udivmoddi4.o)
                0x000000000800f0a0                __exidx_end = .
                0x000000000800f0a0                . = ALIGN (0x4)

.rel.dyn        0x000000000800f0a0        0x0
 .rel.iplt      0x000000000800f0a0        0x0 c:/st/stm32cubeide_1.11.0/stm32cubeide/plugins/com.st.stm32cube.ide.mcu.externaltools.gnu-tools-for-stm32.10.3-2021.10.win32_1.0.100.202210260954/tools/bin/../lib/gcc/arm-none-eabi/10.3.1/thumb/v7e-m+fp/hard/crtbegin.o

.preinit_array  0x000000000800f0a0        0x0
                0x000000000800f0a0                . = ALIGN (0x4)
                0x000000000800f0a0                PROVIDE (__preinit_array_start = .)
 *(.preinit_array*)
                0x000000000800f0a0                PROVIDE (__preinit_array_end = .)
                0x000000000800f0a0                . = ALIGN (0x4)

.init_array     0x000000000800f0a0        0x4
                0x000000000800f0a0                . = ALIGN (0x4)
                0x000000000800f0a0                PROVIDE (__init_array_start = .)
 *(SORT_BY_NAME(.init_array.*))
 *(.init_array*)
 .init_array    0x000000000800f0a0        0x4 c:/st/stm32cubeide_1.11.0/stm32cubeide/plugins/com.st.stm32cube.ide.mcu.externaltools.gnu-tools-for-stm32.10.3-2021.10.win32_1.0.100.202210260954/tools/bin/../lib/gcc/arm-none-eabi/10.3.1/thumb/v7e-m+fp/hard/crtbegin.o
                0x000000000800f0a4                PROVIDE (__init_array_end = .)
                0x000000000800f0a4                . = ALIGN (0x4)

.fini_array     0x000000000800f0a4        0x4
                0x000000000800f0a4                . = ALIGN (0x4)
                [!provide]                        PROVIDE (__fini_array_start = .)
 *(SORT_BY_NAME(.fini_array.*))
 *(.fini_array*)
 .fini_array    0x000000000800f0a4        0x4 c:/st/stm32cubeide_1.11.0/stm32cubeide/plugins/com.st.stm32cube.ide.mcu.externaltools.gnu-tools-for-stm32.10.3-2021.10.win32_1.0.100.202210260954/tools/bin/../lib/gcc/arm-none-eabi/10.3.1/thumb/v7e-m+fp/hard/crtbegin.o
                [!provide]                        PROVIDE (__fini_array_end = .)
                0x000000000800f0a8                . = ALIGN (0x4)
                0x000000000800f0a8                _sidata = LOADADDR (.data)

.data           0x0000000020000000       0xa4 load address 0x000000000800f0a8
                0x0000000020000000                . = ALIGN (0x4)
                0x0000000020000000                _sdata = .
 *(.data)
 *(.data*)
 .data.songs    0x0000000020000000       0x10 ./Core/Src/main.o
                0x0000000020000000                songs
 .data.volume   0x0000000020000010        0x1 ./Core/Src/main.o
                0x0000000020000010                volume
 .data.song_idx
                0x0000000020000011        0x1 ./Core/Src/main.o
                0x0000000020000011                song_idx
 *fill*         0x0000000020000012        0x2 
 .data.SystemCoreClock
                0x0000000020000014        0x4 ./Core/Src/system_stm32f4xx.o
                0x0000000020000014                SystemCoreClock
 .data.uwTickPrio
                0x0000000020000018        0x4 ./Drivers/STM32F4xx_HAL_Driver/Src/stm32f4xx_hal.o
                0x0000000020000018                uwTickPrio
 .data.uwTickFreq
                0x000000002000001c        0x1 ./Drivers/STM32F4xx_HAL_Driver/Src/stm32f4xx_hal.o
                0x000000002000001c                uwTickFreq
 *fill*         0x000000002000001d        0x3 
 .data.USBH_msc
                0x0000000020000020       0x20 ./Middlewares/ST/STM32_USB_Host_Library/Class/MSC/Src/usbh_msc.o
                0x0000000020000020                USBH_msc
 .data._impure_ptr
                0x0000000020000040        0x4 c:/st/stm32cubeide_1.11.0/stm32cubeide/plugins/com.st.stm32cube.ide.mcu.externaltools.gnu-tools-for-stm32.10.3-2021.10.win32_1.0.100.202210260954/tools/bin/../lib/gcc/arm-none-eabi/10.3.1/../../../../arm-none-eabi/lib/thumb/v7e-m+fp/hard\libc_nano.a(lib_a-impure.o)
                0x0000000020000040                _impure_ptr
 .data.impure_data
                0x0000000020000044       0x60 c:/st/stm32cubeide_1.11.0/stm32cubeide/plugins/com.st.stm32cube.ide.mcu.externaltools.gnu-tools-for-stm32.10.3-2021.10.win32_1.0.100.202210260954/tools/bin/../lib/gcc/arm-none-eabi/10.3.1/../../../../arm-none-eabi/lib/thumb/v7e-m+fp/hard\libc_nano.a(lib_a-impure.o)
 *(.RamFunc)
 *(.RamFunc*)
                0x00000000200000a4                . = ALIGN (0x4)
                0x00000000200000a4                _edata = .
                0x000000000800f14c                _siccmram = LOADADDR (.ccmram)

.igot.plt       0x00000000200000a4        0x0 load address 0x000000000800f14c
 .igot.plt      0x00000000200000a4        0x0 c:/st/stm32cubeide_1.11.0/stm32cubeide/plugins/com.st.stm32cube.ide.mcu.externaltools.gnu-tools-for-stm32.10.3-2021.10.win32_1.0.100.202210260954/tools/bin/../lib/gcc/arm-none-eabi/10.3.1/thumb/v7e-m+fp/hard/crtbegin.o

.ccmram         0x0000000010000000        0x0 load address 0x000000000800f14c
                0x0000000010000000                . = ALIGN (0x4)
                0x0000000010000000                _sccmram = .
 *(.ccmram)
 *(.ccmram*)
                0x0000000010000000                . = ALIGN (0x4)
                0x0000000010000000                _eccmram = .
                0x0000000010000000                . = ALIGN (0x4)

.bss            0x00000000200000a4     0x1d78
                0x00000000200000a4                _sbss = .
                0x00000000200000a4                __bss_start__ = _sbss
 *(.bss)
 .bss           0x00000000200000a4       0x1c c:/st/stm32cubeide_1.11.0/stm32cubeide/plugins/com.st.stm32cube.ide.mcu.externaltools.gnu-tools-for-stm32.10.3-2021.10.win32_1.0.100.202210260954/tools/bin/../lib/gcc/arm-none-eabi/10.3.1/thumb/v7e-m+fp/hard/crtbegin.o
 *(.bss*)
 .bss.i2cx      0x00000000200000c0       0x54 ./Core/Src/cs43l22.o
 .bss.hdac      0x0000000020000114       0x14 ./Core/Src/main.o
                0x0000000020000114                hdac
 .bss.hi2c1     0x0000000020000128       0x54 ./Core/Src/main.o
                0x0000000020000128                hi2c1
 .bss.hi2s3     0x000000002000017c       0x48 ./Core/Src/main.o
                0x000000002000017c                hi2s3
 .bss.hdma_spi3_tx
                0x00000000200001c4       0x60 ./Core/Src/main.o
                0x00000000200001c4                hdma_spi3_tx
 .bss.htim1     0x0000000020000224       0x48 ./Core/Src/main.o
                0x0000000020000224                htim1
 .bss.song_mov  0x000000002000026c        0x1 ./Core/Src/main.o
                0x000000002000026c                song_mov
 *fill*         0x000000002000026d        0x3 
 .bss.__sbrk_heap_end
                0x0000000020000270        0x4 ./Core/Src/sysmem.o
 .bss.i2sptr    0x0000000020000274        0x4 ./Core/Src/wav_player.o
 .bss.wavFile   0x0000000020000278      0x230 ./Core/Src/wav_player.o
 .bss.fileLength
                0x00000000200004a8        0x4 ./Core/Src/wav_player.o
 .bss.audioBuffer
                0x00000000200004ac     0x1000 ./Core/Src/wav_player.o
 .bss.audioRemainSize
                0x00000000200014ac        0x4 ./Core/Src/wav_player.o
 .bss.samplingFreq
                0x00000000200014b0        0x4 ./Core/Src/wav_player.o
 .bss.player_bytes_read
                0x00000000200014b4        0x4 ./Core/Src/wav_player.o
 .bss.is_song_finished
                0x00000000200014b8        0x1 ./Core/Src/wav_player.o
 .bss.playerControlSM
                0x00000000200014b9        0x1 ./Core/Src/wav_player.o
 *fill*         0x00000000200014ba        0x2 
 .bss.uwTick    0x00000000200014bc        0x4 ./Drivers/STM32F4xx_HAL_Driver/Src/stm32f4xx_hal.o
                0x00000000200014bc                uwTick
 .bss.retUSBH   0x00000000200014c0        0x1 ./FATFS/App/fatfs.o
                0x00000000200014c0                retUSBH
 *fill*         0x00000000200014c1        0x3 
 .bss.USBHPath  0x00000000200014c4        0x4 ./FATFS/App/fatfs.o
                0x00000000200014c4                USBHPath
 .bss.USBHFatFS
                0x00000000200014c8      0x230 ./FATFS/App/fatfs.o
                0x00000000200014c8                USBHFatFS
 .bss.FatFs     0x00000000200016f8        0x4 ./Middlewares/Third_Party/FatFs/src/ff.o
 .bss.Fsid      0x00000000200016fc        0x2 ./Middlewares/Third_Party/FatFs/src/ff.o
 *fill*         0x00000000200016fe        0x2 
 .bss.Files     0x0000000020001700       0x20 ./Middlewares/Third_Party/FatFs/src/ff.o
 .bss.disk      0x0000000020001720        0xc ./Middlewares/Third_Party/FatFs/src/ff_gen_drv.o
                0x0000000020001720                disk
 .bss.hUsbHostFS
                0x000000002000172c      0x3d8 ./USB_HOST/App/usb_host.o
                0x000000002000172c                hUsbHostFS
 .bss.Appli_state
                0x0000000020001b04        0x1 ./USB_HOST/App/usb_host.o
                0x0000000020001b04                Appli_state
 *fill*         0x0000000020001b05        0x3 
 .bss.hhcd_USB_OTG_FS
                0x0000000020001b08      0x304 ./USB_HOST/Target/usbh_conf.o
                0x0000000020001b08                hhcd_USB_OTG_FS
 .bss.__malloc_free_list
                0x0000000020001e0c        0x4 c:/st/stm32cubeide_1.11.0/stm32cubeide/plugins/com.st.stm32cube.ide.mcu.externaltools.gnu-tools-for-stm32.10.3-2021.10.win32_1.0.100.202210260954/tools/bin/../lib/gcc/arm-none-eabi/10.3.1/../../../../arm-none-eabi/lib/thumb/v7e-m+fp/hard\libc_nano.a(lib_a-nano-mallocr.o)
                0x0000000020001e0c                __malloc_free_list
 .bss.__malloc_sbrk_start
                0x0000000020001e10        0x4 c:/st/stm32cubeide_1.11.0/stm32cubeide/plugins/com.st.stm32cube.ide.mcu.externaltools.gnu-tools-for-stm32.10.3-2021.10.win32_1.0.100.202210260954/tools/bin/../lib/gcc/arm-none-eabi/10.3.1/../../../../arm-none-eabi/lib/thumb/v7e-m+fp/hard\libc_nano.a(lib_a-nano-mallocr.o)
                0x0000000020001e10                __malloc_sbrk_start
 .bss.errno     0x0000000020001e14        0x4 c:/st/stm32cubeide_1.11.0/stm32cubeide/plugins/com.st.stm32cube.ide.mcu.externaltools.gnu-tools-for-stm32.10.3-2021.10.win32_1.0.100.202210260954/tools/bin/../lib/gcc/arm-none-eabi/10.3.1/../../../../arm-none-eabi/lib/thumb/v7e-m+fp/hard\libc_nano.a(lib_a-reent.o)
                0x0000000020001e14                errno
 .bss.__lock___malloc_recursive_mutex
                0x0000000020001e18        0x1 c:/st/stm32cubeide_1.11.0/stm32cubeide/plugins/com.st.stm32cube.ide.mcu.externaltools.gnu-tools-for-stm32.10.3-2021.10.win32_1.0.100.202210260954/tools/bin/../lib/gcc/arm-none-eabi/10.3.1/../../../../arm-none-eabi/lib/thumb/v7e-m+fp/hard\libc_nano.a(lib_a-lock.o)
                0x0000000020001e18                __lock___malloc_recursive_mutex
 *(COMMON)
                0x0000000020001e1c                . = ALIGN (0x4)
 *fill*         0x0000000020001e19        0x3 
                0x0000000020001e1c                _ebss = .
                0x0000000020001e1c                __bss_end__ = _ebss

._user_heap_stack
                0x0000000020001e1c     0x4004
                0x0000000020001e20                . = ALIGN (0x8)
 *fill*         0x0000000020001e1c        0x4 
                [!provide]                        PROVIDE (end = .)
                0x0000000020001e20                PROVIDE (_end = .)
                0x0000000020003e20                . = (. + _Min_Heap_Size)
 *fill*         0x0000000020001e20     0x2000 
                0x0000000020005e20                . = (. + _Min_Stack_Size)
 *fill*         0x0000000020003e20     0x2000 
                0x0000000020005e20                . = ALIGN (0x8)

/DISCARD/
 libc.a(*)
 libm.a(*)
 libgcc.a(*)

.ARM.attributes
                0x0000000000000000       0x30
 *(.ARM.attributes)
 .ARM.attributes
                0x0000000000000000       0x1e c:/st/stm32cubeide_1.11.0/stm32cubeide/plugins/com.st.stm32cube.ide.mcu.externaltools.gnu-tools-for-stm32.10.3-2021.10.win32_1.0.100.202210260954/tools/bin/../lib/gcc/arm-none-eabi/10.3.1/thumb/v7e-m+fp/hard/crti.o
 .ARM.attributes
                0x000000000000001e       0x34 c:/st/stm32cubeide_1.11.0/stm32cubeide/plugins/com.st.stm32cube.ide.mcu.externaltools.gnu-tools-for-stm32.10.3-2021.10.win32_1.0.100.202210260954/tools/bin/../lib/gcc/arm-none-eabi/10.3.1/thumb/v7e-m+fp/hard/crtbegin.o
 .ARM.attributes
                0x0000000000000052       0x34 ./Core/Src/cs43l22.o
 .ARM.attributes
                0x0000000000000086       0x34 ./Core/Src/lcd.o
 .ARM.attributes
                0x00000000000000ba       0x34 ./Core/Src/main.o
 .ARM.attributes
                0x00000000000000ee       0x34 ./Core/Src/stm32f4xx_hal_msp.o
 .ARM.attributes
                0x0000000000000122       0x34 ./Core/Src/stm32f4xx_it.o
 .ARM.attributes
                0x0000000000000156       0x34 ./Core/Src/sysmem.o
 .ARM.attributes
                0x000000000000018a       0x34 ./Core/Src/system_stm32f4xx.o
 .ARM.attributes
                0x00000000000001be       0x34 ./Core/Src/wav_player.o
 .ARM.attributes
                0x00000000000001f2       0x21 ./Core/Startup/startup_stm32f407vgtx.o
 .ARM.attributes
                0x0000000000000213       0x34 ./Drivers/STM32F4xx_HAL_Driver/Src/stm32f4xx_hal.o
 .ARM.attributes
                0x0000000000000247       0x34 ./Drivers/STM32F4xx_HAL_Driver/Src/stm32f4xx_hal_cortex.o
 .ARM.attributes
                0x000000000000027b       0x34 ./Drivers/STM32F4xx_HAL_Driver/Src/stm32f4xx_hal_dac.o
 .ARM.attributes
                0x00000000000002af       0x34 ./Drivers/STM32F4xx_HAL_Driver/Src/stm32f4xx_hal_dma.o
 .ARM.attributes
                0x00000000000002e3       0x34 ./Drivers/STM32F4xx_HAL_Driver/Src/stm32f4xx_hal_gpio.o
 .ARM.attributes
                0x0000000000000317       0x34 ./Drivers/STM32F4xx_HAL_Driver/Src/stm32f4xx_hal_hcd.o
 .ARM.attributes
                0x000000000000034b       0x34 ./Drivers/STM32F4xx_HAL_Driver/Src/stm32f4xx_hal_i2c.o
 .ARM.attributes