../Core/Src/main.c:107:13:display_song_info	72	static
../Core/Src/main.c:120:13:update_volume_display	40	static
../Core/Src/main.c:134:5:main	96	static
../Core/Src/main.c:276:6:SystemClock_Config	88	static
../Core/Src/main.c:322:13:MX_DAC_Init	16	static
../Core/Src/main.c:362:13:MX_I2C1_Init	8	static
../Core/Src/main.c:397:13:MX_I2S3_Init	8	static
../Core/Src/main.c:431:13:MX_TIM1_Init	32	static
../Core/Src/main.c:476:13:MX_DMA_Init	16	static
../Core/Src/main.c:494:13:MX_GPIO_Init	56	static
../Core/Src/main.c:576:6:HAL_GPIO_EXTI_Callback	24	static
../Core/Src/main.c:624:6:Error_Handler	4	static,ignoring_inline_asm
