../Core/Src/wav_player.c:108:12:get_I2S_freq_index	24	static
../Core/Src/wav_player.c:128:13:audio_clock_config	40	static
../Core/Src/wav_player.c:156:13:audio_adjust_freq	16	static
../Core/Src/wav_player.c:176:13:audio_play	16	static
../Core/Src/wav_player.c:188:13:audio_stop	8	static
../Core/Src/wav_player.c:197:13:audio_pause	8	static
../Core/Src/wav_player.c:206:13:audio_resume	8	static
../Core/Src/wav_player.c:221:6:wavPlayer_reset	4	static
../Core/Src/wav_player.c:233:6:wavPlayer_openFile	64	static
../Core/Src/wav_player.c:254:6:wavPlayer_play	8	static
../Core/Src/wav_player.c:272:6:wavPlayer_proceed	8	static
../Core/Src/wav_player.c:322:6:wavPlayer_stop	8	static
../Core/Src/wav_player.c:332:6:wavPlayer_pause	8	static
../Core/Src/wav_player.c:340:6:wavPlayer_resume	8	static
../Core/Src/wav_player.c:349:6:wavPlayer_setVolume	16	static
../Core/Src/wav_player.c:357:6:is_wavPlayer_finished_Playing	4	static
../Core/Src/wav_player.c:366:6:HAL_I2S_TxCpltCallback	16	static
../Core/Src/wav_player.c:378:6:HAL_I2S_TxHalfCpltCallback	16	static
